Archive member included to satisfy reference by file (symbol)

/Applications/STM32CubeIDE.app/Contents/Eclipse/plugins/com.st.stm32cube.ide.mcu.externaltools.gnu-tools-for-stm32.12.3.rel1.macos64_1.1.0.202410301201/tools/bin/../lib/gcc/arm-none-eabi/12.3.1/../../../../arm-none-eabi/lib/thumb/v6-m/nofp/libc_nano.a(libc_a-exit.o)
                              /Applications/STM32CubeIDE.app/Contents/Eclipse/plugins/com.st.stm32cube.ide.mcu.externaltools.gnu-tools-for-stm32.12.3.rel1.macos64_1.1.0.202410301201/tools/bin/../lib/gcc/arm-none-eabi/12.3.1/../../../../arm-none-eabi/lib/thumb/v6-m/nofp/crt0.o (exit)
/Applications/STM32CubeIDE.app/Contents/Eclipse/plugins/com.st.stm32cube.ide.mcu.externaltools.gnu-tools-for-stm32.12.3.rel1.macos64_1.1.0.202410301201/tools/bin/../lib/gcc/arm-none-eabi/12.3.1/../../../../arm-none-eabi/lib/thumb/v6-m/nofp/libc_nano.a(libc_a-findfp.o)
                              ./Middlewares/Third_Party/FreeRTOS/Source/tasks.o (__sf)
/Applications/STM32CubeIDE.app/Contents/Eclipse/plugins/com.st.stm32cube.ide.mcu.externaltools.gnu-tools-for-stm32.12.3.rel1.macos64_1.1.0.202410301201/tools/bin/../lib/gcc/arm-none-eabi/12.3.1/../../../../arm-none-eabi/lib/thumb/v6-m/nofp/libc_nano.a(libc_a-fwalk.o)
                              /Applications/STM32CubeIDE.app/Contents/Eclipse/plugins/com.st.stm32cube.ide.mcu.externaltools.gnu-tools-for-stm32.12.3.rel1.macos64_1.1.0.202410301201/tools/bin/../lib/gcc/arm-none-eabi/12.3.1/../../../../arm-none-eabi/lib/thumb/v6-m/nofp/libc_nano.a(libc_a-findfp.o) (_fwalk_sglue)
/Applications/STM32CubeIDE.app/Contents/Eclipse/plugins/com.st.stm32cube.ide.mcu.externaltools.gnu-tools-for-stm32.12.3.rel1.macos64_1.1.0.202410301201/tools/bin/../lib/gcc/arm-none-eabi/12.3.1/../../../../arm-none-eabi/lib/thumb/v6-m/nofp/libc_nano.a(libc_a-memset.o)
                              /Applications/STM32CubeIDE.app/Contents/Eclipse/plugins/com.st.stm32cube.ide.mcu.externaltools.gnu-tools-for-stm32.12.3.rel1.macos64_1.1.0.202410301201/tools/bin/../lib/gcc/arm-none-eabi/12.3.1/../../../../arm-none-eabi/lib/thumb/v6-m/nofp/crt0.o (memset)
/Applications/STM32CubeIDE.app/Contents/Eclipse/plugins/com.st.stm32cube.ide.mcu.externaltools.gnu-tools-for-stm32.12.3.rel1.macos64_1.1.0.202410301201/tools/bin/../lib/gcc/arm-none-eabi/12.3.1/../../../../arm-none-eabi/lib/thumb/v6-m/nofp/libc_nano.a(libc_a-reent.o)
                              ./Middlewares/Third_Party/FreeRTOS/Source/tasks.o (_reclaim_reent)
/Applications/STM32CubeIDE.app/Contents/Eclipse/plugins/com.st.stm32cube.ide.mcu.externaltools.gnu-tools-for-stm32.12.3.rel1.macos64_1.1.0.202410301201/tools/bin/../lib/gcc/arm-none-eabi/12.3.1/../../../../arm-none-eabi/lib/thumb/v6-m/nofp/libc_nano.a(libc_a-impure.o)
                              ./Middlewares/Third_Party/FreeRTOS/Source/tasks.o (_impure_ptr)
/Applications/STM32CubeIDE.app/Contents/Eclipse/plugins/com.st.stm32cube.ide.mcu.externaltools.gnu-tools-for-stm32.12.3.rel1.macos64_1.1.0.202410301201/tools/bin/../lib/gcc/arm-none-eabi/12.3.1/../../../../arm-none-eabi/lib/thumb/v6-m/nofp/libc_nano.a(libc_a-errno.o)
                              ./Core/Src/syscalls.o (__errno)
/Applications/STM32CubeIDE.app/Contents/Eclipse/plugins/com.st.stm32cube.ide.mcu.externaltools.gnu-tools-for-stm32.12.3.rel1.macos64_1.1.0.202410301201/tools/bin/../lib/gcc/arm-none-eabi/12.3.1/../../../../arm-none-eabi/lib/thumb/v6-m/nofp/libc_nano.a(libc_a-init.o)
                              /Applications/STM32CubeIDE.app/Contents/Eclipse/plugins/com.st.stm32cube.ide.mcu.externaltools.gnu-tools-for-stm32.12.3.rel1.macos64_1.1.0.202410301201/tools/bin/../lib/gcc/arm-none-eabi/12.3.1/../../../../arm-none-eabi/lib/thumb/v6-m/nofp/crt0.o (__libc_init_array)
/Applications/STM32CubeIDE.app/Contents/Eclipse/plugins/com.st.stm32cube.ide.mcu.externaltools.gnu-tools-for-stm32.12.3.rel1.macos64_1.1.0.202410301201/tools/bin/../lib/gcc/arm-none-eabi/12.3.1/../../../../arm-none-eabi/lib/thumb/v6-m/nofp/libc_nano.a(libc_a-lock.o)
                              /Applications/STM32CubeIDE.app/Contents/Eclipse/plugins/com.st.stm32cube.ide.mcu.externaltools.gnu-tools-for-stm32.12.3.rel1.macos64_1.1.0.202410301201/tools/bin/../lib/gcc/arm-none-eabi/12.3.1/../../../../arm-none-eabi/lib/thumb/v6-m/nofp/libc_nano.a(libc_a-findfp.o) (__retarget_lock_init_recursive)
/Applications/STM32CubeIDE.app/Contents/Eclipse/plugins/com.st.stm32cube.ide.mcu.externaltools.gnu-tools-for-stm32.12.3.rel1.macos64_1.1.0.202410301201/tools/bin/../lib/gcc/arm-none-eabi/12.3.1/../../../../arm-none-eabi/lib/thumb/v6-m/nofp/libc_nano.a(libc_a-memcpy-stub.o)
                              ./Middlewares/Third_Party/FreeRTOS/Source/CMSIS_RTOS_V2/cmsis_os2.o (memcpy)
/Applications/STM32CubeIDE.app/Contents/Eclipse/plugins/com.st.stm32cube.ide.mcu.externaltools.gnu-tools-for-stm32.12.3.rel1.macos64_1.1.0.202410301201/tools/bin/../lib/gcc/arm-none-eabi/12.3.1/../../../../arm-none-eabi/lib/thumb/v6-m/nofp/libc_nano.a(libc_a-freer.o)
[...]
Memory Configuration

Name             Origin             Length             Attributes
RAM              0x20000000         0x00009000         xrw
FLASH            0x08000000         0x00020000         xr
*default*        0x00000000         0xffffffff

Linker script and memory map

LOAD /Applications/STM32CubeIDE.app/Contents/Eclipse/plugins/com.st.stm32cube.ide.mcu.externaltools.gnu-tools-for-stm32.12.3.rel1.macos64_1.1.0.202410301201/tools/bin/../lib/gcc/arm-none-eabi/12.3.1/thumb/v6-m/nofp/crti.o
LOAD /Applications/STM32CubeIDE.app/Contents/Eclipse/plugins/com.st.stm32cube.ide.mcu.externaltools.gnu-tools-for-stm32.12.3.rel1.macos64_1.1.0.202410301201/tools/bin/../lib/gcc/arm-none-eabi/12.3.1/thumb/v6-m/nofp/crtbegin.o
LOAD /Applications/STM32CubeIDE.app/Contents/Eclipse/plugins/com.st.stm32cube.ide.mcu.externaltools.gnu-tools-for-stm32.12.3.rel1.macos64_1.1.0.202410301201/tools/bin/../lib/gcc/arm-none-eabi/12.3.1/../../../../arm-none-eabi/lib/thumb/v6-m/nofp/crt0.o
LOAD ./Core/Src/adc.o
LOAD ./Core/Src/app_freertos.o
LOAD ./Core/Src/gpio.o
LOAD ./Core/Src/i2c.o
LOAD ./Core/Src/main.o
LOAD ./Core/Src/spi.o
LOAD ./Core/Src/stm32g0xx_hal_msp.o
LOAD ./Core/Src/stm32g0xx_hal_timebase_tim.o
LOAD ./Core/Src/stm32g0xx_it.o
LOAD ./Core/Src/syscalls.o
LOAD ./Core/Src/sysmem.o
LOAD ./Core/Src/system_stm32g0xx.o
LOAD ./Core/Src/tim.o
LOAD ./Core/Src/usart.o
LOAD ./Core/Startup/startup_stm32g070rbtx.o
LOAD ./Drivers/STM32G0xx_HAL_Driver/Src/stm32g0xx_hal.o
LOAD ./Drivers/STM32G0xx_HAL_Driver/Src/stm32g0xx_hal_adc.o
LOAD ./Drivers/STM32G0xx_HAL_Driver/Src/stm32g0xx_hal_adc_ex.o
LOAD ./Drivers/STM32G0xx_HAL_Driver/Src/stm32g0xx_hal_cortex.o
LOAD ./Drivers/STM32G0xx_HAL_Driver/Src/stm32g0xx_hal_dma.o
LOAD ./Drivers/STM32G0xx_HAL_Driver/Src/stm32g0xx_hal_dma_ex.o
LOAD ./Drivers/STM32G0xx_HAL_Driver/Src/stm32g0xx_hal_exti.o
LOAD ./Drivers/STM32G0xx_HAL_Driver/Src/stm32g0xx_hal_flash.o
LOAD ./Drivers/STM32G0xx_HAL_Driver/Src/stm32g0xx_hal_flash_ex.o
LOAD ./Drivers/STM32G0xx_HAL_Driver/Src/stm32g0xx_hal_gpio.o
LOAD ./Drivers/STM32G0xx_HAL_Driver/Src/stm32g0xx_hal_i2c.o
LOAD ./Drivers/STM32G0xx_HAL_Driver/Src/stm32g0xx_hal_i2c_ex.o
LOAD ./Drivers/STM32G0xx_HAL_Driver/Src/stm32g0xx_hal_pwr.o
LOAD ./Drivers/STM32G0xx_HAL_Driver/Src/stm32g0xx_hal_pwr_ex.o
LOAD ./Drivers/STM32G0xx_HAL_Driver/Src/stm32g0xx_hal_rcc.o
LOAD ./Drivers/STM32G0xx_HAL_Driver/Src/stm32g0xx_hal_rcc_ex.o
LOAD ./Drivers/STM32G0xx_HAL_Driver/Src/stm32g0xx_hal_spi.o
LOAD ./Drivers/STM32G0xx_HAL_Driver/Src/stm32g0xx_hal_spi_ex.o
LOAD ./Drivers/STM32G0xx_HAL_Driver/Src/stm32g0xx_hal_tim.o
LOAD ./Drivers/STM32G0xx_HAL_Driver/Src/stm32g0xx_hal_tim_ex.o
LOAD ./Drivers/STM32G0xx_HAL_Driver/Src/stm32g0xx_hal_uart.o
LOAD ./Drivers/STM32G0xx_HAL_Driver/Src/stm32g0xx_hal_uart_ex.o
LOAD ./Drivers/STM32G0xx_HAL_Driver/Src/stm32g0xx_ll_adc.o
LOAD ./Drivers/STM32G0xx_HAL_Driver/Src/stm32g0xx_ll_rcc.o
LOAD ./FATFS/App/app_fatfs.o
LOAD ./FATFS/Target/user_diskio.o
LOAD ./FATFS/Target/user_diskio_spi.o
LOAD ./Middlewares/Third_Party/FatFs/src/diskio.o
LOAD ./Middlewares/Third_Party/FatFs/src/ff.o
LOAD ./Middlewares/Third_Party/FatFs/src/ff_gen_drv.o
LOAD ./Middlewares/Third_Party/FatFs/src/option/syscall.o
LOAD ./Middlewares/Third_Party/FreeRTOS/Source/CMSIS_RTOS_V2/cmsis_os2.o
LOAD ./Middlewares/Third_Party/FreeRTOS/Source/croutine.o
LOAD ./Middlewares/Third_Party/FreeRTOS/Source/event_groups.o
LOAD ./Middlewares/Third_Party/FreeRTOS/Source/list.o
LOAD ./Middlewares/Third_Party/FreeRTOS/Source/queue.o
LOAD ./Middlewares/Third_Party/FreeRTOS/Source/stream_buffer.o
LOAD ./Middlewares/Third_Party/FreeRTOS/Source/tasks.o
LOAD ./Middlewares/Third_Party/FreeRTOS/Source/timers.o
LOAD ./Middlewares/Third_Party/FreeRTOS/Source/portable/GCC/ARM_CM0/port.o
LOAD ./Middlewares/Third_Party/FreeRTOS/Source/portable/MemMang/heap_4.o
START GROUP
LOAD /Applications/STM32CubeIDE.app/Contents/Eclipse/plugins/com.st.stm32cube.ide.mcu.externaltools.gnu-tools-for-stm32.12.3.rel1.macos64_1.1.0.202410301201/tools/bin/../lib/gcc/arm-none-eabi/12.3.1/../../../../arm-none-eabi/lib/thumb/v6-m/nofp/libc_nano.a
LOAD /Applications/STM32CubeIDE.app/Contents/Eclipse/plugins/com.st.stm32cube.ide.mcu.externaltools.gnu-tools-for-stm32.12.3.rel1.macos64_1.1.0.202410301201/tools/bin/../lib/gcc/arm-none-eabi/12.3.1/../../../../arm-none-eabi/lib/thumb/v6-m/nofp/libm.a
END GROUP
START GROUP
LOAD /Applications/STM32CubeIDE.app/Contents/Eclipse/plugins/com.st.stm32cube.ide.mcu.externaltools.gnu-tools-for-stm32.12.3.rel1.macos64_1.1.0.202410301201/tools/bin/../lib/gcc/arm-none-eabi/12.3.1/thumb/v6-m/nofp/libgcc.a
LOAD /Applications/STM32CubeIDE.app/Contents/Eclipse/plugins/com.st.stm32cube.ide.mcu.externaltools.gnu-tools-for-stm32.12.3.rel1.macos64_1.1.0.202410301201/tools/bin/../lib/gcc/arm-none-eabi/12.3.1/../../../../arm-none-eabi/lib/thumb/v6-m/nofp/libc_nano.a
END GROUP
START GROUP
LOAD /Applications/STM32CubeIDE.app/Contents/Eclipse/plugins/com.st.stm32cube.ide.mcu.externaltools.gnu-tools-for-stm32.12.3.rel1.macos64_1.1.0.202410301201/tools/bin/../lib/gcc/arm-none-eabi/12.3.1/thumb/v6-m/nofp/libgcc.a
LOAD /Applications/STM32CubeIDE.app/Contents/Eclipse/plugins/com.st.stm32cube.ide.mcu.externaltools.gnu-tools-for-stm32.12.3.rel1.macos64_1.1.0.202410301201/tools/bin/../lib/gcc/arm-none-eabi/12.3.1/../../../../arm-none-eabi/lib/thumb/v6-m/nofp/libc_nano.a
LOAD /Applications/STM32CubeIDE.app/Contents/Eclipse/plugins/com.st.stm32cube.ide.mcu.externaltools.gnu-tools-for-stm32.12.3.rel1.macos64_1.1.0.202410301201/tools/bin/../lib/gcc/arm-none-eabi/12.3.1/../../../../arm-none-eabi/lib/thumb/v6-m/nofp/libnosys.a
END GROUP
START GROUP
LOAD /Applications/STM32CubeIDE.app/Contents/Eclipse/plugins/com.st.stm32cube.ide.mcu.externaltools.gnu-tools-for-stm32.12.3.rel1.macos64_1.1.0.202410301201/tools/bin/../lib/gcc/arm-none-eabi/12.3.1/thumb/v6-m/nofp/libgcc.a
LOAD /Applications/STM32CubeIDE.app/Contents/Eclipse/plugins/com.st.stm32cube.ide.mcu.externaltools.gnu-tools-for-stm32.12.3.rel1.macos64_1.1.0.202410301201/tools/bin/../lib/gcc/arm-none-eabi/12.3.1/../../../../arm-none-eabi/lib/thumb/v6-m/nofp/libc_nano.a
LOAD /Applications/STM32CubeIDE.app/Contents/Eclipse/plugins/com.st.stm32cube.ide.mcu.externaltools.gnu-tools-for-stm32.12.3.rel1.macos64_1.1.0.202410301201/tools/bin/../lib/gcc/arm-none-eabi/12.3.1/../../../../arm-none-eabi/lib/thumb/v6-m/nofp/libnosys.a
END GROUP
LOAD /Applications/STM32CubeIDE.app/Contents/Eclipse/plugins/com.st.stm32cube.ide.mcu.externaltools.gnu-tools-for-stm32.12.3.rel1.macos64_1.1.0.202410301201/tools/bin/../lib/gcc/arm-none-eabi/12.3.1/thumb/v6-m/nofp/crtend.o
LOAD /Applications/STM32CubeIDE.app/Contents/Eclipse/plugins/com.st.stm32cube.ide.mcu.externaltools.gnu-tools-for-stm32.12.3.rel1.macos64_1.1.0.202410301201/tools/bin/../lib/gcc/arm-none-eabi/12.3.1/thumb/v6-m/nofp/crtn.o
                0x20009000                        _estack = (ORIGIN (RAM) + LENGTH (RAM))
                0x00000200                        _Min_Heap_Size = 0x200
                0x00000400                        _Min_Stack_Size = 0x400

.isr_vector     0x08000000       0xb8
                0x08000000                        . = ALIGN (0x4)
 *(.isr_vector)
 .isr_vector    0x08000000       0xb8 ./Core/Startup/startup_stm32g070rbtx.o
                0x08000000                g_pfnVectors
                0x080000b8                        . = ALIGN (0x4)

.text           0x080000c0     0xafcc
                0x080000c0                        . = ALIGN (0x4)
 *(.text)
 .text          0x080000c0       0x48 /Applications/STM32CubeIDE.app/Contents/Eclipse/plugins/com.st.stm32cube.ide.mcu.externaltools.gnu-tools-for-stm32.12.3.rel1.macos64_1.1.0.202410301201/tools/bin/../lib/gcc/arm-none-eabi/12.3.1/thumb/v6-m/nofp/crtbegin.o
 .text          0x08000108      0x114 /Applications/STM32CubeIDE.app/Contents/Eclipse/plugins/com.st.stm32cube.ide.mcu.externaltools.gnu-tools-for-stm32.12.3.rel1.macos64_1.1.0.202410301201/tools/bin/../lib/gcc/arm-none-eabi/12.3.1/thumb/v6-m/nofp/libgcc.a(_udivsi3.o)
                0x08000108                __udivsi3
                0x08000108                __aeabi_uidiv
                0x08000214                __aeabi_uidivmod
 .text          0x0800021c      0x1d4 /Applications/STM32CubeIDE.app/Contents/Eclipse/plugins/com.st.stm32cube.ide.mcu.externaltools.gnu-tools-for-stm32.12.3.rel1.macos64_1.1.0.202410301201/tools/bin/../lib/gcc/arm-none-eabi/12.3.1/thumb/v6-m/nofp/libgcc.a(_divsi3.o)
                0x0800021c                __aeabi_idiv
                0x0800021c                __divsi3
                0x080003e8                __aeabi_idivmod
 .text          0x080003f0        0x4 /Applications/STM32CubeIDE.app/Contents/Eclipse/plugins/com.st.stm32cube.ide.mcu.externaltools.gnu-tools-for-stm32.12.3.rel1.macos64_1.1.0.202410301201/tools/bin/../lib/gcc/arm-none-eabi/12.3.1/thumb/v6-m/nofp/libgcc.a(_dvmd_tls.o)
                0x080003f0                __aeabi_ldiv0
                0x080003f0                __aeabi_idiv0
 *(.text*)
 .text.MX_ADC1_Init
                0x080003f4       0xd4 ./Core/Src/adc.o
                0x080003f4                MX_ADC1_Init
 .text.HAL_ADC_MspInit
                0x080004c8       0x88 ./Core/Src/adc.o
                0x080004c8                HAL_ADC_MspInit
 .text.MX_FREERTOS_Init
                0x08000550       0x28 ./Core/Src/app_freertos.o
                0x08000550                MX_FREERTOS_Init
 .text.StartDriveLED
                0x08000578      0x10c ./Core/Src/app_freertos.o
                0x08000578                StartDriveLED
 .text.MX_GPIO_Init
                0x08000684      0x200 ./Core/Src/gpio.o
                0x08000684                MX_GPIO_Init
 .text.MX_I2C1_Init
                0x08000884       0x80 ./Core/Src/i2c.o
                0x08000884                MX_I2C1_Init
 .text.HAL_I2C_MspInit
                0x08000904       0xd4 ./Core/Src/i2c.o
                0x08000904                HAL_I2C_MspInit
 .text.main     0x080009d8      0x37c ./Core/Src/main.o
                0x080009d8                main
 .text.SystemClock_Config
                0x08000d54       0x84 ./Core/Src/main.o
                0x08000d54                SystemClock_Config
 .text.HAL_I2C_ErrorCallback
                0x08000dd8       0x24 ./Core/Src/main.o
                0x08000dd8                HAL_I2C_ErrorCallback
 .text.HAL_TIM_PeriodElapsedCallback
                0x08000dfc       0x4c ./Core/Src/main.o
                0x08000dfc                HAL_TIM_PeriodElapsedCallback
 .text.Error_Handler
                0x08000e48        0xc ./Core/Src/main.o
                0x08000e48                Error_Handler
 .text.MX_SPI2_Init
                0x08000e54       0x7c ./Core/Src/spi.o
                0x08000e54                MX_SPI2_Init
 .text.HAL_SPI_MspInit
                0x08000ed0       0xf0 ./Core/Src/spi.o
                0x08000ed0                HAL_SPI_MspInit
 .text.HAL_MspInit
                0x08000fc0       0x54 ./Core/Src/stm32g0xx_hal_msp.o
                0x08000fc0                HAL_MspInit
 .text.HAL_InitTick
                0x08001014      0x108 ./Core/Src/stm32g0xx_hal_timebase_tim.o
                0x08001014                HAL_InitTick
 .text.NMI_Handler
                0x0800111c        0x8 ./Core/Src/stm32g0xx_it.o
                0x0800111c                NMI_Handler
 .text.HardFault_Handler
                0x08001124        0x8 ./Core/Src/stm32g0xx_it.o
                0x08001124                HardFault_Handler
 .text.TIM3_IRQHandler
                0x0800112c       0x18 ./Core/Src/stm32g0xx_it.o
                0x0800112c                TIM3_IRQHandler
 .text.TIM6_IRQHandler
                0x08001144       0x18 ./Core/Src/stm32g0xx_it.o
                0x08001144                TIM6_IRQHandler
 .text.I2C1_IRQHandler
                0x0800115c       0x30 ./Core/Src/stm32g0xx_it.o
                0x0800115c                I2C1_IRQHandler
 .text.SPI2_IRQHandler
                0x0800118c       0x18 ./Core/Src/stm32g0xx_it.o
                0x0800118c                SPI2_IRQHandler
 .text.SystemInit
                0x080011a4        0xa ./Core/Src/system_stm32g0xx.o
                0x080011a4                SystemInit
 *fill*         0x080011ae        0x2 
 .text.MX_TIM3_Init
                0x080011b0       0xac ./Core/Src/tim.o
                0x080011b0                MX_TIM3_Init
 .text.MX_TIM14_Init
                0x0800125c       0xa0 ./Core/Src/tim.o
                0x0800125c                MX_TIM14_Init
 .text.HAL_TIM_Base_MspInit
                0x080012fc       0x78 ./Core/Src/tim.o
                0x080012fc                HAL_TIM_Base_MspInit
 .text.HAL_TIM_MspPostInit
                0x08001374       0x7c ./Core/Src/tim.o
                0x08001374                HAL_TIM_MspPostInit
 .text.MX_USART1_UART_Init
                0x080013f0       0x9c ./Core/Src/usart.o
                0x080013f0                MX_USART1_UART_Init
 .text.HAL_UART_MspInit
                0x0800148c       0xc4 ./Core/Src/usart.o
                0x0800148c                HAL_UART_MspInit
 .text.Reset_Handler
                0x08001550       0x50 ./Core/Startup/startup_stm32g070rbtx.o
                0x08001550                Reset_Handler
 .text.Default_Handler
                0x080015a0        0x2 ./Core/Startup/startup_stm32g070rbtx.o
                0x080015a0                TIM1_BRK_UP_TRG_COM_IRQHandler
                0x080015a0                RTC_TAMP_IRQHandler
                0x080015a0                SPI1_IRQHandler
                0x080015a0                USART3_4_IRQHandler
                0x080015a0                EXTI2_3_IRQHandler
                0x080015a0                ADC1_IRQHandler
                0x080015a0                I2C2_IRQHandler
                0x080015a0                TIM17_IRQHandler
                0x080015a0                TIM16_IRQHandler
                0x080015a0                EXTI4_15_IRQHandler
                0x080015a0                RCC_IRQHandler
                0x080015a0                DMA1_Channel1_IRQHandler
                0x080015a0                Default_Handler
                0x080015a0                TIM14_IRQHandler
                0x080015a0                TIM7_IRQHandler
                0x080015a0                TIM15_IRQHandler
                0x080015a0                EXTI0_1_IRQHandler
                0x080015a0                WWDG_IRQHandler
                0x080015a0                DMA1_Ch4_7_DMAMUX1_OVR_IRQHandler
                0x080015a0                DMA1_Channel2_3_IRQHandler
                0x080015a0                USART2_IRQHandler
                0x080015a0                FLASH_IRQHandler
                0x080015a0                USART1_IRQHandler
                0x080015a0                TIM1_CC_IRQHandler
 *fill*         0x080015a2        0x2 
 .text.HAL_Init
                0x080015a4       0x40 ./Drivers/STM32G0xx_HAL_Driver/Src/stm32g0xx_hal.o
                0x080015a4                HAL_Init
 .text.HAL_IncTick
                0x080015e4       0x24 ./Drivers/STM32G0xx_HAL_Driver/Src/stm32g0xx_hal.o
                0x080015e4                HAL_IncTick
 .text.HAL_GetTick
                0x08001608       0x14 ./Drivers/STM32G0xx_HAL_Driver/Src/stm32g0xx_hal.o
                0x08001608                HAL_GetTick
 .text.HAL_Delay
                0x0800161c       0x48 ./Drivers/STM32G0xx_HAL_Driver/Src/stm32g0xx_hal.o
                0x0800161c                HAL_Delay
 .text.LL_ADC_SetCommonPathInternalCh
                0x08001664       0x28 ./Drivers/STM32G0xx_HAL_Driver/Src/stm32g0xx_hal_adc.o
 .text.LL_ADC_GetCommonPathInternalCh
                0x0800168c       0x1a ./Drivers/STM32G0xx_HAL_Driver/Src/stm32g0xx_hal_adc.o
 .text.LL_ADC_SetSamplingTimeCommonChannels
                0x080016a6       0x3a ./Drivers/STM32G0xx_HAL_Driver/Src/stm32g0xx_hal_adc.o
 .text.LL_ADC_GetSamplingTimeCommonChannels
                0x080016e0       0x2e ./Drivers/STM32G0xx_HAL_Driver/Src/stm32g0xx_hal_adc.o
 .text.LL_ADC_REG_SetSequencerRanks
                0x0800170e       0x40 ./Drivers/STM32G0xx_HAL_Driver/Src/stm32g0xx_hal_adc.o
 .text.LL_ADC_REG_SetSequencerChAdd
                0x0800174e       0x22 ./Drivers/STM32G0xx_HAL_Driver/Src/stm32g0xx_hal_adc.o
 .text.LL_ADC_REG_SetSequencerChRem
                0x08001770       0x24 ./Drivers/STM32G0xx_HAL_Driver/Src/stm32g0xx_hal_adc.o
 .text.LL_ADC_SetChannelSamplingTime
                0x08001794       0x38 ./Drivers/STM32G0xx_HAL_Driver/Src/stm32g0xx_hal_adc.o
 .text.LL_ADC_EnableInternalRegulator
                0x080017cc       0x28 ./Drivers/STM32G0xx_HAL_Driver/Src/stm32g0xx_hal_adc.o
 .text.LL_ADC_IsInternalRegulatorEnabled
                0x080017f4       0x28 ./Drivers/STM32G0xx_HAL_Driver/Src/stm32g0xx_hal_adc.o
 .text.LL_ADC_IsEnabled
                0x0800181c       0x22 ./Drivers/STM32G0xx_HAL_Driver/Src/stm32g0xx_hal_adc.o
 .text.LL_ADC_REG_IsConversionOngoing
                0x0800183e       0x22 ./Drivers/STM32G0xx_HAL_Driver/Src/stm32g0xx_hal_adc.o
 .text.HAL_ADC_Init
                0x08001860      0x350 ./Drivers/STM32G0xx_HAL_Driver/Src/stm32g0xx_hal_adc.o
                0x08001860                HAL_ADC_Init
 .text.HAL_ADC_ConfigChannel
                0x08001bb0      0x3b0 ./Drivers/STM32G0xx_HAL_Driver/Src/stm32g0xx_hal_adc.o
                0x08001bb0                HAL_ADC_ConfigChannel
 .text.__NVIC_EnableIRQ
                0x08001f60       0x34 ./Drivers/STM32G0xx_HAL_Driver/Src/stm32g0xx_hal_cortex.o
 .text.__NVIC_SetPriority
                0x08001f94       0xdc ./Drivers/STM32G0xx_HAL_Driver/Src/stm32g0xx_hal_cortex.o
 .text.HAL_NVIC_SetPriority
                0x08002070       0x2a ./Drivers/STM32G0xx_HAL_Driver/Src/stm32g0xx_hal_cortex.o
                0x08002070                HAL_NVIC_SetPriority
 .text.HAL_NVIC_EnableIRQ
                0x0800209a       0x20 ./Drivers/STM32G0xx_HAL_Driver/Src/stm32g0xx_hal_cortex.o
                0x0800209a                HAL_NVIC_EnableIRQ
 *fill*         0x080020ba        0x2 
 .text.HAL_DMA_Abort_IT
                0x080020bc       0xd4 ./Drivers/STM32G0xx_HAL_Driver/Src/stm32g0xx_hal_dma.o
                0x080020bc                HAL_DMA_Abort_IT
 .text.HAL_DMA_GetState
                0x08002190       0x18 ./Drivers/STM32G0xx_HAL_Driver/Src/stm32g0xx_hal_dma.o
                0x08002190                HAL_DMA_GetState
 .text.HAL_GPIO_Init
                0x080021a8      0x2c8 ./Drivers/STM32G0xx_HAL_Driver/Src/stm32g0xx_hal_gpio.o
                0x080021a8                HAL_GPIO_Init
 .text.HAL_GPIO_WritePin
                0x08002470       0x3a ./Drivers/STM32G0xx_HAL_Driver/Src/stm32g0xx_hal_gpio.o
                0x08002470                HAL_GPIO_WritePin
 *fill*         0x080024aa        0x2 
 .text.HAL_I2C_Init
                0x080024ac      0x14c ./Drivers/STM32G0xx_HAL_Driver/Src/stm32g0xx_hal_i2c.o
                0x080024ac                HAL_I2C_Init
 .text.HAL_I2C_EV_IRQHandler
                0x080025f8       0x34 ./Drivers/STM32G0xx_HAL_Driver/Src/stm32g0xx_hal_i2c.o
                0x080025f8                HAL_I2C_EV_IRQHandler
 .text.HAL_I2C_ER_IRQHandler
                0x0800262c       0xb2 ./Drivers/STM32G0xx_HAL_Driver/Src/stm32g0xx_hal_i2c.o
                0x0800262c                HAL_I2C_ER_IRQHandler
 .text.HAL_I2C_SlaveTxCpltCallback
                0x080026de       0x10 ./Drivers/STM32G0xx_HAL_Driver/Src/stm32g0xx_hal_i2c.o
                0x080026de                HAL_I2C_SlaveTxCpltCallback
 .text.HAL_I2C_SlaveRxCpltCallback
                0x080026ee       0x10 ./Drivers/STM32G0xx_HAL_Driver/Src/stm32g0xx_hal_i2c.o
                0x080026ee                HAL_I2C_SlaveRxCpltCallback
 .text.HAL_I2C_AddrCallback
                0x080026fe       0x20 ./Drivers/STM32G0xx_HAL_Driver/Src/stm32g0xx_hal_i2c.o
                0x080026fe                HAL_I2C_AddrCallback
 .text.HAL_I2C_ListenCpltCallback
                0x0800271e       0x10 ./Drivers/STM32G0xx_HAL_Driver/Src/stm32g0xx_hal_i2c.o
                0x0800271e                HAL_I2C_ListenCpltCallback
 .text.HAL_I2C_AbortCpltCallback
                0x0800272e       0x10 ./Drivers/STM32G0xx_HAL_Driver/Src/stm32g0xx_hal_i2c.o
                0x0800272e                HAL_I2C_AbortCpltCallback
 *fill*         0x0800273e        0x2 
 .text.I2C_Slave_ISR_IT
                0x08002740      0x200 ./Drivers/STM32G0xx_HAL_Driver/Src/stm32g0xx_hal_i2c.o
 .text.I2C_ITAddrCplt
                0x08002940      0x148 ./Drivers/STM32G0xx_HAL_Driver/Src/stm32g0xx_hal_i2c.o
 .text.I2C_ITSlaveSeqCplt
                0x08002a88       0xc8 ./Drivers/STM32G0xx_HAL_Driver/Src/stm32g0xx_hal_i2c.o
 .text.I2C_ITSlaveCplt
                0x08002b50      0x310 ./Drivers/STM32G0xx_HAL_Driver/Src/stm32g0xx_hal_i2c.o
 .text.I2C_ITListenCplt
                0x08002e60       0xb0 ./Drivers/STM32G0xx_HAL_Driver/Src/stm32g0xx_hal_i2c.o
 .text.I2C_ITError
                0x08002f10      0x204 ./Drivers/STM32G0xx_HAL_Driver/Src/stm32g0xx_hal_i2c.o
 .text.I2C_TreatErrorCallback
                0x08003114       0x52 ./Drivers/STM32G0xx_HAL_Driver/Src/stm32g0xx_hal_i2c.o
 .text.I2C_Flush_TXDR
                0x08003166       0x44 ./Drivers/STM32G0xx_HAL_Driver/Src/stm32g0xx_hal_i2c.o
 .text.I2C_DMAAbort
                0x080031aa       0x3e ./Drivers/STM32G0xx_HAL_Driver/Src/stm32g0xx_hal_i2c.o
 .text.I2C_Disable_IRQ
                0x080031e8       0xc6 ./Drivers/STM32G0xx_HAL_Driver/Src/stm32g0xx_hal_i2c.o
 *fill*         0x080032ae        0x2 
 .text.HAL_I2CEx_ConfigAnalogFilter
                0x080032b0       0x98 ./Drivers/STM32G0xx_HAL_Driver/Src/stm32g0xx_hal_i2c_ex.o
                0x080032b0                HAL_I2CEx_ConfigAnalogFilter
 .text.HAL_I2CEx_ConfigDigitalFilter
                0x08003348       0x98 ./Drivers/STM32G0xx_HAL_Driver/Src/stm32g0xx_hal_i2c_ex.o
                0x08003348                HAL_I2CEx_ConfigDigitalFilter
 .text.HAL_PWREx_ControlVoltageScaling
                0x080033e0       0x80 ./Drivers/STM32G0xx_HAL_Driver/Src/stm32g0xx_hal_pwr_ex.o
                0x080033e0                HAL_PWREx_ControlVoltageScaling
 .text.LL_RCC_GetAPB1Prescaler
                0x08003460       0x18 ./Drivers/STM32G0xx_HAL_Driver/Src/stm32g0xx_hal_rcc.o
 .text.HAL_RCC_OscConfig
                0x08003478      0x620 ./Drivers/STM32G0xx_HAL_Driver/Src/stm32g0xx_hal_rcc.o
                0x08003478                HAL_RCC_OscConfig
 .text.HAL_RCC_ClockConfig
                0x08003a98      0x210 ./Drivers/STM32G0xx_HAL_Driver/Src/stm32g0xx_hal_rcc.o
                0x08003a98                HAL_RCC_ClockConfig
 .text.HAL_RCC_GetSysClockFreq
                0x08003ca8      0x104 ./Drivers/STM32G0xx_HAL_Driver/Src/stm32g0xx_hal_rcc.o
                0x08003ca8                HAL_RCC_GetSysClockFreq
 .text.HAL_RCC_GetHCLKFreq
                0x08003dac       0x14 ./Drivers/STM32G0xx_HAL_Driver/Src/stm32g0xx_hal_rcc.o
                0x08003dac                HAL_RCC_GetHCLKFreq
 .text.HAL_RCC_GetPCLK1Freq
                0x08003dc0       0x2c ./Drivers/STM32G0xx_HAL_Driver/Src/stm32g0xx_hal_rcc.o
                0x08003dc0                HAL_RCC_GetPCLK1Freq
 .text.HAL_RCC_GetClockConfig
                0x08003dec       0x54 ./Drivers/STM32G0xx_HAL_Driver/Src/stm32g0xx_hal_rcc.o
                0x08003dec                HAL_RCC_GetClockConfig
 .text.HAL_RCCEx_PeriphCLKConfig
                0x08003e40      0x268 ./Drivers/STM32G0xx_HAL_Driver/Src/stm32g0xx_hal_rcc_ex.o
                0x08003e40                HAL_RCCEx_PeriphCLKConfig
 .text.HAL_SPI_Init
                0x080040a8      0x170 ./Drivers/STM32G0xx_HAL_Driver/Src/stm32g0xx_hal_spi.o
                0x080040a8                HAL_SPI_Init
 .text.HAL_SPI_IRQHandler
                0x08004218      0x1d4 ./Drivers/STM32G0xx_HAL_Driver/Src/stm32g0xx_hal_spi.o
                0x08004218                HAL_SPI_IRQHandler
 .text.HAL_SPI_ErrorCallback
                0x080043ec       0x10 ./Drivers/STM32G0xx_HAL_Driver/Src/stm32g0xx_hal_spi.o
                0x080043ec                HAL_SPI_ErrorCallback
 .text.SPI_DMAAbortOnError
                0x080043fc       0x2c ./Drivers/STM32G0xx_HAL_Driver/Src/stm32g0xx_hal_spi.o
 .text.HAL_TIM_Base_Init
                0x08004428       0xb0 ./Drivers/STM32G0xx_HAL_Driver/Src/stm32g0xx_hal_tim.o
                0x08004428                HAL_TIM_Base_Init
 .text.HAL_TIM_Base_Start_IT
                0x080044d8       0xac ./Drivers/STM32G0xx_HAL_Driver/Src/stm32g0xx_hal_tim.o
                0x080044d8                HAL_TIM_Base_Start_IT
 .text.HAL_TIM_PWM_Init
                0x08004584       0xb0 ./Drivers/STM32G0xx_HAL_Driver/Src/stm32g0xx_hal_tim.o
                0x08004584                HAL_TIM_PWM_Init
 .text.HAL_TIM_PWM_MspInit
                0x08004634       0x10 ./Drivers/STM32G0xx_HAL_Driver/Src/stm32g0xx_hal_tim.o
                0x08004634                HAL_TIM_PWM_MspInit
 .text.HAL_TIM_IRQHandler
                0x08004644      0x210 ./Drivers/STM32G0xx_HAL_Driver/Src/stm32g0xx_hal_tim.o
                0x08004644                HAL_TIM_IRQHandler
 .text.HAL_TIM_PWM_ConfigChannel
                0x08004854      0x200 ./Drivers/STM32G0xx_HAL_Driver/Src/stm32g0xx_hal_tim.o
                0x08004854                HAL_TIM_PWM_ConfigChannel
 .text.HAL_TIM_ConfigClockSource
                0x08004a54      0x1ac ./Drivers/STM32G0xx_HAL_Driver/Src/stm32g0xx_hal_tim.o
                0x08004a54                HAL_TIM_ConfigClockSource
 .text.HAL_TIM_OC_DelayElapsedCallback
                0x08004c00       0x10 ./Drivers/STM32G0xx_HAL_Driver/Src/stm32g0xx_hal_tim.o
                0x08004c00                HAL_TIM_OC_DelayElapsedCallback
 .text.HAL_TIM_IC_CaptureCallback
                0x08004c10       0x10 ./Drivers/STM32G0xx_HAL_Driver/Src/stm32g0xx_hal_tim.o
                0x08004c10                HAL_TIM_IC_CaptureCallback
 .text.HAL_TIM_PWM_PulseFinishedCallback
                0x08004c20       0x10 ./Drivers/STM32G0xx_HAL_Driver/Src/stm32g0xx_hal_tim.o
                0x08004c20                HAL_TIM_PWM_PulseFinishedCallback
 .text.HAL_TIM_TriggerCallback
                0x08004c30       0x10 ./Drivers/STM32G0xx_HAL_Driver/Src/stm32g0xx_hal_tim.o
                0x08004c30                HAL_TIM_TriggerCallback
 .text.TIM_Base_SetConfig
                0x08004c40      0x108 ./Drivers/STM32G0xx_HAL_Driver/Src/stm32g0xx_hal_tim.o
                0x08004c40                TIM_Base_SetConfig
 .text.TIM_OC1_SetConfig
                0x08004d48      0x114 ./Drivers/STM32G0xx_HAL_Driver/Src/stm32g0xx_hal_tim.o
 .text.TIM_OC2_SetConfig
                0x08004e5c      0x108 ./Drivers/STM32G0xx_HAL_Driver/Src/stm32g0xx_hal_tim.o
                0x08004e5c                TIM_OC2_SetConfig
 .text.TIM_OC3_SetConfig
                0x08004f64      0x110 ./Drivers/STM32G0xx_HAL_Driver/Src/stm32g0xx_hal_tim.o
 .text.TIM_OC4_SetConfig
                0x08005074       0xd4 ./Drivers/STM32G0xx_HAL_Driver/Src/stm32g0xx_hal_tim.o
 .text.TIM_OC5_SetConfig
                0x08005148       0xc0 ./Drivers/STM32G0xx_HAL_Driver/Src/stm32g0xx_hal_tim.o
 .text.TIM_OC6_SetConfig
                0x08005208       0xc8 ./Drivers/STM32G0xx_HAL_Driver/Src/stm32g0xx_hal_tim.o
 .text.TIM_TI1_ConfigInputStage
                0x080052d0       0x5c ./Drivers/STM32G0xx_HAL_Driver/Src/stm32g0xx_hal_tim.o
 .text.TIM_TI2_ConfigInputStage
                0x0800532c       0x64 ./Drivers/STM32G0xx_HAL_Driver/Src/stm32g0xx_hal_tim.o
 .text.TIM_ITRx_SetConfig
                0x08005390       0x38 ./Drivers/STM32G0xx_HAL_Driver/Src/stm32g0xx_hal_tim.o
 .text.TIM_ETR_SetConfig
                0x080053c8       0x40 ./Drivers/STM32G0xx_HAL_Driver/Src/stm32g0xx_hal_tim.o
                0x080053c8                TIM_ETR_SetConfig
 .text.HAL_TIMEx_MasterConfigSynchronization
                0x08005408       0xd0 ./Drivers/STM32G0xx_HAL_Driver/Src/stm32g0xx_hal_tim_ex.o
                0x08005408                HAL_TIMEx_MasterConfigSynchronization
 .text.HAL_TIMEx_CommutCallback
                0x080054d8       0x10 ./Drivers/STM32G0xx_HAL_Driver/Src/stm32g0xx_hal_tim_ex.o
                0x080054d8                HAL_TIMEx_CommutCallback
 .text.HAL_TIMEx_BreakCallback
                0x080054e8       0x10 ./Drivers/STM32G0xx_HAL_Driver/Src/stm32g0xx_hal_tim_ex.o
                0x080054e8                HAL_TIMEx_BreakCallback
 .text.HAL_TIMEx_Break2Callback
                0x080054f8       0x10 ./Drivers/STM32G0xx_HAL_Driver/Src/stm32g0xx_hal_tim_ex.o
                0x080054f8                HAL_TIMEx_Break2Callback
 .text.HAL_UART_Init
                0x08005508       0xac ./Drivers/STM32G0xx_HAL_Driver/Src/stm32g0xx_hal_uart.o
                0x08005508                HAL_UART_Init
 .text.UART_SetConfig
                0x080055b4      0x348 ./Drivers/STM32G0xx_HAL_Driver/Src/stm32g0xx_hal_uart.o
                0x080055b4                UART_SetConfig
 .text.UART_AdvFeatureConfig
                0x080058fc      0x168 ./Drivers/STM32G0xx_HAL_Driver/Src/stm32g0xx_hal_uart.o
                0x080058fc                UART_AdvFeatureConfig
 .text.UART_CheckIdleState
                0x08005a64      0x154 ./Drivers/STM32G0xx_HAL_Driver/Src/stm32g0xx_hal_uart.o
                0x08005a64                UART_CheckIdleState
 .text.UART_WaitOnFlagUntilTimeout
                0x08005bb8       0xde ./Drivers/STM32G0xx_HAL_Driver/Src/stm32g0xx_hal_uart.o
                0x08005bb8                UART_WaitOnFlagUntilTimeout
 *fill*         0x08005c96        0x2 
 .text.UART_EndRxTransfer
                0x08005c98       0xcc ./Drivers/STM32G0xx_HAL_Driver/Src/stm32g0xx_hal_uart.o
 .text.HAL_UARTEx_DisableFifoMode
                0x08005d64       0x74 ./Drivers/STM32G0xx_HAL_Driver/Src/stm32g0xx_hal_uart_ex.o
                0x08005d64                HAL_UARTEx_DisableFifoMode
 .text.HAL_UARTEx_SetTxFifoThreshold
                0x08005dd8       0x7e ./Drivers/STM32G0xx_HAL_Driver/Src/stm32g0xx_hal_uart_ex.o
                0x08005dd8                HAL_UARTEx_SetTxFifoThreshold
 *fill*         0x08005e56        0x2 
 .text.HAL_UARTEx_SetRxFifoThreshold
                0x08005e58       0x84 ./Drivers/STM32G0xx_HAL_Driver/Src/stm32g0xx_hal_uart_ex.o
                0x08005e58                HAL_UARTEx_SetRxFifoThreshold
 .text.UARTEx_SetNbDataToProcess
                0x08005edc       0xbc ./Drivers/STM32G0xx_HAL_Driver/Src/stm32g0xx_hal_uart_ex.o
 .text.MX_FATFS_Init
                0x08005f98       0x34 ./FATFS/App/app_fatfs.o
                0x08005f98                MX_FATFS_Init
 .text.get_fattime
                0x08005fcc        0xc ./FATFS/App/app_fatfs.o
                0x08005fcc                get_fattime
 .text.USER_initialize
                0x08005fd8       0x24 ./FATFS/Target/user_diskio.o
                0x08005fd8                USER_initialize
 .text.USER_status
                0x08005ffc       0x24 ./FATFS/Target/user_diskio.o
                0x08005ffc                USER_status
 .text.USER_read
                0x08006020       0x1e ./FATFS/Target/user_diskio.o
                0x08006020                USER_read
 .text.USER_write
                0x0800603e       0x1e ./FATFS/Target/user_diskio.o
                0x0800603e                USER_write
 .text.USER_ioctl
                0x0800605c       0x28 ./FATFS/Target/user_diskio.o
                0x0800605c                USER_ioctl
 .text.disk_status
                0x08006084       0x44 ./Middlewares/Third_Party/FatFs/src/diskio.o
                0x08006084                disk_status
 .text.disk_initialize
                0x080060c8       0x60 ./Middlewares/Third_Party/FatFs/src/diskio.o
                0x080060c8                disk_initialize
 .text.disk_read
                0x08006128       0x50 ./Middlewares/Third_Party/FatFs/src/diskio.o
                0x08006128                disk_read
 .text.disk_write
                0x08006178       0x50 ./Middlewares/Third_Party/FatFs/src/diskio.o
                0x08006178                disk_write
 .text.disk_ioctl
                0x080061c8       0x50 ./Middlewares/Third_Party/FatFs/src/diskio.o
                0x080061c8                disk_ioctl
 .text.ld_word  0x08006218       0x36 ./Middlewares/Third_Party/FatFs/src/ff.o
 .text.ld_dword
                0x0800624e       0x42 ./Middlewares/Third_Party/FatFs/src/ff.o
 .text.st_word  0x08006290       0x3c ./Middlewares/Third_Party/FatFs/src/ff.o
 .text.st_dword
                0x080062cc       0x54 ./Middlewares/Third_Party/FatFs/src/ff.o
 .text.mem_cpy  0x08006320       0x3e ./Middlewares/Third_Party/FatFs/src/ff.o
 .text.mem_set  0x0800635e       0x32 ./Middlewares/Third_Party/FatFs/src/ff.o
 .text.mem_cmp  0x08006390       0x4a ./Middlewares/Third_Party/FatFs/src/ff.o
 .text.chk_chr  0x080063da       0x32 ./Middlewares/Third_Party/FatFs/src/ff.o
 .text.chk_lock
                0x0800640c       0xb0 ./Middlewares/Third_Party/FatFs/src/ff.o
 .text.enq_lock
                0x080064bc       0x3c ./Middlewares/Third_Party/FatFs/src/ff.o
 .text.inc_lock
                0x080064f8      0x114 ./Middlewares/Third_Party/FatFs/src/ff.o
 .text.dec_lock
                0x0800660c       0x94 ./Middlewares/Third_Party/FatFs/src/ff.o
 .text.clear_lock
                0x080066a0       0x40 ./Middlewares/Third_Party/FatFs/src/ff.o
 .text.sync_window
                0x080066e0       0x90 ./Middlewares/Third_Party/FatFs/src/ff.o
 .text.move_window
                0x08006770       0x6a ./Middlewares/Third_Party/FatFs/src/ff.o
 *fill*         0x080067da        0x2 
 .text.sync_fs  0x080067dc       0xf8 ./Middlewares/Third_Party/FatFs/src/ff.o
 .text.clust2sect
                0x080068d4       0x38 ./Middlewares/Third_Party/FatFs/src/ff.o
 .text.get_fat  0x0800690c      0x154 ./Middlewares/Third_Party/FatFs/src/ff.o
 .text.put_fat  0x08006a60      0x202 ./Middlewares/Third_Party/FatFs/src/ff.o
 .text.remove_chain
                0x08006c62       0xe6 ./Middlewares/Third_Party/FatFs/src/ff.o
 .text.create_chain
                0x08006d48      0x14c ./Middlewares/Third_Party/FatFs/src/ff.o
 .text.clmt_clust
                0x08006e94       0x6a ./Middlewares/Third_Party/FatFs/src/ff.o
 .text.dir_sdi  0x08006efe       0xfc ./Middlewares/Third_Party/FatFs/src/ff.o
 .text.dir_next
                0x08006ffa      0x192 ./Middlewares/Third_Party/FatFs/src/ff.o
 .text.dir_alloc
                0x0800718c       0xb0 ./Middlewares/Third_Party/FatFs/src/ff.o
 .text.ld_clust
                0x0800723c       0x3e ./Middlewares/Third_Party/FatFs/src/ff.o
 .text.st_clust
                0x0800727a       0x40 ./Middlewares/Third_Party/FatFs/src/ff.o
 .text.dir_find
                0x080072ba       0xd0 ./Middlewares/Third_Party/FatFs/src/ff.o
 .text.dir_register
                0x0800738a       0x76 ./Middlewares/Third_Party/FatFs/src/ff.o
 .text.create_name
                0x08007400      0x160 ./Middlewares/Third_Party/FatFs/src/ff.o
 .text.follow_path
                0x08007560      0x10a ./Middlewares/Third_Party/FatFs/src/ff.o
 .text.get_ldnumber
                0x0800766a       0x84 ./Middlewares/Third_Party/FatFs/src/ff.o
 *fill*         0x080076ee        0x2 
 .text.check_fs
                0x080076f0       0xb0 ./Middlewares/Third_Party/FatFs/src/ff.o
 .text.find_volume
                0x080077a0      0x4e0 ./Middlewares/Third_Party/FatFs/src/ff.o
 .text.validate
                0x08007c80       0x78 ./Middlewares/Third_Party/FatFs/src/ff.o
 .text.f_mount  0x08007cf8       0x98 ./Middlewares/Third_Party/FatFs/src/ff.o
                0x08007cf8                f_mount
 .text.f_open   0x08007d90      0x3e8 ./Middlewares/Third_Party/FatFs/src/ff.o
                0x08007d90                f_open
 .text.f_read   0x08008178      0x282 ./Middlewares/Third_Party/FatFs/src/ff.o
                0x08008178                f_read
 .text.f_sync   0x080083fa      0x112 ./Middlewares/Third_Party/FatFs/src/ff.o
                0x080083fa                f_sync
 .text.f_close  0x0800850c       0x68 ./Middlewares/Third_Party/FatFs/src/ff.o
                0x0800850c                f_close
 .text.f_getfree
                0x08008574      0x17a ./Middlewares/Third_Party/FatFs/src/ff.o
                0x08008574                f_getfree
 .text.f_gets   0x080086ee       0x88 ./Middlewares/Third_Party/FatFs/src/ff.o
                0x080086ee                f_gets
 *fill*         0x08008776        0x2 
 .text.FATFS_LinkDriverEx
                0x08008778       0xa8 ./Middlewares/Third_Party/FatFs/src/ff_gen_drv.o
                0x08008778                FATFS_LinkDriverEx
 .text.FATFS_LinkDriver
                0x08008820       0x20 ./Middlewares/Third_Party/FatFs/src/ff_gen_drv.o
                0x08008820                FATFS_LinkDriver
 .text.__NVIC_SetPriority
                0x08008840       0xdc ./Middlewares/Third_Party/FreeRTOS/Source/CMSIS_RTOS_V2/cmsis_os2.o
 .text.SysTick_Handler
                0x0800891c       0x20 ./Middlewares/Third_Party/FreeRTOS/Source/CMSIS_RTOS_V2/cmsis_os2.o
                0x0800891c                SysTick_Handler
 .text.SVC_Setup
                0x0800893c       0x16 ./Middlewares/Third_Party/FreeRTOS/Source/CMSIS_RTOS_V2/cmsis_os2.o
 *fill*         0x08008952        0x2 
 .text.osKernelInitialize
                0x08008954       0x44 ./Middlewares/Third_Party/FreeRTOS/Source/CMSIS_RTOS_V2/cmsis_os2.o
                0x08008954                osKernelInitialize
 .text.osKernelStart
                0x08008998       0x4c ./Middlewares/Third_Party/FreeRTOS/Source/CMSIS_RTOS_V2/cmsis_os2.o
                0x08008998                osKernelStart
 .text.osThreadNew
                0x080089e4      0x12c ./Middlewares/Third_Party/FreeRTOS/Source/CMSIS_RTOS_V2/cmsis_os2.o
                0x080089e4                osThreadNew
 .text.osDelay  0x08008b10       0x38 ./Middlewares/Third_Party/FreeRTOS/Source/CMSIS_RTOS_V2/cmsis_os2.o
                0x08008b10                osDelay
 .text.vApplicationGetIdleTaskMemory
                0x08008b48       0x30 ./Middlewares/Third_Party/FreeRTOS/Source/CMSIS_RTOS_V2/cmsis_os2.o
                0x08008b48                vApplicationGetIdleTaskMemory
 .text.vApplicationGetTimerTaskMemory
                0x08008b78       0x30 ./Middlewares/Third_Party/FreeRTOS/Source/CMSIS_RTOS_V2/cmsis_os2.o
                0x08008b78                vApplicationGetTimerTaskMemory
 .text.vListInitialise
                0x08008ba8       0x3c ./Middlewares/Third_Party/FreeRTOS/Source/list.o
                0x08008ba8                vListInitialise
 .text.vListInitialiseItem
                0x08008be4       0x16 ./Middlewares/Third_Party/FreeRTOS/Source/list.o
                0x08008be4                vListInitialiseItem
 .text.vListInsertEnd
                0x08008bfa       0x44 ./Middlewares/Third_Party/FreeRTOS/Source/list.o
                0x08008bfa                vListInsertEnd
 .text.vListInsert
                0x08008c3e       0x6c ./Middlewares/Third_Party/FreeRTOS/Source/list.o
                0x08008c3e                vListInsert
 .text.uxListRemove
                0x08008caa       0x50 ./Middlewares/Third_Party/FreeRTOS/Source/list.o
                0x08008caa                uxListRemove
 .text.xQueueGenericReset
                0x08008cfa       0xaa ./Middlewares/Third_Party/FreeRTOS/Source/queue.o
                0x08008cfa                xQueueGenericReset
 .text.xQueueGenericCreateStatic
                0x08008da4       0xa2 ./Middlewares/Third_Party/FreeRTOS/Source/queue.o
                0x08008da4                xQueueGenericCreateStatic
 .text.prvInitialiseNewQueue
                0x08008e46       0x4e ./Middlewares/Third_Party/FreeRTOS/Source/queue.o
 .text.xQueueGenericSend
                0x08008e94      0x190 ./Middlewares/Third_Party/FreeRTOS/Source/queue.o
                0x08008e94                xQueueGenericSend
 .text.xQueueGenericSendFromISR
                0x08009024       0xee ./Middlewares/Third_Party/FreeRTOS/Source/queue.o
                0x08009024                xQueueGenericSendFromISR
 .text.xQueueReceive
                0x08009112      0x170 ./Middlewares/Third_Party/FreeRTOS/Source/queue.o
                0x08009112                xQueueReceive
 .text.prvCopyDataToQueue
                0x08009282       0xd6 ./Middlewares/Third_Party/FreeRTOS/Source/queue.o
 .text.prvCopyDataFromQueue
                0x08009358       0x4c ./Middlewares/Third_Party/FreeRTOS/Source/queue.o
 .text.prvUnlockQueue
                0x080093a4       0xbc ./Middlewares/Third_Party/FreeRTOS/Source/queue.o
 .text.prvIsQueueEmpty
                0x08009460       0x2c ./Middlewares/Third_Party/FreeRTOS/Source/queue.o
 .text.prvIsQueueFull
                0x0800948c       0x30 ./Middlewares/Third_Party/FreeRTOS/Source/queue.o
 .text.vQueueAddToRegistry
                0x080094bc       0x50 ./Middlewares/Third_Party/FreeRTOS/Source/queue.o
                0x080094bc                vQueueAddToRegistry
 .text.vQueueWaitForMessageRestricted
                0x0800950c       0x66 ./Middlewares/Third_Party/FreeRTOS/Source/queue.o
                0x0800950c                vQueueWaitForMessageRestricted
 .text.xTaskCreateStatic
                0x08009572       0x8e ./Middlewares/Third_Party/FreeRTOS/Source/tasks.o
                0x08009572                xTaskCreateStatic
 .text.xTaskCreate
                0x08009600       0x98 ./Middlewares/Third_Party/FreeRTOS/Source/tasks.o
                0x08009600                xTaskCreate
 .text.prvInitialiseNewTask
                0x08009698      0x144 ./Middlewares/Third_Party/FreeRTOS/Source/tasks.o
 .text.prvAddNewTaskToReadyList
                0x080097dc       0xd0 ./Middlewares/Third_Party/FreeRTOS/Source/tasks.o
 .text.vTaskDelay
                0x080098ac       0x4c ./Middlewares/Third_Party/FreeRTOS/Source/tasks.o
                0x080098ac                vTaskDelay
 .text.vTaskStartScheduler
                0x080098f8       0xc0 ./Middlewares/Third_Party/FreeRTOS/Source/tasks.o
                0x080098f8                vTaskStartScheduler
 .text.vTaskSuspendAll
                0x080099b8       0x18 ./Middlewares/Third_Party/FreeRTOS/Source/tasks.o
                0x080099b8                vTaskSuspendAll
 .text.xTaskResumeAll
                0x080099d0      0x118 ./Middlewares/Third_Party/FreeRTOS/Source/tasks.o
                0x080099d0                xTaskResumeAll
 .text.xTaskGetTickCount
                0x08009ae8       0x1c ./Middlewares/Third_Party/FreeRTOS/Source/tasks.o
                0x08009ae8                xTaskGetTickCount
 .text.xTaskIncrementTick
                0x08009b04      0x160 ./Middlewares/Third_Party/FreeRTOS/Source/tasks.o
                0x08009b04                xTaskIncrementTick
 .text.vTaskSwitchContext
                0x08009c64       0xb4 ./Middlewares/Third_Party/FreeRTOS/Source/tasks.o
                0x08009c64                vTaskSwitchContext
 .text.vTaskPlaceOnEventList
                0x08009d18       0x40 ./Middlewares/Third_Party/FreeRTOS/Source/tasks.o
                0x08009d18                vTaskPlaceOnEventList
 .text.vTaskPlaceOnEventListRestricted
                0x08009d58       0x50 ./Middlewares/Third_Party/FreeRTOS/Source/tasks.o
                0x08009d58                vTaskPlaceOnEventListRestricted
 .text.xTaskRemoveFromEventList
                0x08009da8       0xbc ./Middlewares/Third_Party/FreeRTOS/Source/tasks.o
                0x08009da8                xTaskRemoveFromEventList
 .text.vTaskInternalSetTimeOutState
                0x08009e64       0x28 ./Middlewares/Third_Party/FreeRTOS/Source/tasks.o
                0x08009e64                vTaskInternalSetTimeOutState
 .text.xTaskCheckForTimeOut
                0x08009e8c       0xa4 ./Middlewares/Third_Party/FreeRTOS/Source/tasks.o
                0x08009e8c                xTaskCheckForTimeOut
 .text.vTaskMissedYield
                0x08009f30       0x14 ./Middlewares/Third_Party/FreeRTOS/Source/tasks.o
                0x08009f30                vTaskMissedYield
 .text.prvIdleTask
                0x08009f44       0x20 ./Middlewares/Third_Party/FreeRTOS/Source/tasks.o
 .text.prvInitialiseTaskLists
                0x08009f64       0x88 ./Middlewares/Third_Party/FreeRTOS/Source/tasks.o
 .text.prvCheckTasksWaitingTermination
                0x08009fec       0x5c ./Middlewares/Third_Party/FreeRTOS/Source/tasks.o
 .text.prvDeleteTCB
                0x0800a048       0x5c ./Middlewares/Third_Party/FreeRTOS/Source/tasks.o
 .text.prvResetNextTaskUnblockTime
                0x0800a0a4       0x3c ./Middlewares/Third_Party/FreeRTOS/Source/tasks.o
 .text.xTaskGetSchedulerState
                0x0800a0e0       0x38 ./Middlewares/Third_Party/FreeRTOS/Source/tasks.o
                0x0800a0e0                xTaskGetSchedulerState
 .text.xTaskPriorityDisinherit
                0x0800a118       0xbc ./Middlewares/Third_Party/FreeRTOS/Source/tasks.o
                0x0800a118                xTaskPriorityDisinherit
 .text.prvAddCurrentTaskToDelayedList
                0x0800a1d4       0xa8 ./Middlewares/Third_Party/FreeRTOS/Source/tasks.o
 .text.xTimerCreateTimerTask
                0x0800a27c       0x80 ./Middlewares/Third_Party/FreeRTOS/Source/timers.o
                0x0800a27c                xTimerCreateTimerTask
 .text.xTimerGenericCommand
                0x0800a2fc       0x98 ./Middlewares/Third_Party/FreeRTOS/Source/timers.o
                0x0800a2fc                xTimerGenericCommand
 .text.prvProcessExpiredTimer
                0x0800a394       0x8c ./Middlewares/Third_Party/FreeRTOS/Source/timers.o
 .text.prvTimerTask
                0x0800a420       0x2a ./Middlewares/Third_Party/FreeRTOS/Source/timers.o
 *fill*         0x0800a44a        0x2 
 .text.prvProcessTimerOrBlockTask
                0x0800a44c       0x90 ./Middlewares/Third_Party/FreeRTOS/Source/timers.o
 .text.prvGetNextExpireTime
                0x0800a4dc       0x44 ./Middlewares/Third_Party/FreeRTOS/Source/timers.o
 .text.prvSampleTimeNow
                0x0800a520       0x40 ./Middlewares/Third_Party/FreeRTOS/Source/timers.o
 .text.prvInsertTimerInActiveList
                0x0800a560       0x84 ./Middlewares/Third_Party/FreeRTOS/Source/timers.o
 .text.prvProcessReceivedCommands
                0x0800a5e4      0x194 ./Middlewares/Third_Party/FreeRTOS/Source/timers.o
 .text.prvSwitchTimerLists
                0x0800a778       0xbc ./Middlewares/Third_Party/FreeRTOS/Source/timers.o
 .text.prvCheckForValidListAndQueue
                0x0800a834       0x84 ./Middlewares/Third_Party/FreeRTOS/Source/timers.o
 .text.pxPortInitialiseStack
                0x0800a8b8       0x54 ./Middlewares/Third_Party/FreeRTOS/Source/portable/GCC/ARM_CM0/port.o
                0x0800a8b8                pxPortInitialiseStack
 .text.prvTaskExitError
                0x0800a90c       0x30 ./Middlewares/Third_Party/FreeRTOS/Source/portable/GCC/ARM_CM0/port.o
 .text.SVC_Handler
                0x0800a93c        0xa ./Middlewares/Third_Party/FreeRTOS/Source/portable/GCC/ARM_CM0/port.o
                0x0800a93c                SVC_Handler
 *fill*         0x0800a946        0xa 
 .text.vPortStartFirstTask
                0x0800a950       0x38 ./Middlewares/Third_Party/FreeRTOS/Source/portable/GCC/ARM_CM0/port.o
 .text.xPortStartScheduler
                0x0800a988       0x48 ./Middlewares/Third_Party/FreeRTOS/Source/portable/GCC/ARM_CM0/port.o
                0x0800a988                xPortStartScheduler
 .text.vPortYield
                0x0800a9d0       0x20 ./Middlewares/Third_Party/FreeRTOS/Source/portable/GCC/ARM_CM0/port.o
                0x0800a9d0                vPortYield
 .text.vPortEnterCritical
                0x0800a9f0       0x24 ./Middlewares/Third_Party/FreeRTOS/Source/portable/GCC/ARM_CM0/port.o
                0x0800a9f0                vPortEnterCritical
 .text.vPortExitCritical
                0x0800aa14       0x30 ./Middlewares/Third_Party/FreeRTOS/Source/portable/GCC/ARM_CM0/port.o
                0x0800aa14                vPortExitCritical
 .text.ulSetInterruptMaskFromISR
                0x0800aa44        0xc ./Middlewares/Third_Party/FreeRTOS/Source/portable/GCC/ARM_CM0/port.o
                0x0800aa44                ulSetInterruptMaskFromISR
 .text.vClearInterruptMaskFromISR
                0x0800aa50        0x8 ./Middlewares/Third_Party/FreeRTOS/Source/portable/GCC/ARM_CM0/port.o
                0x0800aa50                vClearInterruptMaskFromISR
 *fill*         0x0800aa58        0x8 
 .text.PendSV_Handler
                0x0800aa60       0x48 ./Middlewares/Third_Party/FreeRTOS/Source/portable/GCC/ARM_CM0/port.o
                0x0800aa60                PendSV_Handler
 .text.xPortSysTickHandler
                0x0800aaa8       0x34 ./Middlewares/Third_Party/FreeRTOS/Source/portable/GCC/ARM_CM0/port.o
                0x0800aaa8                xPortSysTickHandler
 .text.vPortSetupTimerInterrupt
                0x0800aadc       0x44 ./Middlewares/Third_Party/FreeRTOS/Source/portable/GCC/ARM_CM0/port.o
                0x0800aadc                vPortSetupTimerInterrupt
 .text.pvPortMalloc
                0x0800ab20      0x160 ./Middlewares/Third_Party/FreeRTOS/Source/portable/MemMang/heap_4.o
                0x0800ab20                pvPortMalloc
 .text.vPortFree
                0x0800ac80       0xa0 ./Middlewares/Third_Party/FreeRTOS/Source/portable/MemMang/heap_4.o
                0x0800ac80                vPortFree
 .text.prvHeapInit
                0x0800ad20       0xc0 ./Middlewares/Third_Party/FreeRTOS/Source/portable/MemMang/heap_4.o
 .text.prvInsertBlockIntoFreeList
                0x0800ade0       0xb0 ./Middlewares/Third_Party/FreeRTOS/Source/portable/MemMang/heap_4.o
 .text.memset   0x0800ae90       0x10 /Applications/STM32CubeIDE.app/Contents/Eclipse/plugins/com.st.stm32cube.ide.mcu.externaltools.gnu-tools-for-stm32.12.3.rel1.macos64_1.1.0.202410301201/tools/bin/../lib/gcc/arm-none-eabi/12.3.1/../../../../arm-none-eabi/lib/thumb/v6-m/nofp/libc_nano.a(libc_a-memset.o)
                0x0800ae90                memset
 .text._reclaim_reent
                0x0800aea0       0xc0 /Applications/STM32CubeIDE.app/Contents/Eclipse/plugins/com.st.stm32cube.ide.mcu.externaltools.gnu-tools-for-stm32.12.3.rel1.macos64_1.1.0.202410301201/tools/bin/../lib/gcc/arm-none-eabi/12.3.1/../../../../arm-none-eabi/lib/thumb/v6-m/nofp/libc_nano.a(libc_a-reent.o)
                0x0800aea0                _reclaim_reent
 .text.__libc_init_array
                0x0800af60       0x48 /Applications/STM32CubeIDE.app/Contents/Eclipse/plugins/com.st.stm32cube.ide.mcu.externaltools.gnu-tools-for-stm32.12.3.rel1.macos64_1.1.0.202410301201/tools/bin/../lib/gcc/arm-none-eabi/12.3.1/../../../../arm-none-eabi/lib/thumb/v6-m/nofp/libc_nano.a(libc_a-init.o)
                0x0800af60                __libc_init_array
 .text.__retarget_lock_acquire_recursive
                0x0800afa8        0x2 /Applications/STM32CubeIDE.app/Contents/Eclipse/plugins/com.st.stm32cube.ide.mcu.externaltools.gnu-tools-for-stm32.12.3.rel1.macos64_1.1.0.202410301201/tools/bin/../lib/gcc/arm-none-eabi/12.3.1/../../../../arm-none-eabi/lib/thumb/v6-m/nofp/libc_nano.a(libc_a-lock.o)
                0x0800afa8                __retarget_lock_acquire_recursive
 .text.__retarget_lock_release_recursive
                0x0800afaa        0x2 /Applications/STM32CubeIDE.app/Contents/Eclipse/plugins/com.st.stm32cube.ide.mcu.externaltools.gnu-tools-for-stm32.12.3.rel1.macos64_1.1.0.202410301201/tools/bin/../lib/gcc/arm-none-eabi/12.3.1/../../../../arm-none-eabi/lib/thumb/v6-m/nofp/libc_nano.a(libc_a-lock.o)
                0x0800afaa                __retarget_lock_release_recursive
 .text.memcpy   0x0800afac       0x12 /Applications/STM32CubeIDE.app/Contents/Eclipse/plugins/com.st.stm32cube.ide.mcu.externaltools.gnu-tools-for-stm32.12.3.rel1.macos64_1.1.0.202410301201/tools/bin/../lib/gcc/arm-none-eabi/12.3.1/../../../../arm-none-eabi/lib/thumb/v6-m/nofp/libc_nano.a(libc_a-memcpy-stub.o)
                0x0800afac                memcpy
 *fill*         0x0800afbe        0x2 
 .text._free_r  0x0800afc0       0x94 /Applications/STM32CubeIDE.app/Contents/Eclipse/plugins/com.st.stm32cube.ide.mcu.externaltools.gnu-tools-for-stm32.12.3.rel1.macos64_1.1.0.202410301201/tools/bin/../lib/gcc/arm-none-eabi/12.3.1/../../../../arm-none-eabi/lib/thumb/v6-m/nofp/libc_nano.a(libc_a-freer.o)
                0x0800afc0                _free_r
 .text.__malloc_lock
                0x0800b054       0x10 /Applications/STM32CubeIDE.app/Contents/Eclipse/plugins/com.st.stm32cube.ide.mcu.externaltools.gnu-tools-for-stm32.12.3.rel1.macos64_1.1.0.202410301201/tools/bin/../lib/gcc/arm-none-eabi/12.3.1/../../../../arm-none-eabi/lib/thumb/v6-m/nofp/libc_nano.a(libc_a-mlock.o)
                0x0800b054                __malloc_lock
 .text.__malloc_unlock
                0x0800b064       0x10 /Applications/STM32CubeIDE.app/Contents/Eclipse/plugins/com.st.stm32cube.ide.mcu.externaltools.gnu-tools-for-stm32.12.3.rel1.macos64_1.1.0.202410301201/tools/bin/../lib/gcc/arm-none-eabi/12.3.1/../../../../arm-none-eabi/lib/thumb/v6-m/nofp/libc_nano.a(libc_a-mlock.o)
                0x0800b064                __malloc_unlock
 *(.glue_7)
 .glue_7        0x0800b074        0x0 linker stubs
 *(.glue_7t)
 .glue_7t       0x0800b074        0x0 linker stubs
 *(.eh_frame)
 .eh_frame      0x0800b074        0x0 /Applications/STM32CubeIDE.app/Contents/Eclipse/plugins/com.st.stm32cube.ide.mcu.externaltools.gnu-tools-for-stm32.12.3.rel1.macos64_1.1.0.202410301201/tools/bin/../lib/gcc/arm-none-eabi/12.3.1/thumb/v6-m/nofp/crtbegin.o
 *(.init)
 .init          0x0800b074        0x4 /Applications/STM32CubeIDE.app/Contents/Eclipse/plugins/com.st.stm32cube.ide.mcu.externaltools.gnu-tools-for-stm32.12.3.rel1.macos64_1.1.0.202410301201/tools/bin/../lib/gcc/arm-none-eabi/12.3.1/thumb/v6-m/nofp/crti.o
                0x0800b074                _init
 .init          0x0800b078        0x8 /Applications/STM32CubeIDE.app/Contents/Eclipse/plugins/com.st.stm32cube.ide.mcu.externaltools.gnu-tools-for-stm32.12.3.rel1.macos64_1.1.0.202410301201/tools/bin/../lib/gcc/arm-none-eabi/12.3.1/thumb/v6-m/nofp/crtn.o
 *(.fini)
 .fini          0x0800b080        0x4 /Applications/STM32CubeIDE.app/Contents/Eclipse/plugins/com.st.stm32cube.ide.mcu.externaltools.gnu-tools-for-stm32.12.3.rel1.macos64_1.1.0.202410301201/tools/bin/../lib/gcc/arm-none-eabi/12.3.1/thumb/v6-m/nofp/crti.o
                0x0800b080                _fini
 .fini          0x0800b084        0x8 /Applications/STM32CubeIDE.app/Contents/Eclipse/plugins/com.st.stm32cube.ide.mcu.externaltools.gnu-tools-for-stm32.12.3.rel1.macos64_1.1.0.202410301201/tools/bin/../lib/gcc/arm-none-eabi/12.3.1/thumb/v6-m/nofp/crtn.o
                0x0800b08c                        . = ALIGN (0x4)
                0x0800b08c                        _etext = .

.vfp11_veneer   0x0800b08c        0x0
 .vfp11_veneer  0x0800b08c        0x0 linker stubs

.v4_bx          0x0800b08c        0x0
 .v4_bx         0x0800b08c        0x0 linker stubs

.iplt           0x0800b08c        0x0
 .iplt          0x0800b08c        0x0 /Applications/STM32CubeIDE.app/Contents/Eclipse/plugins/com.st.stm32cube.ide.mcu.externaltools.gnu-tools-for-stm32.12.3.rel1.macos64_1.1.0.202410301201/tools/bin/../lib/gcc/arm-none-eabi/12.3.1/thumb/v6-m/nofp/crtbegin.o

.rodata         0x0800b08c      0x238
                0x0800b08c                        . = ALIGN (0x4)
 *(.rodata)
 .rodata        0x0800b08c        0x9 ./Core/Src/app_freertos.o
 *fill*         0x0800b095        0x3 
 .rodata        0x0800b098       0x28 ./Core/Src/main.o
 .rodata        0x0800b0c0       0x44 ./Middlewares/Third_Party/FatFs/src/ff.o
 .rodata        0x0800b104        0x5 ./Middlewares/Third_Party/FreeRTOS/Source/tasks.o
 *fill*         0x0800b109        0x3 
 .rodata        0x0800b10c        0xd ./Middlewares/Third_Party/FreeRTOS/Source/timers.o
 *(.rodata*)
 *fill*         0x0800b119        0x3 
 .rodata.driveLED_attributes
                0x0800b11c       0x24 ./Core/Src/app_freertos.o
                0x0800b11c                driveLED_attributes
 .rodata.AHBPrescTable
                0x0800b140       0x40 ./Core/Src/system_stm32g0xx.o
                0x0800b140                AHBPrescTable
 .rodata.APBPrescTable
                0x0800b180       0x20 ./Core/Src/system_stm32g0xx.o
                0x0800b180                APBPrescTable
 .rodata.HAL_TIM_PWM_ConfigChannel
                0x0800b1a0       0x54 ./Drivers/STM32G0xx_HAL_Driver/Src/stm32g0xx_hal_tim.o
 .rodata.UARTPrescTable
                0x0800b1f4       0x18 ./Drivers/STM32G0xx_HAL_Driver/Src/stm32g0xx_hal_uart.o
                0x0800b1f4                UARTPrescTable
 .rodata.numerator.1
                0x0800b20c        0x8 ./Drivers/STM32G0xx_HAL_Driver/Src/stm32g0xx_hal_uart_ex.o
 .rodata.denominator.0
                0x0800b214        0x8 ./Drivers/STM32G0xx_HAL_Driver/Src/stm32g0xx_hal_uart_ex.o
 .rodata.ExCvt  0x0800b21c       0x80 ./Middlewares/Third_Party/FatFs/src/ff.o
 .rodata.prvProcessReceivedCommands
                0x0800b29c       0x28 ./Middlewares/Third_Party/FreeRTOS/Source/timers.o
                0x0800b2c4                        . = ALIGN (0x4)

.ARM.extab      0x0800b2c4        0x0
                0x0800b2c4                        . = ALIGN (0x4)
 *(.ARM.extab* .gnu.linkonce.armextab.*)
                0x0800b2c4                        . = ALIGN (0x4)

.ARM            0x0800b2c4        0x0
                0x0800b2c4                        . = ALIGN (0x4)
                0x0800b2c4                        __exidx_start = .
 *(.ARM.exidx*)
                0x0800b2c4                        __exidx_end = .
                0x0800b2c4                        . = ALIGN (0x4)

.preinit_array  0x0800b2c4        0x0
                0x0800b2c4                        . = ALIGN (0x4)
                0x0800b2c4                        PROVIDE (__preinit_array_start = .)
 *(.preinit_array*)
                0x0800b2c4                        PROVIDE (__preinit_array_end = .)
                0x0800b2c4                        . = ALIGN (0x4)

.init_array     0x0800b2c4        0x4
                0x0800b2c4                        . = ALIGN (0x4)
                0x0800b2c4                        PROVIDE (__init_array_start = .)
 *(SORT_BY_NAME(.init_array.*))
 *(.init_array*)
 .init_array    0x0800b2c4        0x4 /Applications/STM32CubeIDE.app/Contents/Eclipse/plugins/com.st.stm32cube.ide.mcu.externaltools.gnu-tools-for-stm32.12.3.rel1.macos64_1.1.0.202410301201/tools/bin/../lib/gcc/arm-none-eabi/12.3.1/thumb/v6-m/nofp/crtbegin.o
                0x0800b2c8                        PROVIDE (__init_array_end = .)
                0x0800b2c8                        . = ALIGN (0x4)

.fini_array     0x0800b2c8        0x4
                0x0800b2c8                        . = ALIGN (0x4)
                [!provide]                        PROVIDE (__fini_array_start = .)
 *(SORT_BY_NAME(.fini_array.*))
 *(.fini_array*)
 .fini_array    0x0800b2c8        0x4 /Applications/STM32CubeIDE.app/Contents/Eclipse/plugins/com.st.stm32cube.ide.mcu.externaltools.gnu-tools-for-stm32.12.3.rel1.macos64_1.1.0.202410301201/tools/bin/../lib/gcc/arm-none-eabi/12.3.1/thumb/v6-m/nofp/crtbegin.o
                [!provide]                        PROVIDE (__fini_array_end = .)
                0x0800b2cc                        . = ALIGN (0x4)
                0x0800b2cc                        _sidata = LOADADDR (.data)

.rel.dyn        0x0800b2cc        0x0
 .rel.iplt      0x0800b2cc        0x0 /Applications/STM32CubeIDE.app/Contents/Eclipse/plugins/com.st.stm32cube.ide.mcu.externaltools.gnu-tools-for-stm32.12.3.rel1.macos64_1.1.0.202410301201/tools/bin/../lib/gcc/arm-none-eabi/12.3.1/thumb/v6-m/nofp/crtbegin.o

.data           0x20000000      0x134 load address 0x0800b2cc
                0x20000000                        . = ALIGN (0x4)
                0x20000000                        _sdata = .
 *(.data)
 *(.data*)
 .data.led_column_ports
                0x20000000       0x40 ./Core/Src/app_freertos.o
                0x20000000                led_column_ports
 .data.led_column_pins
                0x20000040       0x20 ./Core/Src/app_freertos.o
                0x20000040                led_column_pins
 .data.led_row_ports
                0x20000060       0x40 ./Core/Src/app_freertos.o
                0x20000060                led_row_ports
 .data.led_row_pins
                0x200000a0       0x20 ./Core/Src/app_freertos.o
                0x200000a0                led_row_pins
 .data.SystemCoreClock
                0x200000c0        0x4 ./Core/Src/system_stm32g0xx.o
                0x200000c0                SystemCoreClock
 .data.uwTickPrio
                0x200000c4        0x4 ./Drivers/STM32G0xx_HAL_Driver/Src/stm32g0xx_hal.o
                0x200000c4                uwTickPrio
 .data.uwTickFreq
                0x200000c8        0x1 ./Drivers/STM32G0xx_HAL_Driver/Src/stm32g0xx_hal.o
                0x200000c8                uwTickFreq
 .data.Stat     0x200000c9        0x1 ./FATFS/Target/user_diskio.o
 *fill*         0x200000ca        0x2 
 .data.USER_Driver
                0x200000cc       0x14 ./FATFS/Target/user_diskio.o
                0x200000cc                USER_Driver
 .data.uxCriticalNesting
                0x200000e0        0x4 ./Middlewares/Third_Party/FreeRTOS/Source/portable/GCC/ARM_CM0/port.o
 .data._impure_ptr
                0x200000e4        0x4 /Applications/STM32CubeIDE.app/Contents/Eclipse/plugins/com.st.stm32cube.ide.mcu.externaltools.gnu-tools-for-stm32.12.3.rel1.macos64_1.1.0.202410301201/tools/bin/../lib/gcc/arm-none-eabi/12.3.1/../../../../arm-none-eabi/lib/thumb/v6-m/nofp/libc_nano.a(libc_a-impure.o)
                0x200000e4                _impure_ptr
 .data._impure_data
                0x200000e8       0x4c /Applications/STM32CubeIDE.app/Contents/Eclipse/plugins/com.st.stm32cube.ide.mcu.externaltools.gnu-tools-for-stm32.12.3.rel1.macos64_1.1.0.202410301201/tools/bin/../lib/gcc/arm-none-eabi/12.3.1/../../../../arm-none-eabi/lib/thumb/v6-m/nofp/libc_nano.a(libc_a-impure.o)
                0x200000e8                _impure_data
 *(.RamFunc)
 *(.RamFunc*)
                0x20000134                        . = ALIGN (0x4)
                0x20000134                        _edata = .

.igot.plt       0x20000134        0x0 load address 0x0800b400
 .igot.plt      0x20000134        0x0 /Applications/STM32CubeIDE.app/Contents/Eclipse/plugins/com.st.stm32cube.ide.mcu.externaltools.gnu-tools-for-stm32.12.3.rel1.macos64_1.1.0.202410301201/tools/bin/../lib/gcc/arm-none-eabi/12.3.1/thumb/v6-m/nofp/crtbegin.o
                0x20000134                        . = ALIGN (0x4)

.bss            0x20000134     0x24f8 load address 0x0800b400
                0x20000134                        _sbss = .
                0x20000134                        __bss_start__ = _sbss
 *(.bss)
 .bss           0x20000134       0x1c /Applications/STM32CubeIDE.app/Contents/Eclipse/plugins/com.st.stm32cube.ide.mcu.externaltools.gnu-tools-for-stm32.12.3.rel1.macos64_1.1.0.202410301201/tools/bin/../lib/gcc/arm-none-eabi/12.3.1/thumb/v6-m/nofp/crtbegin.o
 *(.bss*)
 .bss.hadc1     0x20000150       0x64 ./Core/Src/adc.o
                0x20000150                hadc1
 .bss.image_leds
                0x200001b4      0x6e0 ./Core/Src/app_freertos.o
                0x200001b4                image_leds
 .bss.driveLEDHandle
                0x20000894        0x4 ./Core/Src/app_freertos.o
                0x20000894                driveLEDHandle
 .bss.hi2c1     0x20000898       0x54 ./Core/Src/i2c.o
                0x20000898                hi2c1
 .bss.current_frame
                0x200008ec        0x1 ./Core/Src/main.o
                0x200008ec                current_frame
 *fill*         0x200008ed        0x1 
 .bss.i         0x200008ee        0x2 ./Core/Src/main.o
                0x200008ee                i
 .bss.hspi2     0x200008f0       0x64 ./Core/Src/spi.o
                0x200008f0                hspi2
 .bss.htim6     0x20000954       0x4c ./Core/Src/stm32g0xx_hal_timebase_tim.o
                0x20000954                htim6
 .bss.htim3     0x200009a0       0x4c ./Core/Src/tim.o
                0x200009a0                htim3
 .bss.htim14    0x200009ec       0x4c ./Core/Src/tim.o
                0x200009ec                htim14
 .bss.huart1    0x20000a38       0x94 ./Core/Src/usart.o
                0x20000a38                huart1
 .bss.uwTick    0x20000acc        0x4 ./Drivers/STM32G0xx_HAL_Driver/Src/stm32g0xx_hal.o
                0x20000acc                uwTick
 .bss.USERPath  0x20000ad0        0x4 ./FATFS/App/app_fatfs.o
                0x20000ad0                USERPath
 .bss.Appli_state
                0x20000ad4        0x1 ./FATFS/App/app_fatfs.o
                0x20000ad4                Appli_state
 *fill*         0x20000ad5        0x3 
 .bss.FatFs     0x20000ad8        0x4 ./Middlewares/Third_Party/FatFs/src/ff.o
 .bss.Fsid      0x20000adc        0x2 ./Middlewares/Third_Party/FatFs/src/ff.o
 *fill*         0x20000ade        0x2 
 .bss.Files     0x20000ae0       0x20 ./Middlewares/Third_Party/FatFs/src/ff.o
 .bss.disk      0x20000b00        0xc ./Middlewares/Third_Party/FatFs/src/ff_gen_drv.o
                0x20000b00                disk
 .bss.KernelState
                0x20000b0c        0x4 ./Middlewares/Third_Party/FreeRTOS/Source/CMSIS_RTOS_V2/cmsis_os2.o
 .bss.Idle_TCB.3
                0x20000b10       0xa8 ./Middlewares/Third_Party/FreeRTOS/Source/CMSIS_RTOS_V2/cmsis_os2.o
 .bss.Idle_Stack.2
                0x20000bb8      0x200 ./Middlewares/Third_Party/FreeRTOS/Source/CMSIS_RTOS_V2/cmsis_os2.o
 .bss.Timer_TCB.1
                0x20000db8       0xa8 ./Middlewares/Third_Party/FreeRTOS/Source/CMSIS_RTOS_V2/cmsis_os2.o
 .bss.Timer_Stack.0
                0x20000e60      0x400 ./Middlewares/Third_Party/FreeRTOS/Source/CMSIS_RTOS_V2/cmsis_os2.o
 .bss.xQueueRegistry
                0x20001260       0x40 ./Middlewares/Third_Party/FreeRTOS/Source/queue.o
                0x20001260                xQueueRegistry
 .bss.pxCurrentTCB
                0x200012a0        0x4 ./Middlewares/Third_Party/FreeRTOS/Source/tasks.o
                0x200012a0                pxCurrentTCB
 .bss.pxReadyTasksLists
                0x200012a4      0x460 ./Middlewares/Third_Party/FreeRTOS/Source/tasks.o
 .bss.xDelayedTaskList1
                0x20001704       0x14 ./Middlewares/Third_Party/FreeRTOS/Source/tasks.o
 .bss.xDelayedTaskList2
                0x20001718       0x14 ./Middlewares/Third_Party/FreeRTOS/Source/tasks.o
 .bss.pxDelayedTaskList
                0x2000172c        0x4 ./Middlewares/Third_Party/FreeRTOS/Source/tasks.o
 .bss.pxOverflowDelayedTaskList
                0x20001730        0x4 ./Middlewares/Third_Party/FreeRTOS/Source/tasks.o
 .bss.xPendingReadyList
                0x20001734       0x14 ./Middlewares/Third_Party/FreeRTOS/Source/tasks.o
 .bss.xTasksWaitingTermination
                0x20001748       0x14 ./Middlewares/Third_Party/FreeRTOS/Source/tasks.o
 .bss.uxDeletedTasksWaitingCleanUp
                0x2000175c        0x4 ./Middlewares/Third_Party/FreeRTOS/Source/tasks.o
 .bss.xSuspendedTaskList
                0x20001760       0x14 ./Middlewares/Third_Party/FreeRTOS/Source/tasks.o
 .bss.uxCurrentNumberOfTasks
                0x20001774        0x4 ./Middlewares/Third_Party/FreeRTOS/Source/tasks.o
 .bss.xTickCount
                0x20001778        0x4 ./Middlewares/Third_Party/FreeRTOS/Source/tasks.o
 .bss.uxTopReadyPriority
                0x2000177c        0x4 ./Middlewares/Third_Party/FreeRTOS/Source/tasks.o
 .bss.xSchedulerRunning
                0x20001780        0x4 ./Middlewares/Third_Party/FreeRTOS/Source/tasks.o
 .bss.xPendedTicks
                0x20001784        0x4 ./Middlewares/Third_Party/FreeRTOS/Source/tasks.o
 .bss.xYieldPending
                0x20001788        0x4 ./Middlewares/Third_Party/FreeRTOS/Source/tasks.o
 .bss.xNumOfOverflows
                0x2000178c        0x4 ./Middlewares/Third_Party/FreeRTOS/Source/tasks.o
 .bss.uxTaskNumber
                0x20001790        0x4 ./Middlewares/Third_Party/FreeRTOS/Source/tasks.o
 .bss.xNextTaskUnblockTime
                0x20001794        0x4 ./Middlewares/Third_Party/FreeRTOS/Source/tasks.o
 .bss.xIdleTaskHandle
                0x20001798        0x4 ./Middlewares/Third_Party/FreeRTOS/Source/tasks.o
 .bss.uxSchedulerSuspended
                0x2000179c        0x4 ./Middlewares/Third_Party/FreeRTOS/Source/tasks.o
 .bss.xActiveTimerList1
                0x200017a0       0x14 ./Middlewares/Third_Party/FreeRTOS/Source/timers.o
 .bss.xActiveTimerList2
                0x200017b4       0x14 ./Middlewares/Third_Party/FreeRTOS/Source/timers.o
 .bss.pxCurrentTimerList
                0x200017c8        0x4 ./Middlewares/Third_Party/FreeRTOS/Source/timers.o
 .bss.pxOverflowTimerList
                0x200017cc        0x4 ./Middlewares/Third_Party/FreeRTOS/Source/timers.o
 .bss.xTimerQueue
                0x200017d0        0x4 ./Middlewares/Third_Party/FreeRTOS/Source/timers.o
 .bss.xTimerTaskHandle
                0x200017d4        0x4 ./Middlewares/Third_Party/FreeRTOS/Source/timers.o
 .bss.xLastTime.2
                0x200017d8        0x4 ./Middlewares/Third_Party/FreeRTOS/Source/timers.o
 .bss.ucStaticTimerQueueStorage.1
                0x200017dc       0xa0 ./Middlewares/Third_Party/FreeRTOS/Source/timers.o
 .bss.xStaticTimerQueue.0
                0x2000187c       0x50 ./Middlewares/Third_Party/FreeRTOS/Source/timers.o
 .bss.ucHeap    0x200018cc      0xc00 ./Middlewares/Third_Party/FreeRTOS/Source/portable/MemMang/heap_4.o
 .bss.xStart    0x200024cc        0x8 ./Middlewares/Third_Party/FreeRTOS/Source/portable/MemMang/heap_4.o
 .bss.pxEnd     0x200024d4        0x4 ./Middlewares/Third_Party/FreeRTOS/Source/portable/MemMang/heap_4.o
 .bss.xFreeBytesRemaining
                0x200024d8        0x4 ./Middlewares/Third_Party/FreeRTOS/Source/portable/MemMang/heap_4.o
 .bss.xMinimumEverFreeBytesRemaining
                0x200024dc        0x4 ./Middlewares/Third_Party/FreeRTOS/Source/portable/MemMang/heap_4.o
 .bss.xNumberOfSuccessfulAllocations
                0x200024e0        0x4 ./Middlewares/Third_Party/FreeRTOS/Source/portable/MemMang/heap_4.o
 .bss.xNumberOfSuccessfulFrees
                0x200024e4        0x4 ./Middlewares/Third_Party/FreeRTOS/Source/portable/MemMang/heap_4.o
 .bss.xBlockAllocatedBit
                0x200024e8        0x4 ./Middlewares/Third_Party/FreeRTOS/Source/portable/MemMang/heap_4.o
 .bss.__sf      0x200024ec      0x138 /Applications/STM32CubeIDE.app/Contents/Eclipse/plugins/com.st.stm32cube.ide.mcu.externaltools.gnu-tools-for-stm32.12.3.rel1.macos64_1.1.0.202410301201/tools/bin/../lib/gcc/arm-none-eabi/12.3.1/../../../../arm-none-eabi/lib/thumb/v6-m/nofp/libc_nano.a(libc_a-findfp.o)
                0x200024ec                __sf
 .bss.__lock___malloc_recursive_mutex
                0x20002624        0x1 /Applications/STM32CubeIDE.app/Contents/Eclipse/plugins/com.st.stm32cube.ide.mcu.externaltools.gnu-tools-for-stm32.12.3.rel1.macos64_1.1.0.202410301201/tools/bin/../lib/gcc/arm-none-eabi/12.3.1/../../../../arm-none-eabi/lib/thumb/v6-m/nofp/libc_nano.a(libc_a-lock.o)
                0x20002624                __lock___malloc_recursive_mutex
 *fill*         0x20002625        0x3 
 .bss.__malloc_free_list
                0x20002628        0x4 /Applications/STM32CubeIDE.app/Contents/Eclipse/plugins/com.st.stm32cube.ide.mcu.externaltools.gnu-tools-for-stm32.12.3.rel1.macos64_1.1.0.202410301201/tools/bin/../lib/gcc/arm-none-eabi/12.3.1/../../../../arm-none-eabi/lib/thumb/v6-m/nofp/libc_nano.a(libc_a-mallocr.o)
                0x20002628                __malloc_free_list
 *(COMMON)
                0x2000262c                        . = ALIGN (0x4)
                0x2000262c                        _ebss = .
                0x2000262c                        __bss_end__ = _ebss

._user_heap_stack
                0x2000262c      0x604 load address 0x0800b400
                0x20002630                        . = ALIGN (0x8)
 *fill*         0x2000262c        0x4 
                [!provide]                        PROVIDE (end = .)
                0x20002630                        PROVIDE (_end = .)
                0x20002830                        . = (. + _Min_Heap_Size)
 *fill*         0x20002630      0x200 
                0x20002c30                        . = (. + _Min_Stack_Size)
 *fill*         0x20002830      0x400 
                0x20002c30                        . = ALIGN (0x8)

/DISCARD/
 libc.a(*)
 libm.a(*)
 libgcc.a(*)

.ARM.attributes
                0x00000000       0x28
 *(.ARM.attributes)
 .ARM.attributes
                0x00000000       0x1e /Applications/STM32CubeIDE.app/Contents/Eclipse/plugins/com.st.stm32cube.ide.mcu.externaltools.gnu-tools-for-stm32.12.3.rel1.macos64_1.1.0.202410301201/tools/bin/../lib/gcc/arm-none-eabi/12.3.1/thumb/v6-m/nofp/crti.o
 .ARM.attributes
                0x0000001e       0x2c /Applications/STM32CubeIDE.app/Contents/Eclipse/plugins/com.st.stm32cube.ide.mcu.externaltools.gnu-tools-for-stm32.12.3.rel1.macos64_1.1.0.202410301201/tools/bin/../lib/gcc/arm-none-eabi/12.3.1/thumb/v6-m/nofp/crtbegin.o
 .ARM.attributes
                0x0000004a       0x2c ./Core/Src/adc.o
 .ARM.attributes
                0x00000076       0x2c ./Core/Src/app_freertos.o
 .ARM.attributes
                0x000000a2       0x2c ./Core/Src/gpio.o
 .ARM.attributes
                0x000000ce       0x2c ./Core/Src/i2c.o
 .ARM.attributes
                0x000000fa       0x2c ./Core/Src/main.o
 .ARM.attributes
                0x00000126       0x2c ./Core/Src/spi.o
 .ARM.attributes
                0x00000152       0x2c ./Core/Src/stm32g0xx_hal_msp.o
 .ARM.attributes
                0x0000017e       0x2c ./Core/Src/stm32g0xx_hal_timebase_tim.o
 .ARM.attributes
                0x000001aa       0x2c ./Core/Src/stm32g0xx_it.o
 .ARM.attributes
                0x000001d6       0x2c ./Core/Src/system_stm32g0xx.o
 .ARM.attributes
                0x00000202       0x2c ./Core/Src/tim.o
 .ARM.attributes
                0x0000022e       0x2c ./Core/Src/usart.o
 .ARM.attributes
                0x0000025a       0x22 ./Core/Startup/startup_stm32g070rbtx.o
 .ARM.attributes
                0x0000027c       0x2c ./Drivers/STM32G0xx_HAL_Driver/Src/stm32g0xx_hal.o
 .ARM.attributes
                0x000002a8       0x2c ./Drivers/STM32G0xx_HAL_Driver/Src/stm32g0xx_hal_adc.o
 .ARM.attributes
                0x000002d4       0x2c ./Drivers/STM32G0xx_HAL_Driver/Src/stm32g0xx_hal_cortex.o
 .ARM.attributes
                0x00000300       0x2c ./Drivers/STM32G0xx_HAL_Driver/Src/stm32g0xx_hal_dma.o
 .ARM.attributes
                0x0000032c       0x2c ./Drivers/STM32G0xx_HAL_Driver/Src/stm32g0xx_hal_gpio.o
 .ARM.attributes
                0x00000358       0x2c ./Drivers/STM32G0xx_HAL_Driver/Src/stm32g0xx_hal_i2c.o
 .ARM.attributes
                0x00000384       0x2c ./Drivers/STM32G0xx_HAL_Driver/Src/stm32g0xx_hal_i2c_ex.o
 .ARM.attributes
                0x000003b0       0x2c ./Drivers/STM32G0xx_HAL_Driver/Src/stm32g0xx_hal_pwr_ex.o
 .ARM.attributes
                0x000003dc       0x2c ./Drivers/STM32G0xx_HAL_Driver/Src/stm32g0xx_hal_rcc.o
 .ARM.attributes
                0x00000408       0x2c ./Drivers/STM32G0xx_HAL_Driver/Src/stm32g0xx_hal_rcc_ex.o
 .ARM.attributes
                0x00000434       0x2c ./Drivers/STM32G0xx_HAL_Driver/Src/stm32g0xx_hal_spi.o
 .ARM.attributes
                0x00000460       0x2c ./Drivers/STM32G0xx_HAL_Driver/Src/stm32g0xx_hal_tim.o
 .ARM.attributes
                0x0000048c       0x2c ./Drivers/STM32G0xx_HAL_Driver/Src/stm32g0xx_hal_tim_ex.o
 .ARM.attributes
                0x000004b8       0x2c ./Drivers/STM32G0xx_HAL_Driver/Src/stm32g0xx_hal_uart.o
 .ARM.attributes
                0x000004e4       0x2c ./Drivers/STM32G0xx_HAL_Driver/Src/stm32g0xx_hal_uart_ex.o
 .ARM.attributes
                0x00000510       0x2c ./FATFS/App/app_fatfs.o
 .ARM.attributes
                0x0000053c       0x2c ./FATFS/Target/user_diskio.o
 .ARM.attributes
                0x00000568       0x2c ./Middlewares/Third_Party/FatFs/src/diskio.o
 .ARM.attributes
                0x00000594       0x2c ./Middlewares/Third_Party/FatFs/src/ff.o
 .ARM.attributes
                0x000005c0       0x2c ./Middlewares/Third_Party/FatFs/src/ff_gen_drv.o
 .ARM.attributes
                0x000005ec       0x2c ./Middlewares/Third_Party/FreeRTOS/Source/CMSIS_RTOS_V2/cmsis_os2.o
 .ARM.attributes
                0x00000618       0x2c ./Middlewares/Third_Party/FreeRTOS/Source/list.o
 .ARM.attributes
                0x00000644       0x2c ./Middlewares/Third_Party/FreeRTOS/Source/queue.o
 .ARM.attributes
                0x00000670       0x2c ./Middlewares/Third_Party/FreeRTOS/Source/tasks.o
 .ARM.attributes
                0x0000069c       0x2c ./Middlewares/Third_Party/FreeRTOS/Source/timers.o
 .ARM.attributes
                0x000006c8       0x2c ./Middlewares/Third_Party/FreeRTOS/Source/portable/GCC/ARM_CM0/port.o
 .ARM.attributes
                0x000006f4       0x2c ./Middlewares/Third_Party/FreeRTOS/Source/portable/MemMang/heap_4.o
 .ARM.attributes
                0x00000720       0x2c /Applications/STM32CubeIDE.app/Contents/Eclipse/plugins/com.st.stm32cube.ide.mcu.externaltools.gnu-tools-for-stm32.12.3.rel1.macos64_1.1.0.202410301201/tools/bin/../lib/gcc/arm-none-eabi/12.3.1/../../../../arm-none-eabi/lib/thumb/v6-m/nofp/libc_nano.a(libc_a-findfp.o)
 .ARM.attributes
                0x0000074c       0x2c /Applications/STM32CubeIDE.app/Contents/Eclipse/plugins/com.st.stm32cube.ide.mcu.externaltools.gnu-tools-for-stm32.12.3.rel1.macos64_1.1.0.202410301201/tools/bin/../lib/gcc/arm-none-eabi/12.3.1/../../../../arm-none-eabi/lib/thumb/v6-m/nofp/libc_nano.a(libc_a-memset.o)
 .ARM.attributes
                0x00000778       0x2c /Applications/STM32CubeIDE.app/Contents/Eclipse/plugins/com.st.stm32cube.ide.mcu.externaltools.gnu-tools-for-stm32.12.3.rel1.macos64_1.1.0.202410301201/tools/bin/../lib/gcc/arm-none-eabi/12.3.1/../../../../arm-none-eabi/lib/thumb/v6-m/nofp/libc_nano.a(libc_a-reent.o)
 .ARM.attributes
                0x000007a4       0x2c /Applications/STM32CubeIDE.app/Contents/Eclipse/plugins/com.st.stm32cube.ide.mcu.externaltools.gnu-tools-for-stm32.12.3.rel1.macos64_1.1.0.202410301201/tools/bin/../lib/gcc/arm-none-eabi/12.3.1/../../../../arm-none-eabi/lib/thumb/v6-m/nofp/libc_nano.a(libc_a-impure.o)
 .ARM.attributes
                0x000007d0       0x2c /Applications/STM32CubeIDE.app/Contents/Eclipse/plugins/com.st.stm32cube.ide.mcu.externaltools.gnu-tools-for-stm32.12.3.rel1.macos64_1.1.0.202410301201/tools/bin/../lib/gcc/arm-none-eabi/12.3.1/../../../../arm-none-eabi/lib/thumb/v6-m/nofp/libc_nano.a(libc_a-init.o)
 .ARM.attributes
                0x000007fc       0x2c /Applications/STM32CubeIDE.app/Contents/Eclipse/plugins/com.st.stm32cube.ide.mcu.externaltools.gnu-tools-for-stm32.12.3.rel1.macos64_1.1.0.202410301201/tools/bin/../lib/gcc/arm-none-eabi/12.3.1/../../../../arm-none-eabi/lib/thumb/v6-m/nofp/libc_nano.a(libc_a-lock.o)
 .ARM.attributes
                0x00000828       0x2c /Applications/STM32CubeIDE.app/Contents/Eclipse/plugins/com.st.stm32cube.ide.mcu.externaltools.gnu-tools-for-stm32.12.3.rel1.macos64_1.1.0.202410301201/tools/bin/../lib/gcc/arm-none-eabi/12.3.1/../../../../arm-none-eabi/lib/thumb/v6-m/nofp/libc_nano.a(libc_a-memcpy-stub.o)
 .ARM.attributes
                0x00000854       0x2c /Applications/STM32CubeIDE.app/Contents/Eclipse/plugins/com.st.stm32cube.ide.mcu.externaltools.gnu-tools-for-stm32.12.3.rel1.macos64_1.1.0.202410301201/tools/bin/../lib/gcc/arm-none-eabi/12.3.1/../../../../arm-none-eabi/lib/thumb/v6-m/nofp/libc_nano.a(libc_a-freer.o)
 .ARM.attributes
                0x00000880       0x2c /Applications/STM32CubeIDE.app/Contents/Eclipse/plugins/com.st.stm32cube.ide.mcu.externaltools.gnu-tools-for-stm32.12.3.rel1.macos64_1.1.0.202410301201/tools/bin/../lib/gcc/arm-none-eabi/12.3.1/../../../../arm-none-eabi/lib/thumb/v6-m/nofp/libc_nano.a(libc_a-mallocr.o)
 .ARM.attributes
                0x000008ac       0x2c /Applications/STM32CubeIDE.app/Contents/Eclipse/plugins/com.st.stm32cube.ide.mcu.externaltools.gnu-tools-for-stm32.12.3.rel1.macos64_1.1.0.202410301201/tools/bin/../lib/gcc/arm-none-eabi/12.3.1/../../../../arm-none-eabi/lib/thumb/v6-m/nofp/libc_nano.a(libc_a-mlock.o)
 .ARM.attributes
                0x000008d8       0x1e /Applications/STM32CubeIDE.app/Contents/Eclipse/plugins/com.st.stm32cube.ide.mcu.externaltools.gnu-tools-for-stm32.12.3.rel1.macos64_1.1.0.202410301201/tools/bin/../lib/gcc/arm-none-eabi/12.3.1/thumb/v6-m/nofp/libgcc.a(_udivsi3.o)
 .ARM.attributes
                0x000008f6       0x1e /Applications/STM32CubeIDE.app/Contents/Eclipse/plugins/com.st.stm32cube.ide.mcu.externaltools.gnu-tools-for-stm32.12.3.rel1.macos64_1.1.0.202410301201/tools/bin/../lib/gcc/arm-none-eabi/12.3.1/thumb/v6-m/nofp/libgcc.a(_divsi3.o)
 .ARM.attributes
                0x00000914       0x1e /Applications/STM32CubeIDE.app/Contents/Eclipse/plugins/com.st.stm32cube.ide.mcu.externaltools.gnu-tools-for-stm32.12.3.rel1.macos64_1.1.0.202410301201/tools/bin/../lib/gcc/arm-none-eabi/12.3.1/thumb/v6-m/nofp/libgcc.a(_dvmd_tls.o)
 .ARM.attributes
                0x00000932       0x1e /Applications/STM32CubeIDE.app/Contents/Eclipse/plugins/com.st.stm32cube.ide.mcu.externaltools.gnu-tools-for-stm32.12.3.rel1.macos64_1.1.0.202410301201/tools/bin/../lib/gcc/arm-none-eabi/12.3.1/thumb/v6-m/nofp/crtn.o
OUTPUT(Capstone.elf elf32-littlearm)
LOAD linker stubs
LOAD /Applications/STM32CubeIDE.app/Contents/Eclipse/plugins/com.st.stm32cube.ide.mcu.externaltools.gnu-tools-for-stm32.12.3.rel1.macos64_1.1.0.202410301201/tools/bin/../lib/gcc/arm-none-eabi/12.3.1/../../../../arm-none-eabi/lib/thumb/v6-m/nofp/libc.a
LOAD /Applications/STM32CubeIDE.app/Contents/Eclipse/plugins/com.st.stm32cube.ide.mcu.externaltools.gnu-tools-for-stm32.12.3.rel1.macos64_1.1.0.202410301201/tools/bin/../lib/gcc/arm-none-eabi/12.3.1/../../../../arm-none-eabi/lib/thumb/v6-m/nofp/libm.a
LOAD /Applications/STM32CubeIDE.app/Contents/Eclipse/plugins/com.st.stm32cube.ide.mcu.externaltools.gnu-tools-for-stm32.12.3.rel1.macos64_1.1.0.202410301201/tools/bin/../lib/gcc/arm-none-eabi/12.3.1/thumb/v6-m/nofp/libgcc.a

.debug_info     0x00000000    0x27422
 .debug_info    0x00000000      0xb2b ./Core/Src/adc.o
 .debug_info    0x00000b2b      0x5a7 ./Core/Src/app_freertos.o
 .debug_info    0x000010d2      0x4b9 ./Core/Src/gpio.o
 .debug_info    0x0000158b      0xbff ./Core/Src/i2c.o
 .debug_info    0x0000218a     0x1728 ./Core/Src/main.o
 .debug_info    0x000038b2      0xb1e ./Core/Src/spi.o
 .debug_info    0x000043d0      0x35c ./Core/Src/stm32g0xx_hal_msp.o
 .debug_info    0x0000472c      0xb73 ./Core/Src/stm32g0xx_hal_timebase_tim.o
 .debug_info    0x0000529f      0xde1 ./Core/Src/stm32g0xx_it.o
 .debug_info    0x00006080      0x316 ./Core/Src/system_stm32g0xx.o
 .debug_info    0x00006396      0xe2c ./Core/Src/tim.o
 .debug_info    0x000071c2      0xca7 ./Core/Src/usart.o
 .debug_info    0x00007e69       0x30 ./Core/Startup/startup_stm32g070rbtx.o
 .debug_info    0x00007e99      0x8ef ./Drivers/STM32G0xx_HAL_Driver/Src/stm32g0xx_hal.o
 .debug_info    0x00008788     0x155e ./Drivers/STM32G0xx_HAL_Driver/Src/stm32g0xx_hal_adc.o
 .debug_info    0x00009ce6      0x8c1 ./Drivers/STM32G0xx_HAL_Driver/Src/stm32g0xx_hal_cortex.o
 .debug_info    0x0000a5a7      0x86b ./Drivers/STM32G0xx_HAL_Driver/Src/stm32g0xx_hal_dma.o
 .debug_info    0x0000ae12      0x59d ./Drivers/STM32G0xx_HAL_Driver/Src/stm32g0xx_hal_gpio.o
 .debug_info    0x0000b3af     0x21bc ./Drivers/STM32G0xx_HAL_Driver/Src/stm32g0xx_hal_i2c.o
 .debug_info    0x0000d56b      0x9d9 ./Drivers/STM32G0xx_HAL_Driver/Src/stm32g0xx_hal_i2c_ex.o
 .debug_info    0x0000df44      0x496 ./Drivers/STM32G0xx_HAL_Driver/Src/stm32g0xx_hal_pwr_ex.o
 .debug_info    0x0000e3da      0xad4 ./Drivers/STM32G0xx_HAL_Driver/Src/stm32g0xx_hal_rcc.o
 .debug_info    0x0000eeae      0x737 ./Drivers/STM32G0xx_HAL_Driver/Src/stm32g0xx_hal_rcc_ex.o
 .debug_info    0x0000f5e5     0x1720 ./Drivers/STM32G0xx_HAL_Driver/Src/stm32g0xx_hal_spi.o
 .debug_info    0x00010d05     0x2ba7 ./Drivers/STM32G0xx_HAL_Driver/Src/stm32g0xx_hal_tim.o
 .debug_info    0x000138ac     0x18b8 ./Drivers/STM32G0xx_HAL_Driver/Src/stm32g0xx_hal_tim_ex.o
 .debug_info    0x00015164     0x483c ./Drivers/STM32G0xx_HAL_Driver/Src/stm32g0xx_hal_uart.o
 .debug_info    0x000199a0      0xf95 ./Drivers/STM32G0xx_HAL_Driver/Src/stm32g0xx_hal_uart_ex.o
 .debug_info    0x0001a935      0x571 ./FATFS/App/app_fatfs.o
 .debug_info    0x0001aea6      0x36c ./FATFS/Target/user_diskio.o
 .debug_info    0x0001b212      0x411 ./Middlewares/Third_Party/FatFs/src/diskio.o
 .debug_info    0x0001b623     0x2229 ./Middlewares/Third_Party/FatFs/src/ff.o
 .debug_info    0x0001d84c      0x3b1 ./Middlewares/Third_Party/FatFs/src/ff_gen_drv.o
 .debug_info    0x0001dbfd     0x3d7e ./Middlewares/Third_Party/FreeRTOS/Source/CMSIS_RTOS_V2/cmsis_os2.o
 .debug_info    0x0002197b      0x2af ./Middlewares/Third_Party/FreeRTOS/Source/list.o
 .debug_info    0x00021c2a     0x155a ./Middlewares/Third_Party/FreeRTOS/Source/queue.o
 .debug_info    0x00023184     0x22af ./Middlewares/Third_Party/FreeRTOS/Source/tasks.o
 .debug_info    0x00025433     0x1933 ./Middlewares/Third_Party/FreeRTOS/Source/timers.o
 .debug_info    0x00026d66      0x289 ./Middlewares/Third_Party/FreeRTOS/Source/portable/GCC/ARM_CM0/port.o
 .debug_info    0x00026fef      0x433 ./Middlewares/Third_Party/FreeRTOS/Source/portable/MemMang/heap_4.o

.debug_abbrev   0x00000000     0x57f8
 .debug_abbrev  0x00000000      0x1f4 ./Core/Src/adc.o
 .debug_abbrev  0x000001f4      0x1d9 ./Core/Src/app_freertos.o
 .debug_abbrev  0x000003cd      0x167 ./Core/Src/gpio.o
 .debug_abbrev  0x00000534      0x23b ./Core/Src/i2c.o
 .debug_abbrev  0x0000076f      0x34e ./Core/Src/main.o
 .debug_abbrev  0x00000abd      0x216 ./Core/Src/spi.o
 .debug_abbrev  0x00000cd3      0x11e ./Core/Src/stm32g0xx_hal_msp.o
 .debug_abbrev  0x00000df1      0x223 ./Core/Src/stm32g0xx_hal_timebase_tim.o
 .debug_abbrev  0x00001014      0x1b7 ./Core/Src/stm32g0xx_it.o
 .debug_abbrev  0x000011cb      0x119 ./Core/Src/system_stm32g0xx.o
 .debug_abbrev  0x000012e4      0x22b ./Core/Src/tim.o
 .debug_abbrev  0x0000150f      0x22b ./Core/Src/usart.o
 .debug_abbrev  0x0000173a       0x24 ./Core/Startup/startup_stm32g070rbtx.o
 .debug_abbrev  0x0000175e      0x2b4 ./Drivers/STM32G0xx_HAL_Driver/Src/stm32g0xx_hal.o
 .debug_abbrev  0x00001a12      0x267 ./Drivers/STM32G0xx_HAL_Driver/Src/stm32g0xx_hal_adc.o
 .debug_abbrev  0x00001c79      0x2ab ./Drivers/STM32G0xx_HAL_Driver/Src/stm32g0xx_hal_cortex.o
 .debug_abbrev  0x00001f24      0x1e1 ./Drivers/STM32G0xx_HAL_Driver/Src/stm32g0xx_hal_dma.o
 .debug_abbrev  0x00002105      0x1c3 ./Drivers/STM32G0xx_HAL_Driver/Src/stm32g0xx_hal_gpio.o
 .debug_abbrev  0x000022c8      0x291 ./Drivers/STM32G0xx_HAL_Driver/Src/stm32g0xx_hal_i2c.o
 .debug_abbrev  0x00002559      0x1ea ./Drivers/STM32G0xx_HAL_Driver/Src/stm32g0xx_hal_i2c_ex.o
 .debug_abbrev  0x00002743      0x1d7 ./Drivers/STM32G0xx_HAL_Driver/Src/stm32g0xx_hal_pwr_ex.o
 .debug_abbrev  0x0000291a      0x2a9 ./Drivers/STM32G0xx_HAL_Driver/Src/stm32g0xx_hal_rcc.o
 .debug_abbrev  0x00002bc3      0x229 ./Drivers/STM32G0xx_HAL_Driver/Src/stm32g0xx_hal_rcc_ex.o
 .debug_abbrev  0x00002dec      0x28f ./Drivers/STM32G0xx_HAL_Driver/Src/stm32g0xx_hal_spi.o
 .debug_abbrev  0x0000307b      0x29b ./Drivers/STM32G0xx_HAL_Driver/Src/stm32g0xx_hal_tim.o
 .debug_abbrev  0x00003316      0x2ab ./Drivers/STM32G0xx_HAL_Driver/Src/stm32g0xx_hal_tim_ex.o
 .debug_abbrev  0x000035c1      0x326 ./Drivers/STM32G0xx_HAL_Driver/Src/stm32g0xx_hal_uart.o
 .debug_abbrev  0x000038e7      0x2e5 ./Drivers/STM32G0xx_HAL_Driver/Src/stm32g0xx_hal_uart_ex.o
 .debug_abbrev  0x00003bcc      0x1a6 ./FATFS/App/app_fatfs.o
 .debug_abbrev  0x00003d72      0x14e ./FATFS/Target/user_diskio.o
 .debug_abbrev  0x00003ec0      0x17e ./Middlewares/Third_Party/FatFs/src/diskio.o
 .debug_abbrev  0x0000403e      0x293 ./Middlewares/Third_Party/FatFs/src/ff.o
 .debug_abbrev  0x000042d1      0x19c ./Middlewares/Third_Party/FatFs/src/ff_gen_drv.o
 .debug_abbrev  0x0000446d      0x4ed ./Middlewares/Third_Party/FreeRTOS/Source/CMSIS_RTOS_V2/cmsis_os2.o
 .debug_abbrev  0x0000495a       0xf5 ./Middlewares/Third_Party/FreeRTOS/Source/list.o
 .debug_abbrev  0x00004a4f      0x33a ./Middlewares/Third_Party/FreeRTOS/Source/queue.o
 .debug_abbrev  0x00004d89      0x3a2 ./Middlewares/Third_Party/FreeRTOS/Source/tasks.o
 .debug_abbrev  0x0000512b      0x328 ./Middlewares/Third_Party/FreeRTOS/Source/timers.o
 .debug_abbrev  0x00005453      0x1ec ./Middlewares/Third_Party/FreeRTOS/Source/portable/GCC/ARM_CM0/port.o
 .debug_abbrev  0x0000563f      0x1b9 ./Middlewares/Third_Party/FreeRTOS/Source/portable/MemMang/heap_4.o

.debug_aranges  0x00000000     0x2118
 .debug_aranges
                0x00000000       0x30 ./Core/Src/adc.o
 .debug_aranges
                0x00000030       0x28 ./Core/Src/app_freertos.o
 .debug_aranges
                0x00000058       0x20 ./Core/Src/gpio.o
 .debug_aranges
                0x00000078       0x30 ./Core/Src/i2c.o
 .debug_aranges
                0x000000a8       0x58 ./Core/Src/main.o
 .debug_aranges
                0x00000100       0x30 ./Core/Src/spi.o
 .debug_aranges
                0x00000130       0x20 ./Core/Src/stm32g0xx_hal_msp.o
 .debug_aranges
                0x00000150       0x30 ./Core/Src/stm32g0xx_hal_timebase_tim.o
 .debug_aranges
                0x00000180       0x48 ./Core/Src/stm32g0xx_it.o
 .debug_aranges
                0x000001c8       0x28 ./Core/Src/system_stm32g0xx.o
 .debug_aranges
                0x000001f0       0x40 ./Core/Src/tim.o
 .debug_aranges
                0x00000230       0x40 ./Core/Src/usart.o
 .debug_aranges
                0x00000270       0x28 ./Core/Startup/startup_stm32g070rbtx.o
 .debug_aranges
                0x00000298       0xf8 ./Drivers/STM32G0xx_HAL_Driver/Src/stm32g0xx_hal.o
 .debug_aranges
                0x00000390      0x1f0 ./Drivers/STM32G0xx_HAL_Driver/Src/stm32g0xx_hal_adc.o
 .debug_aranges
                0x00000580       0xe8 ./Drivers/STM32G0xx_HAL_Driver/Src/stm32g0xx_hal_cortex.o
 .debug_aranges
                0x00000668       0x90 ./Drivers/STM32G0xx_HAL_Driver/Src/stm32g0xx_hal_dma.o
 .debug_aranges
                0x000006f8       0x60 ./Drivers/STM32G0xx_HAL_Driver/Src/stm32g0xx_hal_gpio.o
 .debug_aranges
                0x00000758      0x2a0 ./Drivers/STM32G0xx_HAL_Driver/Src/stm32g0xx_hal_i2c.o
 .debug_aranges
                0x000009f8       0x48 ./Drivers/STM32G0xx_HAL_Driver/Src/stm32g0xx_hal_i2c_ex.o
 .debug_aranges
                0x00000a40       0x98 ./Drivers/STM32G0xx_HAL_Driver/Src/stm32g0xx_hal_pwr_ex.o
 .debug_aranges
                0x00000ad8       0xa0 ./Drivers/STM32G0xx_HAL_Driver/Src/stm32g0xx_hal_rcc.o
 .debug_aranges
                0x00000b78       0x40 ./Drivers/STM32G0xx_HAL_Driver/Src/stm32g0xx_hal_rcc_ex.o
 .debug_aranges
                0x00000bb8      0x1d8 ./Drivers/STM32G0xx_HAL_Driver/Src/stm32g0xx_hal_spi.o
 .debug_aranges
                0x00000d90      0x3e0 ./Drivers/STM32G0xx_HAL_Driver/Src/stm32g0xx_hal_tim.o
 .debug_aranges
                0x00001170      0x198 ./Drivers/STM32G0xx_HAL_Driver/Src/stm32g0xx_hal_tim_ex.o
 .debug_aranges
                0x00001308      0x248 ./Drivers/STM32G0xx_HAL_Driver/Src/stm32g0xx_hal_uart.o
 .debug_aranges
                0x00001550       0xa8 ./Drivers/STM32G0xx_HAL_Driver/Src/stm32g0xx_hal_uart_ex.o
 .debug_aranges
                0x000015f8       0x30 ./FATFS/App/app_fatfs.o
 .debug_aranges
                0x00001628       0x40 ./FATFS/Target/user_diskio.o
 .debug_aranges
                0x00001668       0x48 ./Middlewares/Third_Party/FatFs/src/diskio.o
 .debug_aranges
                0x000016b0      0x208 ./Middlewares/Third_Party/FatFs/src/ff.o
 .debug_aranges
                0x000018b8       0x40 ./Middlewares/Third_Party/FatFs/src/ff_gen_drv.o
 .debug_aranges
                0x000018f8      0x2b0 ./Middlewares/Third_Party/FreeRTOS/Source/CMSIS_RTOS_V2/cmsis_os2.o
 .debug_aranges
                0x00001ba8       0x40 ./Middlewares/Third_Party/FreeRTOS/Source/list.o
 .debug_aranges
                0x00001be8      0x158 ./Middlewares/Third_Party/FreeRTOS/Source/queue.o
 .debug_aranges
                0x00001d40      0x208 ./Middlewares/Third_Party/FreeRTOS/Source/tasks.o
 .debug_aranges
                0x00001f48       0xf0 ./Middlewares/Third_Party/FreeRTOS/Source/timers.o
 .debug_aranges
                0x00002038       0x88 ./Middlewares/Third_Party/FreeRTOS/Source/portable/GCC/ARM_CM0/port.o
 .debug_aranges
                0x000020c0       0x58 ./Middlewares/Third_Party/FreeRTOS/Source/portable/MemMang/heap_4.o

.debug_rnglists
                0x00000000     0x19cd
 .debug_rnglists
                0x00000000       0x21 ./Core/Src/adc.o
 .debug_rnglists
                0x00000021       0x1a ./Core/Src/app_freertos.o
 .debug_rnglists
                0x0000003b       0x14 ./Core/Src/gpio.o
 .debug_rnglists
                0x0000004f       0x21 ./Core/Src/i2c.o
 .debug_rnglists
                0x00000070       0x41 ./Core/Src/main.o
 .debug_rnglists
                0x000000b1       0x20 ./Core/Src/spi.o
 .debug_rnglists
                0x000000d1       0x13 ./Core/Src/stm32g0xx_hal_msp.o
 .debug_rnglists
                0x000000e4       0x20 ./Core/Src/stm32g0xx_hal_timebase_tim.o
 .debug_rnglists
                0x00000104       0x31 ./Core/Src/stm32g0xx_it.o
 .debug_rnglists
                0x00000135       0x1a ./Core/Src/system_stm32g0xx.o
 .debug_rnglists
                0x0000014f       0x2d ./Core/Src/tim.o
 .debug_rnglists
                0x0000017c       0x2d ./Core/Src/usart.o
 .debug_rnglists
                0x000001a9       0x19 ./Core/Startup/startup_stm32g070rbtx.o
 .debug_rnglists
                0x000001c2       0xb6 ./Drivers/STM32G0xx_HAL_Driver/Src/stm32g0xx_hal.o
 .debug_rnglists
                0x00000278      0x17f ./Drivers/STM32G0xx_HAL_Driver/Src/stm32g0xx_hal_adc.o
 .debug_rnglists
                0x000003f7       0xaa ./Drivers/STM32G0xx_HAL_Driver/Src/stm32g0xx_hal_cortex.o
 .debug_rnglists
                0x000004a1       0x72 ./Drivers/STM32G0xx_HAL_Driver/Src/stm32g0xx_hal_dma.o
 .debug_rnglists
                0x00000513       0x45 ./Drivers/STM32G0xx_HAL_Driver/Src/stm32g0xx_hal_gpio.o
 .debug_rnglists
                0x00000558      0x229 ./Drivers/STM32G0xx_HAL_Driver/Src/stm32g0xx_hal_i2c.o
 .debug_rnglists
                0x00000781       0x35 ./Drivers/STM32G0xx_HAL_Driver/Src/stm32g0xx_hal_i2c_ex.o
 .debug_rnglists
                0x000007b6       0x72 ./Drivers/STM32G0xx_HAL_Driver/Src/stm32g0xx_hal_pwr_ex.o
 .debug_rnglists