Archive member included to satisfy reference by file (symbol)

/Applications/STM32CubeIDE.app/Contents/Eclipse/plugins/com.st.stm32cube.ide.mcu.externaltools.gnu-tools-for-stm32.12.3.rel1.macos64_1.0.200.202406191456/tools/bin/../lib/gcc/arm-none-eabi/12.3.1/../../../../arm-none-eabi/lib/thumb/v6-m/nofp/libc_nano.a(libc_a-exit.o)
                              /Applications/STM32CubeIDE.app/Contents/Eclipse/plugins/com.st.stm32cube.ide.mcu.externaltools.gnu-tools-for-stm32.12.3.rel1.macos64_1.0.200.202406191456/tools/bin/../lib/gcc/arm-none-eabi/12.3.1/../../../../arm-none-eabi/lib/thumb/v6-m/nofp/crt0.o (exit)
/Applications/STM32CubeIDE.app/Contents/Eclipse/plugins/com.st.stm32cube.ide.mcu.externaltools.gnu-tools-for-stm32.12.3.rel1.macos64_1.0.200.202406191456/tools/bin/../lib/gcc/arm-none-eabi/12.3.1/../../../../arm-none-eabi/lib/thumb/v6-m/nofp/libc_nano.a(libc_a-findfp.o)
                              ./Middlewares/Third_Party/FreeRTOS/Source/tasks.o (__sf)
/Applications/STM32CubeIDE.app/Contents/Eclipse/plugins/com.st.stm32cube.ide.mcu.externaltools.gnu-tools-for-stm32.12.3.rel1.macos64_1.0.200.202406191456/tools/bin/../lib/gcc/arm-none-eabi/12.3.1/../../../../arm-none-eabi/lib/thumb/v6-m/nofp/libc_nano.a(libc_a-fwalk.o)
                              /Applications/STM32CubeIDE.app/Contents/Eclipse/plugins/com.st.stm32cube.ide.mcu.externaltools.gnu-tools-for-stm32.12.3.rel1.macos64_1.0.200.202406191456/tools/bin/../lib/gcc/arm-none-eabi/12.3.1/../../../../arm-none-eabi/lib/thumb/v6-m/nofp/libc_nano.a(libc_a-findfp.o) (_fwalk_sglue)
/Applications/STM32CubeIDE.app/Contents/Eclipse/plugins/com.st.stm32cube.ide.mcu.externaltools.gnu-tools-for-stm32.12.3.rel1.macos64_1.0.200.202406191456/tools/bin/../lib/gcc/arm-none-eabi/12.3.1/../../../../arm-none-eabi/lib/thumb/v6-m/nofp/libc_nano.a(libc_a-vsnprintf.o)
                              ./Core/Src/main.o (vsnprintf)
/Applications/STM32CubeIDE.app/Contents/Eclipse/plugins/com.st.stm32cube.ide.mcu.externaltools.gnu-tools-for-stm32.12.3.rel1.macos64_1.0.200.202406191456/tools/bin/../lib/gcc/arm-none-eabi/12.3.1/../../../../arm-none-eabi/lib/thumb/v6-m/nofp/libc_nano.a(libc_a-memset.o)
                              /Applications/STM32CubeIDE.app/Contents/Eclipse/plugins/com.st.stm32cube.ide.mcu.externaltools.gnu-tools-for-stm32.12.3.rel1.macos64_1.0.200.202406191456/tools/bin/../lib/gcc/arm-none-eabi/12.3.1/../../../../arm-none-eabi/lib/thumb/v6-m/nofp/crt0.o (memset)
/Applications/STM32CubeIDE.app/Contents/Eclipse/plugins/com.st.stm32cube.ide.mcu.externaltools.gnu-tools-for-stm32.12.3.rel1.macos64_1.0.200.202406191456/tools/bin/../lib/gcc/arm-none-eabi/12.3.1/../../../../arm-none-eabi/lib/thumb/v6-m/nofp/libc_nano.a(libc_a-reent.o)
                              ./Middlewares/Third_Party/FreeRTOS/Source/tasks.o (_reclaim_reent)
/Applications/STM32CubeIDE.app/Contents/Eclipse/plugins/com.st.stm32cube.ide.mcu.externaltools.gnu-tools-for-stm32.12.3.rel1.macos64_1.0.200.202406191456/tools/bin/../lib/gcc/arm-none-eabi/12.3.1/../../../../arm-none-eabi/lib/thumb/v6-m/nofp/libc_nano.a(libc_a-impure.o)
                              ./Middlewares/Third_Party/FreeRTOS/Source/tasks.o (_impure_ptr)
/Applications/STM32CubeIDE.app/Contents/Eclipse/plugins/com.st.stm32cube.ide.mcu.externaltools.gnu-tools-for-stm32.12.3.rel1.macos64_1.0.200.202406191456/tools/bin/../lib/gcc/arm-none-eabi/12.3.1/../../../../arm-none-eabi/lib/thumb/v6-m/nofp/libc_nano.a(libc_a-errno.o)
                              ./Core/Src/syscalls.o (__errno)
/Applications/STM32CubeIDE.app/Contents/Eclipse/plugins/com.st.stm32cube.ide.mcu.externaltools.gnu-tools-for-stm32.12.3.rel1.macos64_1.0.200.202406191456/tools/bin/../lib/gcc/arm-none-eabi/12.3.1/../../../../arm-none-eabi/lib/thumb/v6-m/nofp/libc_nano.a(libc_a-init.o)
                              /Applications/STM32CubeIDE.app/Contents/Eclipse/plugins/com.st.stm32cube.ide.mcu.externaltools.gnu-tools-for-stm32.12.3.rel1.macos64_1.0.200.202406191456/tools/bin/../lib/gcc/arm-none-eabi/12.3.1/../../../../arm-none-eabi/lib/thumb/v6-m/nofp/crt0.o (__libc_init_array)
/Applications/STM32CubeIDE.app/Contents/Eclipse/plugins/com.st.stm32cube.ide.mcu.externaltools.gnu-tools-for-stm32.12.3.rel1.macos64_1.0.200.202406191456/tools/bin/../lib/gcc/arm-none-eabi/12.3.1/../../../../arm-none-eabi/lib/thumb/v6-m/nofp/libc_nano.a(libc_a-lock.o)
                              /Applications/STM32CubeIDE.app/Contents/Eclipse/plugins/com.st.stm32cube.ide.mcu.externaltools.gnu-tools-for-stm32.12.3.rel1.macos64_1.0.200.202406191456/tools/bin/../lib/gcc/arm-none-eabi/12.3.1/../../../../arm-none-eabi/lib/thumb/v6-m/nofp/libc_nano.a(libc_a-findfp.o) (__retarget_lock_init_recursive)
/Applications/STM32CubeIDE.app/Contents/Eclipse/plugins/com.st.stm32cube.ide.mcu.externaltools.gnu-tools-for-stm32.12.3.rel1.macos64_1.0.200.202406191456/tools/bin/../lib/gcc/arm-none-eabi/12.3.1/../../../../arm-none-eabi/lib/thumb/v6-m/nofp/libc_nano.a(libc_a-memcpy-stub.o)
[...]
Memory Configuration

Name             Origin             Length             Attributes
RAM              0x20000000         0x00009000         xrw
FLASH            0x08000000         0x00020000         xr
*default*        0x00000000         0xffffffff

Linker script and memory map

LOAD /Applications/STM32CubeIDE.app/Contents/Eclipse/plugins/com.st.stm32cube.ide.mcu.externaltools.gnu-tools-for-stm32.12.3.rel1.macos64_1.0.200.202406191456/tools/bin/../lib/gcc/arm-none-eabi/12.3.1/thumb/v6-m/nofp/crti.o
LOAD /Applications/STM32CubeIDE.app/Contents/Eclipse/plugins/com.st.stm32cube.ide.mcu.externaltools.gnu-tools-for-stm32.12.3.rel1.macos64_1.0.200.202406191456/tools/bin/../lib/gcc/arm-none-eabi/12.3.1/thumb/v6-m/nofp/crtbegin.o
LOAD /Applications/STM32CubeIDE.app/Contents/Eclipse/plugins/com.st.stm32cube.ide.mcu.externaltools.gnu-tools-for-stm32.12.3.rel1.macos64_1.0.200.202406191456/tools/bin/../lib/gcc/arm-none-eabi/12.3.1/../../../../arm-none-eabi/lib/thumb/v6-m/nofp/crt0.o
LOAD ./Core/Src/app_freertos.o
LOAD ./Core/Src/dma.o
LOAD ./Core/Src/gpio.o
LOAD ./Core/Src/main.o
LOAD ./Core/Src/spi.o
LOAD ./Core/Src/stm32g0xx_hal_msp.o
LOAD ./Core/Src/stm32g0xx_hal_timebase_tim.o
LOAD ./Core/Src/stm32g0xx_it.o
LOAD ./Core/Src/syscalls.o
LOAD ./Core/Src/sysmem.o
LOAD ./Core/Src/system_stm32g0xx.o
LOAD ./Core/Src/tim.o
LOAD ./Core/Src/usart.o
LOAD ./Core/Startup/startup_stm32g070rbtx.o
LOAD ./Drivers/STM32G0xx_HAL_Driver/Src/stm32g0xx_hal.o
LOAD ./Drivers/STM32G0xx_HAL_Driver/Src/stm32g0xx_hal_cortex.o
LOAD ./Drivers/STM32G0xx_HAL_Driver/Src/stm32g0xx_hal_dma.o
LOAD ./Drivers/STM32G0xx_HAL_Driver/Src/stm32g0xx_hal_dma_ex.o
LOAD ./Drivers/STM32G0xx_HAL_Driver/Src/stm32g0xx_hal_exti.o
LOAD ./Drivers/STM32G0xx_HAL_Driver/Src/stm32g0xx_hal_flash.o
LOAD ./Drivers/STM32G0xx_HAL_Driver/Src/stm32g0xx_hal_flash_ex.o
LOAD ./Drivers/STM32G0xx_HAL_Driver/Src/stm32g0xx_hal_gpio.o
LOAD ./Drivers/STM32G0xx_HAL_Driver/Src/stm32g0xx_hal_pwr.o
LOAD ./Drivers/STM32G0xx_HAL_Driver/Src/stm32g0xx_hal_pwr_ex.o
LOAD ./Drivers/STM32G0xx_HAL_Driver/Src/stm32g0xx_hal_rcc.o
LOAD ./Drivers/STM32G0xx_HAL_Driver/Src/stm32g0xx_hal_rcc_ex.o
LOAD ./Drivers/STM32G0xx_HAL_Driver/Src/stm32g0xx_hal_spi.o
LOAD ./Drivers/STM32G0xx_HAL_Driver/Src/stm32g0xx_hal_spi_ex.o
LOAD ./Drivers/STM32G0xx_HAL_Driver/Src/stm32g0xx_hal_tim.o
LOAD ./Drivers/STM32G0xx_HAL_Driver/Src/stm32g0xx_hal_tim_ex.o
LOAD ./Drivers/STM32G0xx_HAL_Driver/Src/stm32g0xx_hal_uart.o
LOAD ./Drivers/STM32G0xx_HAL_Driver/Src/stm32g0xx_hal_uart_ex.o
LOAD ./Drivers/STM32G0xx_HAL_Driver/Src/stm32g0xx_ll_rcc.o
LOAD ./FATFS/App/app_fatfs.o
LOAD ./FATFS/Target/user_diskio.o
LOAD ./FATFS/Target/user_diskio_spi.o
LOAD ./Middlewares/Third_Party/FatFs/src/diskio.o
LOAD ./Middlewares/Third_Party/FatFs/src/ff.o
LOAD ./Middlewares/Third_Party/FatFs/src/ff_gen_drv.o
LOAD ./Middlewares/Third_Party/FatFs/src/option/syscall.o
LOAD ./Middlewares/Third_Party/FreeRTOS/Source/CMSIS_RTOS_V2/cmsis_os2.o
LOAD ./Middlewares/Third_Party/FreeRTOS/Source/croutine.o
LOAD ./Middlewares/Third_Party/FreeRTOS/Source/event_groups.o
LOAD ./Middlewares/Third_Party/FreeRTOS/Source/list.o
LOAD ./Middlewares/Third_Party/FreeRTOS/Source/queue.o
LOAD ./Middlewares/Third_Party/FreeRTOS/Source/stream_buffer.o
LOAD ./Middlewares/Third_Party/FreeRTOS/Source/tasks.o
LOAD ./Middlewares/Third_Party/FreeRTOS/Source/timers.o
LOAD ./Middlewares/Third_Party/FreeRTOS/Source/portable/GCC/ARM_CM0/port.o
LOAD ./Middlewares/Third_Party/FreeRTOS/Source/portable/MemMang/heap_4.o
START GROUP
LOAD /Applications/STM32CubeIDE.app/Contents/Eclipse/plugins/com.st.stm32cube.ide.mcu.externaltools.gnu-tools-for-stm32.12.3.rel1.macos64_1.0.200.202406191456/tools/bin/../lib/gcc/arm-none-eabi/12.3.1/../../../../arm-none-eabi/lib/thumb/v6-m/nofp/libc_nano.a
LOAD /Applications/STM32CubeIDE.app/Contents/Eclipse/plugins/com.st.stm32cube.ide.mcu.externaltools.gnu-tools-for-stm32.12.3.rel1.macos64_1.0.200.202406191456/tools/bin/../lib/gcc/arm-none-eabi/12.3.1/../../../../arm-none-eabi/lib/thumb/v6-m/nofp/libm.a
END GROUP
START GROUP
LOAD /Applications/STM32CubeIDE.app/Contents/Eclipse/plugins/com.st.stm32cube.ide.mcu.externaltools.gnu-tools-for-stm32.12.3.rel1.macos64_1.0.200.202406191456/tools/bin/../lib/gcc/arm-none-eabi/12.3.1/thumb/v6-m/nofp/libgcc.a
LOAD /Applications/STM32CubeIDE.app/Contents/Eclipse/plugins/com.st.stm32cube.ide.mcu.externaltools.gnu-tools-for-stm32.12.3.rel1.macos64_1.0.200.202406191456/tools/bin/../lib/gcc/arm-none-eabi/12.3.1/../../../../arm-none-eabi/lib/thumb/v6-m/nofp/libc_nano.a
END GROUP
START GROUP
LOAD /Applications/STM32CubeIDE.app/Contents/Eclipse/plugins/com.st.stm32cube.ide.mcu.externaltools.gnu-tools-for-stm32.12.3.rel1.macos64_1.0.200.202406191456/tools/bin/../lib/gcc/arm-none-eabi/12.3.1/thumb/v6-m/nofp/libgcc.a
LOAD /Applications/STM32CubeIDE.app/Contents/Eclipse/plugins/com.st.stm32cube.ide.mcu.externaltools.gnu-tools-for-stm32.12.3.rel1.macos64_1.0.200.202406191456/tools/bin/../lib/gcc/arm-none-eabi/12.3.1/../../../../arm-none-eabi/lib/thumb/v6-m/nofp/libc_nano.a
LOAD /Applications/STM32CubeIDE.app/Contents/Eclipse/plugins/com.st.stm32cube.ide.mcu.externaltools.gnu-tools-for-stm32.12.3.rel1.macos64_1.0.200.202406191456/tools/bin/../lib/gcc/arm-none-eabi/12.3.1/../../../../arm-none-eabi/lib/thumb/v6-m/nofp/libnosys.a
END GROUP
START GROUP
LOAD /Applications/STM32CubeIDE.app/Contents/Eclipse/plugins/com.st.stm32cube.ide.mcu.externaltools.gnu-tools-for-stm32.12.3.rel1.macos64_1.0.200.202406191456/tools/bin/../lib/gcc/arm-none-eabi/12.3.1/thumb/v6-m/nofp/libgcc.a
LOAD /Applications/STM32CubeIDE.app/Contents/Eclipse/plugins/com.st.stm32cube.ide.mcu.externaltools.gnu-tools-for-stm32.12.3.rel1.macos64_1.0.200.202406191456/tools/bin/../lib/gcc/arm-none-eabi/12.3.1/../../../../arm-none-eabi/lib/thumb/v6-m/nofp/libc_nano.a
LOAD /Applications/STM32CubeIDE.app/Contents/Eclipse/plugins/com.st.stm32cube.ide.mcu.externaltools.gnu-tools-for-stm32.12.3.rel1.macos64_1.0.200.202406191456/tools/bin/../lib/gcc/arm-none-eabi/12.3.1/../../../../arm-none-eabi/lib/thumb/v6-m/nofp/libnosys.a
END GROUP
LOAD /Applications/STM32CubeIDE.app/Contents/Eclipse/plugins/com.st.stm32cube.ide.mcu.externaltools.gnu-tools-for-stm32.12.3.rel1.macos64_1.0.200.202406191456/tools/bin/../lib/gcc/arm-none-eabi/12.3.1/thumb/v6-m/nofp/crtend.o
LOAD /Applications/STM32CubeIDE.app/Contents/Eclipse/plugins/com.st.stm32cube.ide.mcu.externaltools.gnu-tools-for-stm32.12.3.rel1.macos64_1.0.200.202406191456/tools/bin/../lib/gcc/arm-none-eabi/12.3.1/thumb/v6-m/nofp/crtn.o
                0x20009000                        _estack = (ORIGIN (RAM) + LENGTH (RAM))
                0x00000200                        _Min_Heap_Size = 0x200
                0x00000400                        _Min_Stack_Size = 0x400

.isr_vector     0x08000000       0xb8
                0x08000000                        . = ALIGN (0x4)
 *(.isr_vector)
 .isr_vector    0x08000000       0xb8 ./Core/Startup/startup_stm32g070rbtx.o
                0x08000000                g_pfnVectors
                0x080000b8                        . = ALIGN (0x4)

.text           0x080000c0     0xb6e4
                0x080000c0                        . = ALIGN (0x4)
 *(.text)
 .text          0x080000c0       0x48 /Applications/STM32CubeIDE.app/Contents/Eclipse/plugins/com.st.stm32cube.ide.mcu.externaltools.gnu-tools-for-stm32.12.3.rel1.macos64_1.0.200.202406191456/tools/bin/../lib/gcc/arm-none-eabi/12.3.1/thumb/v6-m/nofp/crtbegin.o
 .text          0x08000108        0xe /Applications/STM32CubeIDE.app/Contents/Eclipse/plugins/com.st.stm32cube.ide.mcu.externaltools.gnu-tools-for-stm32.12.3.rel1.macos64_1.0.200.202406191456/tools/bin/../lib/gcc/arm-none-eabi/12.3.1/../../../../arm-none-eabi/lib/thumb/v6-m/nofp/libc_nano.a(libc_a-strlen.o)
                0x08000108                strlen
 *fill*         0x08000116        0x2 
 .text          0x08000118       0x14 /Applications/STM32CubeIDE.app/Contents/Eclipse/plugins/com.st.stm32cube.ide.mcu.externaltools.gnu-tools-for-stm32.12.3.rel1.macos64_1.0.200.202406191456/tools/bin/../lib/gcc/arm-none-eabi/12.3.1/thumb/v6-m/nofp/libgcc.a(_thumb1_case_shi.o)
                0x08000118                __gnu_thumb1_case_shi
 .text          0x0800012c      0x114 /Applications/STM32CubeIDE.app/Contents/Eclipse/plugins/com.st.stm32cube.ide.mcu.externaltools.gnu-tools-for-stm32.12.3.rel1.macos64_1.0.200.202406191456/tools/bin/../lib/gcc/arm-none-eabi/12.3.1/thumb/v6-m/nofp/libgcc.a(_udivsi3.o)
                0x0800012c                __udivsi3
                0x0800012c                __aeabi_uidiv
                0x08000238                __aeabi_uidivmod
 .text          0x08000240      0x1d4 /Applications/STM32CubeIDE.app/Contents/Eclipse/plugins/com.st.stm32cube.ide.mcu.externaltools.gnu-tools-for-stm32.12.3.rel1.macos64_1.0.200.202406191456/tools/bin/../lib/gcc/arm-none-eabi/12.3.1/thumb/v6-m/nofp/libgcc.a(_divsi3.o)
                0x08000240                __aeabi_idiv
                0x08000240                __divsi3
                0x0800040c                __aeabi_idivmod
 .text          0x08000414        0x4 /Applications/STM32CubeIDE.app/Contents/Eclipse/plugins/com.st.stm32cube.ide.mcu.externaltools.gnu-tools-for-stm32.12.3.rel1.macos64_1.0.200.202406191456/tools/bin/../lib/gcc/arm-none-eabi/12.3.1/thumb/v6-m/nofp/libgcc.a(_dvmd_tls.o)
                0x08000414                __aeabi_ldiv0
                0x08000414                __aeabi_idiv0
 *(.text*)
 .text.MX_FREERTOS_Init
                0x08000418       0x84 ./Core/Src/app_freertos.o
                0x08000418                MX_FREERTOS_Init
 .text.StartReadSD
                0x0800049c       0x10 ./Core/Src/app_freertos.o
                0x0800049c                StartReadSD
 .text.StartDriveLED
                0x080004ac      0x10c ./Core/Src/app_freertos.o
                0x080004ac                StartDriveLED
 .text.StartIterateFrame
                0x080005b8        0xc ./Core/Src/app_freertos.o
                0x080005b8                StartIterateFrame
 .text.StartSDtoMemory
                0x080005c4       0x10 ./Core/Src/app_freertos.o
                0x080005c4                StartSDtoMemory
 .text.MX_DMA_Init
                0x080005d4       0x3c ./Core/Src/dma.o
                0x080005d4                MX_DMA_Init
 .text.MX_GPIO_Init
                0x08000610      0x190 ./Core/Src/gpio.o
                0x08000610                MX_GPIO_Init
 .text.myprintf
                0x080007a0       0x50 ./Core/Src/main.o
                0x080007a0                myprintf
 .text.main     0x080007f0      0x23c ./Core/Src/main.o
                0x080007f0                main
 .text.SystemClock_Config
                0x08000a2c       0x90 ./Core/Src/main.o
                0x08000a2c                SystemClock_Config
 .text.HAL_TIM_PeriodElapsedCallback
                0x08000abc       0x48 ./Core/Src/main.o
                0x08000abc                HAL_TIM_PeriodElapsedCallback
 .text.Error_Handler
                0x08000b04        0xc ./Core/Src/main.o
                0x08000b04                Error_Handler
 .text.MX_SPI1_Init
                0x08000b10       0x7c ./Core/Src/spi.o
                0x08000b10                MX_SPI1_Init
 .text.HAL_SPI_MspInit
                0x08000b8c      0x100 ./Core/Src/spi.o
                0x08000b8c                HAL_SPI_MspInit
 .text.HAL_MspInit
                0x08000c8c       0x54 ./Core/Src/stm32g0xx_hal_msp.o
                0x08000c8c                HAL_MspInit
 .text.HAL_InitTick
                0x08000ce0      0x108 ./Core/Src/stm32g0xx_hal_timebase_tim.o
                0x08000ce0                HAL_InitTick
 .text.NMI_Handler
                0x08000de8        0x8 ./Core/Src/stm32g0xx_it.o
                0x08000de8                NMI_Handler
 .text.HardFault_Handler
                0x08000df0        0x8 ./Core/Src/stm32g0xx_it.o
                0x08000df0                HardFault_Handler
 .text.DMA1_Channel1_IRQHandler
                0x08000df8       0x18 ./Core/Src/stm32g0xx_it.o
                0x08000df8                DMA1_Channel1_IRQHandler
 .text.TIM6_IRQHandler
                0x08000e10       0x18 ./Core/Src/stm32g0xx_it.o
                0x08000e10                TIM6_IRQHandler
 .text.TIM16_IRQHandler
                0x08000e28       0x18 ./Core/Src/stm32g0xx_it.o
                0x08000e28                TIM16_IRQHandler
 .text.SPI1_IRQHandler
                0x08000e40       0x18 ./Core/Src/stm32g0xx_it.o
                0x08000e40                SPI1_IRQHandler
 .text._sbrk    0x08000e58       0x6c ./Core/Src/sysmem.o
                0x08000e58                _sbrk
 .text.SystemInit
                0x08000ec4        0xa ./Core/Src/system_stm32g0xx.o
                0x08000ec4                SystemInit
 *fill*         0x08000ece        0x2 
 .text.MX_TIM16_Init
                0x08000ed0       0x50 ./Core/Src/tim.o
                0x08000ed0                MX_TIM16_Init
 .text.HAL_TIM_Base_MspInit
                0x08000f20       0x50 ./Core/Src/tim.o
                0x08000f20                HAL_TIM_Base_MspInit
 .text.MX_USART2_UART_Init
                0x08000f70       0x9c ./Core/Src/usart.o
                0x08000f70                MX_USART2_UART_Init
 .text.HAL_UART_MspInit
                0x0800100c       0xc0 ./Core/Src/usart.o
                0x0800100c                HAL_UART_MspInit
 .text.Reset_Handler
                0x080010cc       0x50 ./Core/Startup/startup_stm32g070rbtx.o
                0x080010cc                Reset_Handler
 .text.Default_Handler
                0x0800111c        0x2 ./Core/Startup/startup_stm32g070rbtx.o
                0x0800111c                TIM1_BRK_UP_TRG_COM_IRQHandler
                0x0800111c                I2C1_IRQHandler
                0x0800111c                RTC_TAMP_IRQHandler
                0x0800111c                USART3_4_IRQHandler
                0x0800111c                EXTI2_3_IRQHandler
                0x0800111c                ADC1_IRQHandler
                0x0800111c                I2C2_IRQHandler
                0x0800111c                TIM17_IRQHandler
                0x0800111c                TIM3_IRQHandler
                0x0800111c                EXTI4_15_IRQHandler
                0x0800111c                RCC_IRQHandler
                0x0800111c                Default_Handler
                0x0800111c                TIM14_IRQHandler
                0x0800111c                TIM7_IRQHandler
                0x0800111c                TIM15_IRQHandler
                0x0800111c                EXTI0_1_IRQHandler
                0x0800111c                SPI2_IRQHandler
                0x0800111c                WWDG_IRQHandler
                0x0800111c                DMA1_Ch4_7_DMAMUX1_OVR_IRQHandler
                0x0800111c                DMA1_Channel2_3_IRQHandler
                0x0800111c                USART2_IRQHandler
                0x0800111c                FLASH_IRQHandler
                0x0800111c                USART1_IRQHandler
                0x0800111c                TIM1_CC_IRQHandler
 *fill*         0x0800111e        0x2 
 .text.HAL_Init
                0x08001120       0x40 ./Drivers/STM32G0xx_HAL_Driver/Src/stm32g0xx_hal.o
                0x08001120                HAL_Init
 .text.HAL_IncTick
                0x08001160       0x24 ./Drivers/STM32G0xx_HAL_Driver/Src/stm32g0xx_hal.o
                0x08001160                HAL_IncTick
 .text.HAL_GetTick
                0x08001184       0x14 ./Drivers/STM32G0xx_HAL_Driver/Src/stm32g0xx_hal.o
                0x08001184                HAL_GetTick
 .text.HAL_Delay
                0x08001198       0x48 ./Drivers/STM32G0xx_HAL_Driver/Src/stm32g0xx_hal.o
                0x08001198                HAL_Delay
 .text.__NVIC_EnableIRQ
                0x080011e0       0x34 ./Drivers/STM32G0xx_HAL_Driver/Src/stm32g0xx_hal_cortex.o
 .text.__NVIC_SetPriority
                0x08001214       0xdc ./Drivers/STM32G0xx_HAL_Driver/Src/stm32g0xx_hal_cortex.o
 .text.HAL_NVIC_SetPriority
                0x080012f0       0x2a ./Drivers/STM32G0xx_HAL_Driver/Src/stm32g0xx_hal_cortex.o
                0x080012f0                HAL_NVIC_SetPriority
 .text.HAL_NVIC_EnableIRQ
                0x0800131a       0x20 ./Drivers/STM32G0xx_HAL_Driver/Src/stm32g0xx_hal_cortex.o
                0x0800131a                HAL_NVIC_EnableIRQ
 *fill*         0x0800133a        0x2 
 .text.HAL_DMA_Init
                0x0800133c      0x114 ./Drivers/STM32G0xx_HAL_Driver/Src/stm32g0xx_hal_dma.o
                0x0800133c                HAL_DMA_Init
 .text.HAL_DMA_Abort_IT
                0x08001450       0xd4 ./Drivers/STM32G0xx_HAL_Driver/Src/stm32g0xx_hal_dma.o
                0x08001450                HAL_DMA_Abort_IT
 .text.HAL_DMA_IRQHandler
                0x08001524      0x164 ./Drivers/STM32G0xx_HAL_Driver/Src/stm32g0xx_hal_dma.o
                0x08001524                HAL_DMA_IRQHandler
 .text.DMA_CalcDMAMUXChannelBaseAndMask
                0x08001688       0x58 ./Drivers/STM32G0xx_HAL_Driver/Src/stm32g0xx_hal_dma.o
 .text.DMA_CalcDMAMUXRequestGenBaseAndMask
                0x080016e0       0x48 ./Drivers/STM32G0xx_HAL_Driver/Src/stm32g0xx_hal_dma.o
 .text.HAL_GPIO_Init
                0x08001728      0x2c8 ./Drivers/STM32G0xx_HAL_Driver/Src/stm32g0xx_hal_gpio.o
                0x08001728                HAL_GPIO_Init
 .text.HAL_GPIO_WritePin
                0x080019f0       0x3a ./Drivers/STM32G0xx_HAL_Driver/Src/stm32g0xx_hal_gpio.o
                0x080019f0                HAL_GPIO_WritePin
 *fill*         0x08001a2a        0x2 
 .text.HAL_PWREx_ControlVoltageScaling
                0x08001a2c       0x80 ./Drivers/STM32G0xx_HAL_Driver/Src/stm32g0xx_hal_pwr_ex.o
                0x08001a2c                HAL_PWREx_ControlVoltageScaling
 .text.LL_RCC_GetAPB1Prescaler
                0x08001aac       0x18 ./Drivers/STM32G0xx_HAL_Driver/Src/stm32g0xx_hal_rcc.o
 .text.HAL_RCC_OscConfig
                0x08001ac4      0x620 ./Drivers/STM32G0xx_HAL_Driver/Src/stm32g0xx_hal_rcc.o
                0x08001ac4                HAL_RCC_OscConfig
 .text.HAL_RCC_ClockConfig
                0x080020e4      0x210 ./Drivers/STM32G0xx_HAL_Driver/Src/stm32g0xx_hal_rcc.o
                0x080020e4                HAL_RCC_ClockConfig
 .text.HAL_RCC_GetSysClockFreq
                0x080022f4      0x104 ./Drivers/STM32G0xx_HAL_Driver/Src/stm32g0xx_hal_rcc.o
                0x080022f4                HAL_RCC_GetSysClockFreq
 .text.HAL_RCC_GetHCLKFreq
                0x080023f8       0x14 ./Drivers/STM32G0xx_HAL_Driver/Src/stm32g0xx_hal_rcc.o
                0x080023f8                HAL_RCC_GetHCLKFreq
 .text.HAL_RCC_GetPCLK1Freq
                0x0800240c       0x2c ./Drivers/STM32G0xx_HAL_Driver/Src/stm32g0xx_hal_rcc.o
                0x0800240c                HAL_RCC_GetPCLK1Freq
 .text.HAL_RCC_GetClockConfig
                0x08002438       0x54 ./Drivers/STM32G0xx_HAL_Driver/Src/stm32g0xx_hal_rcc.o
                0x08002438                HAL_RCC_GetClockConfig
 .text.HAL_RCCEx_PeriphCLKConfig
                0x0800248c      0x268 ./Drivers/STM32G0xx_HAL_Driver/Src/stm32g0xx_hal_rcc_ex.o
                0x0800248c                HAL_RCCEx_PeriphCLKConfig
 .text.HAL_SPI_Init
                0x080026f4      0x170 ./Drivers/STM32G0xx_HAL_Driver/Src/stm32g0xx_hal_spi.o
                0x080026f4                HAL_SPI_Init
 .text.HAL_SPI_Transmit
                0x08002864      0x2be ./Drivers/STM32G0xx_HAL_Driver/Src/stm32g0xx_hal_spi.o
                0x08002864                HAL_SPI_Transmit
 *fill*         0x08002b22        0x2 
 .text.HAL_SPI_TransmitReceive
                0x08002b24      0x3c4 ./Drivers/STM32G0xx_HAL_Driver/Src/stm32g0xx_hal_spi.o
                0x08002b24                HAL_SPI_TransmitReceive
 .text.HAL_SPI_IRQHandler
                0x08002ee8      0x1d4 ./Drivers/STM32G0xx_HAL_Driver/Src/stm32g0xx_hal_spi.o
                0x08002ee8                HAL_SPI_IRQHandler
 .text.HAL_SPI_ErrorCallback
                0x080030bc       0x10 ./Drivers/STM32G0xx_HAL_Driver/Src/stm32g0xx_hal_spi.o
                0x080030bc                HAL_SPI_ErrorCallback
 .text.SPI_DMAAbortOnError
                0x080030cc       0x2c ./Drivers/STM32G0xx_HAL_Driver/Src/stm32g0xx_hal_spi.o
 .text.SPI_WaitFlagStateUntilTimeout
                0x080030f8      0x11c ./Drivers/STM32G0xx_HAL_Driver/Src/stm32g0xx_hal_spi.o
 .text.SPI_WaitFifoStateUntilTimeout
                0x08003214      0x144 ./Drivers/STM32G0xx_HAL_Driver/Src/stm32g0xx_hal_spi.o
 .text.SPI_EndRxTxTransaction
                0x08003358       0x8c ./Drivers/STM32G0xx_HAL_Driver/Src/stm32g0xx_hal_spi.o
 .text.HAL_TIM_Base_Init
                0x080033e4       0xb0 ./Drivers/STM32G0xx_HAL_Driver/Src/stm32g0xx_hal_tim.o
                0x080033e4                HAL_TIM_Base_Init
 .text.HAL_TIM_Base_Start_IT
                0x08003494       0xac ./Drivers/STM32G0xx_HAL_Driver/Src/stm32g0xx_hal_tim.o
                0x08003494                HAL_TIM_Base_Start_IT
 .text.HAL_TIM_IRQHandler
                0x08003540      0x210 ./Drivers/STM32G0xx_HAL_Driver/Src/stm32g0xx_hal_tim.o
                0x08003540                HAL_TIM_IRQHandler
 .text.HAL_TIM_OC_DelayElapsedCallback
                0x08003750       0x10 ./Drivers/STM32G0xx_HAL_Driver/Src/stm32g0xx_hal_tim.o
                0x08003750                HAL_TIM_OC_DelayElapsedCallback
 .text.HAL_TIM_IC_CaptureCallback
                0x08003760       0x10 ./Drivers/STM32G0xx_HAL_Driver/Src/stm32g0xx_hal_tim.o
                0x08003760                HAL_TIM_IC_CaptureCallback
 .text.HAL_TIM_PWM_PulseFinishedCallback
                0x08003770       0x10 ./Drivers/STM32G0xx_HAL_Driver/Src/stm32g0xx_hal_tim.o
                0x08003770                HAL_TIM_PWM_PulseFinishedCallback
 .text.HAL_TIM_TriggerCallback
                0x08003780       0x10 ./Drivers/STM32G0xx_HAL_Driver/Src/stm32g0xx_hal_tim.o
                0x08003780                HAL_TIM_TriggerCallback
 .text.TIM_Base_SetConfig
                0x08003790      0x108 ./Drivers/STM32G0xx_HAL_Driver/Src/stm32g0xx_hal_tim.o
                0x08003790                TIM_Base_SetConfig
 .text.HAL_TIMEx_CommutCallback
                0x08003898       0x10 ./Drivers/STM32G0xx_HAL_Driver/Src/stm32g0xx_hal_tim_ex.o
                0x08003898                HAL_TIMEx_CommutCallback
 .text.HAL_TIMEx_BreakCallback
                0x080038a8       0x10 ./Drivers/STM32G0xx_HAL_Driver/Src/stm32g0xx_hal_tim_ex.o
                0x080038a8                HAL_TIMEx_BreakCallback
 .text.HAL_TIMEx_Break2Callback
                0x080038b8       0x10 ./Drivers/STM32G0xx_HAL_Driver/Src/stm32g0xx_hal_tim_ex.o
                0x080038b8                HAL_TIMEx_Break2Callback
 .text.HAL_UART_Init
                0x080038c8       0xac ./Drivers/STM32G0xx_HAL_Driver/Src/stm32g0xx_hal_uart.o
                0x080038c8                HAL_UART_Init
 .text.HAL_UART_Transmit
                0x08003974      0x148 ./Drivers/STM32G0xx_HAL_Driver/Src/stm32g0xx_hal_uart.o
                0x08003974                HAL_UART_Transmit
 .text.UART_SetConfig
                0x08003abc      0x348 ./Drivers/STM32G0xx_HAL_Driver/Src/stm32g0xx_hal_uart.o
                0x08003abc                UART_SetConfig
 .text.UART_AdvFeatureConfig
                0x08003e04      0x168 ./Drivers/STM32G0xx_HAL_Driver/Src/stm32g0xx_hal_uart.o
                0x08003e04                UART_AdvFeatureConfig
 .text.UART_CheckIdleState
                0x08003f6c      0x154 ./Drivers/STM32G0xx_HAL_Driver/Src/stm32g0xx_hal_uart.o
                0x08003f6c                UART_CheckIdleState
 .text.UART_WaitOnFlagUntilTimeout
                0x080040c0       0xde ./Drivers/STM32G0xx_HAL_Driver/Src/stm32g0xx_hal_uart.o
                0x080040c0                UART_WaitOnFlagUntilTimeout
 *fill*         0x0800419e        0x2 
 .text.UART_EndRxTransfer
                0x080041a0       0xcc ./Drivers/STM32G0xx_HAL_Driver/Src/stm32g0xx_hal_uart.o
 .text.HAL_UARTEx_DisableFifoMode
                0x0800426c       0x74 ./Drivers/STM32G0xx_HAL_Driver/Src/stm32g0xx_hal_uart_ex.o
                0x0800426c                HAL_UARTEx_DisableFifoMode
 .text.HAL_UARTEx_SetTxFifoThreshold
                0x080042e0       0x7e ./Drivers/STM32G0xx_HAL_Driver/Src/stm32g0xx_hal_uart_ex.o
                0x080042e0                HAL_UARTEx_SetTxFifoThreshold
 *fill*         0x0800435e        0x2 
 .text.HAL_UARTEx_SetRxFifoThreshold
                0x08004360       0x84 ./Drivers/STM32G0xx_HAL_Driver/Src/stm32g0xx_hal_uart_ex.o
                0x08004360                HAL_UARTEx_SetRxFifoThreshold
 .text.UARTEx_SetNbDataToProcess
                0x080043e4       0xbc ./Drivers/STM32G0xx_HAL_Driver/Src/stm32g0xx_hal_uart_ex.o
 .text.MX_FATFS_Init
                0x080044a0       0x34 ./FATFS/App/app_fatfs.o
                0x080044a0                MX_FATFS_Init
 .text.get_fattime
                0x080044d4        0xc ./FATFS/App/app_fatfs.o
                0x080044d4                get_fattime
 .text.USER_initialize
                0x080044e0       0x20 ./FATFS/Target/user_diskio.o
                0x080044e0                USER_initialize
 .text.USER_status
                0x08004500       0x20 ./FATFS/Target/user_diskio.o
                0x08004500                USER_status
 .text.USER_read
                0x08004520       0x2e ./FATFS/Target/user_diskio.o
                0x08004520                USER_read
 .text.USER_write
                0x0800454e       0x2e ./FATFS/Target/user_diskio.o
                0x0800454e                USER_write
 .text.USER_ioctl
                0x0800457c       0x2e ./FATFS/Target/user_diskio.o
                0x0800457c                USER_ioctl
 *fill*         0x080045aa        0x2 
 .text.SPI_Timer_On
                0x080045ac       0x28 ./FATFS/Target/user_diskio_spi.o
                0x080045ac                SPI_Timer_On
 .text.SPI_Timer_Status
                0x080045d4       0x2c ./FATFS/Target/user_diskio_spi.o
                0x080045d4                SPI_Timer_Status
 .text.xchg_spi
                0x08004600       0x30 ./FATFS/Target/user_diskio_spi.o
 .text.rcvr_spi_multi
                0x08004630       0x38 ./FATFS/Target/user_diskio_spi.o
 .text.xmit_spi_multi
                0x08004668       0x28 ./FATFS/Target/user_diskio_spi.o
 .text.wait_ready
                0x08004690       0x50 ./FATFS/Target/user_diskio_spi.o
 .text.despiselect
                0x080046e0       0x20 ./FATFS/Target/user_diskio_spi.o
 .text.spiselect
                0x08004700       0x38 ./FATFS/Target/user_diskio_spi.o
 .text.rcvr_datablock
                0x08004738       0x5e ./FATFS/Target/user_diskio_spi.o
 .text.xmit_datablock
                0x08004796       0x74 ./FATFS/Target/user_diskio_spi.o
 .text.send_cmd
                0x0800480a      0x11c ./FATFS/Target/user_diskio_spi.o
 *fill*         0x08004926        0x2 
 .text.USER_SPI_initialize
                0x08004928      0x230 ./FATFS/Target/user_diskio_spi.o
                0x08004928                USER_SPI_initialize
 .text.USER_SPI_status
                0x08004b58       0x2c ./FATFS/Target/user_diskio_spi.o
                0x08004b58                USER_SPI_status
 .text.USER_SPI_read
                0x08004b84       0xd8 ./FATFS/Target/user_diskio_spi.o
                0x08004b84                USER_SPI_read
 .text.USER_SPI_write
                0x08004c5c      0x100 ./FATFS/Target/user_diskio_spi.o
                0x08004c5c                USER_SPI_write
 .text.USER_SPI_ioctl
                0x08004d5c      0x328 ./FATFS/Target/user_diskio_spi.o
                0x08004d5c                USER_SPI_ioctl
 .text.disk_status
                0x08005084       0x44 ./Middlewares/Third_Party/FatFs/src/diskio.o
                0x08005084                disk_status
 .text.disk_initialize
                0x080050c8       0x60 ./Middlewares/Third_Party/FatFs/src/diskio.o
                0x080050c8                disk_initialize
 .text.disk_read
                0x08005128       0x50 ./Middlewares/Third_Party/FatFs/src/diskio.o
                0x08005128                disk_read
 .text.disk_write
                0x08005178       0x50 ./Middlewares/Third_Party/FatFs/src/diskio.o
                0x08005178                disk_write
 .text.disk_ioctl
                0x080051c8       0x50 ./Middlewares/Third_Party/FatFs/src/diskio.o
                0x080051c8                disk_ioctl
 .text.ld_word  0x08005218       0x36 ./Middlewares/Third_Party/FatFs/src/ff.o
 .text.ld_dword
                0x0800524e       0x42 ./Middlewares/Third_Party/FatFs/src/ff.o
 .text.st_word  0x08005290       0x3c ./Middlewares/Third_Party/FatFs/src/ff.o
 .text.st_dword
                0x080052cc       0x54 ./Middlewares/Third_Party/FatFs/src/ff.o
 .text.mem_cpy  0x08005320       0x3e ./Middlewares/Third_Party/FatFs/src/ff.o
 .text.mem_set  0x0800535e       0x32 ./Middlewares/Third_Party/FatFs/src/ff.o
 .text.mem_cmp  0x08005390       0x4a ./Middlewares/Third_Party/FatFs/src/ff.o
 .text.chk_chr  0x080053da       0x32 ./Middlewares/Third_Party/FatFs/src/ff.o
 .text.lock_fs  0x0800540c       0x2a ./Middlewares/Third_Party/FatFs/src/ff.o
 .text.unlock_fs
                0x08005436       0x3e ./Middlewares/Third_Party/FatFs/src/ff.o
 .text.chk_lock
                0x08005474       0xb0 ./Middlewares/Third_Party/FatFs/src/ff.o
 .text.enq_lock
                0x08005524       0x3c ./Middlewares/Third_Party/FatFs/src/ff.o
 .text.inc_lock
                0x08005560      0x114 ./Middlewares/Third_Party/FatFs/src/ff.o
 .text.dec_lock
                0x08005674       0x94 ./Middlewares/Third_Party/FatFs/src/ff.o
 .text.clear_lock
                0x08005708       0x40 ./Middlewares/Third_Party/FatFs/src/ff.o
 .text.sync_window
                0x08005748       0x90 ./Middlewares/Third_Party/FatFs/src/ff.o
 .text.move_window
                0x080057d8       0x6a ./Middlewares/Third_Party/FatFs/src/ff.o
 *fill*         0x08005842        0x2 
 .text.sync_fs  0x08005844       0xf8 ./Middlewares/Third_Party/FatFs/src/ff.o
 .text.clust2sect
                0x0800593c       0x38 ./Middlewares/Third_Party/FatFs/src/ff.o
 .text.get_fat  0x08005974      0x154 ./Middlewares/Third_Party/FatFs/src/ff.o
 .text.put_fat  0x08005ac8      0x202 ./Middlewares/Third_Party/FatFs/src/ff.o
 .text.remove_chain
                0x08005cca       0xe6 ./Middlewares/Third_Party/FatFs/src/ff.o
 .text.create_chain
                0x08005db0      0x14c ./Middlewares/Third_Party/FatFs/src/ff.o
 .text.clmt_clust
                0x08005efc       0x6a ./Middlewares/Third_Party/FatFs/src/ff.o
 .text.dir_sdi  0x08005f66       0xfc ./Middlewares/Third_Party/FatFs/src/ff.o
 .text.dir_next
                0x08006062      0x192 ./Middlewares/Third_Party/FatFs/src/ff.o
 .text.dir_alloc
                0x080061f4       0xb0 ./Middlewares/Third_Party/FatFs/src/ff.o
 .text.ld_clust
                0x080062a4       0x3e ./Middlewares/Third_Party/FatFs/src/ff.o
 .text.st_clust
                0x080062e2       0x40 ./Middlewares/Third_Party/FatFs/src/ff.o
 .text.dir_find
                0x08006322       0xd0 ./Middlewares/Third_Party/FatFs/src/ff.o
 .text.dir_register
                0x080063f2       0x76 ./Middlewares/Third_Party/FatFs/src/ff.o
 .text.create_name
                0x08006468      0x160 ./Middlewares/Third_Party/FatFs/src/ff.o
 .text.follow_path
                0x080065c8      0x10a ./Middlewares/Third_Party/FatFs/src/ff.o
 .text.get_ldnumber
                0x080066d2       0x84 ./Middlewares/Third_Party/FatFs/src/ff.o
 *fill*         0x08006756        0x2 
 .text.check_fs
                0x08006758       0xb0 ./Middlewares/Third_Party/FatFs/src/ff.o
 .text.find_volume
                0x08006808      0x4f0 ./Middlewares/Third_Party/FatFs/src/ff.o
 .text.validate
                0x08006cf8       0x9e ./Middlewares/Third_Party/FatFs/src/ff.o
 *fill*         0x08006d96        0x2 
 .text.f_mount  0x08006d98       0xd0 ./Middlewares/Third_Party/FatFs/src/ff.o
                0x08006d98                f_mount
 .text.f_open   0x08006e68      0x3f6 ./Middlewares/Third_Party/FatFs/src/ff.o
                0x08006e68                f_open
 .text.f_read   0x0800725e      0x2e0 ./Middlewares/Third_Party/FatFs/src/ff.o
                0x0800725e                f_read
 .text.f_write  0x0800753e      0x352 ./Middlewares/Third_Party/FatFs/src/ff.o
                0x0800753e                f_write
 .text.f_sync   0x08007890      0x12a ./Middlewares/Third_Party/FatFs/src/ff.o
                0x08007890                f_sync
 .text.f_close  0x080079ba       0x72 ./Middlewares/Third_Party/FatFs/src/ff.o
                0x080079ba                f_close
 .text.f_getfree
                0x08007a2c      0x188 ./Middlewares/Third_Party/FatFs/src/ff.o
                0x08007a2c                f_getfree
 .text.f_gets   0x08007bb4       0x88 ./Middlewares/Third_Party/FatFs/src/ff.o
                0x08007bb4                f_gets
 .text.FATFS_LinkDriverEx
                0x08007c3c       0xa8 ./Middlewares/Third_Party/FatFs/src/ff_gen_drv.o
                0x08007c3c                FATFS_LinkDriverEx
 .text.FATFS_LinkDriver
                0x08007ce4       0x20 ./Middlewares/Third_Party/FatFs/src/ff_gen_drv.o
                0x08007ce4                FATFS_LinkDriver
 .text.ff_cre_syncobj
                0x08007d04       0x34 ./Middlewares/Third_Party/FatFs/src/option/syscall.o
                0x08007d04                ff_cre_syncobj
 .text.ff_del_syncobj
                0x08007d38       0x1a ./Middlewares/Third_Party/FatFs/src/option/syscall.o
                0x08007d38                ff_del_syncobj
 .text.ff_req_grant
                0x08007d52       0x2c ./Middlewares/Third_Party/FatFs/src/option/syscall.o
                0x08007d52                ff_req_grant
 .text.ff_rel_grant
                0x08007d7e       0x18 ./Middlewares/Third_Party/FatFs/src/option/syscall.o
                0x08007d7e                ff_rel_grant
 *fill*         0x08007d96        0x2 
 .text.__NVIC_SetPriority
                0x08007d98       0xdc ./Middlewares/Third_Party/FreeRTOS/Source/CMSIS_RTOS_V2/cmsis_os2.o
 .text.SysTick_Handler
                0x08007e74       0x20 ./Middlewares/Third_Party/FreeRTOS/Source/CMSIS_RTOS_V2/cmsis_os2.o
                0x08007e74                SysTick_Handler
 .text.SVC_Setup
                0x08007e94       0x16 ./Middlewares/Third_Party/FreeRTOS/Source/CMSIS_RTOS_V2/cmsis_os2.o
 *fill*         0x08007eaa        0x2 
 .text.osKernelInitialize
                0x08007eac       0x44 ./Middlewares/Third_Party/FreeRTOS/Source/CMSIS_RTOS_V2/cmsis_os2.o
                0x08007eac                osKernelInitialize
 .text.osKernelStart
                0x08007ef0       0x4c ./Middlewares/Third_Party/FreeRTOS/Source/CMSIS_RTOS_V2/cmsis_os2.o
                0x08007ef0                osKernelStart
 .text.osThreadNew
                0x08007f3c      0x12c ./Middlewares/Third_Party/FreeRTOS/Source/CMSIS_RTOS_V2/cmsis_os2.o
                0x08007f3c                osThreadNew
 .text.osDelay  0x08008068       0x38 ./Middlewares/Third_Party/FreeRTOS/Source/CMSIS_RTOS_V2/cmsis_os2.o
                0x08008068                osDelay
 .text.osSemaphoreNew
                0x080080a0      0x128 ./Middlewares/Third_Party/FreeRTOS/Source/CMSIS_RTOS_V2/cmsis_os2.o
                0x080080a0                osSemaphoreNew
 .text.osSemaphoreAcquire
                0x080081c8       0xa0 ./Middlewares/Third_Party/FreeRTOS/Source/CMSIS_RTOS_V2/cmsis_os2.o
                0x080081c8                osSemaphoreAcquire
 .text.osSemaphoreRelease
                0x08008268       0x80 ./Middlewares/Third_Party/FreeRTOS/Source/CMSIS_RTOS_V2/cmsis_os2.o
                0x08008268                osSemaphoreRelease
 .text.osSemaphoreDelete
                0x080082e8       0x4c ./Middlewares/Third_Party/FreeRTOS/Source/CMSIS_RTOS_V2/cmsis_os2.o
                0x080082e8                osSemaphoreDelete
 .text.vApplicationGetIdleTaskMemory
                0x08008334       0x30 ./Middlewares/Third_Party/FreeRTOS/Source/CMSIS_RTOS_V2/cmsis_os2.o
                0x08008334                vApplicationGetIdleTaskMemory
 .text.vApplicationGetTimerTaskMemory
                0x08008364       0x30 ./Middlewares/Third_Party/FreeRTOS/Source/CMSIS_RTOS_V2/cmsis_os2.o
                0x08008364                vApplicationGetTimerTaskMemory
 .text.vListInitialise
                0x08008394       0x3c ./Middlewares/Third_Party/FreeRTOS/Source/list.o
                0x08008394                vListInitialise
 .text.vListInitialiseItem
                0x080083d0       0x16 ./Middlewares/Third_Party/FreeRTOS/Source/list.o
                0x080083d0                vListInitialiseItem
 .text.vListInsertEnd
                0x080083e6       0x44 ./Middlewares/Third_Party/FreeRTOS/Source/list.o
                0x080083e6                vListInsertEnd
 .text.vListInsert
                0x0800842a       0x6c ./Middlewares/Third_Party/FreeRTOS/Source/list.o
                0x0800842a                vListInsert
 .text.uxListRemove
                0x08008496       0x50 ./Middlewares/Third_Party/FreeRTOS/Source/list.o
                0x08008496                uxListRemove
 .text.xQueueGenericReset
                0x080084e6       0xaa ./Middlewares/Third_Party/FreeRTOS/Source/queue.o
                0x080084e6                xQueueGenericReset
 .text.xQueueGenericCreateStatic
                0x08008590       0xa2 ./Middlewares/Third_Party/FreeRTOS/Source/queue.o
                0x08008590                xQueueGenericCreateStatic
 .text.xQueueGenericCreate
                0x08008632       0x66 ./Middlewares/Third_Party/FreeRTOS/Source/queue.o
                0x08008632                xQueueGenericCreate
 .text.prvInitialiseNewQueue
                0x08008698       0x4e ./Middlewares/Third_Party/FreeRTOS/Source/queue.o
 .text.xQueueCreateCountingSemaphoreStatic
                0x080086e6       0x50 ./Middlewares/Third_Party/FreeRTOS/Source/queue.o
                0x080086e6                xQueueCreateCountingSemaphoreStatic
 .text.xQueueCreateCountingSemaphore
                0x08008736       0x4a ./Middlewares/Third_Party/FreeRTOS/Source/queue.o
                0x08008736                xQueueCreateCountingSemaphore
 .text.xQueueGenericSend
                0x08008780      0x190 ./Middlewares/Third_Party/FreeRTOS/Source/queue.o
                0x08008780                xQueueGenericSend
 .text.xQueueGenericSendFromISR
                0x08008910       0xee ./Middlewares/Third_Party/FreeRTOS/Source/queue.o
                0x08008910                xQueueGenericSendFromISR
 .text.xQueueGiveFromISR
                0x080089fe       0xd0 ./Middlewares/Third_Party/FreeRTOS/Source/queue.o
                0x080089fe                xQueueGiveFromISR
 .text.xQueueReceive
                0x08008ace      0x170 ./Middlewares/Third_Party/FreeRTOS/Source/queue.o
                0x08008ace                xQueueReceive
 .text.xQueueSemaphoreTake
                0x08008c3e      0x1bc ./Middlewares/Third_Party/FreeRTOS/Source/queue.o
                0x08008c3e                xQueueSemaphoreTake
 .text.xQueueReceiveFromISR
                0x08008dfa       0xca ./Middlewares/Third_Party/FreeRTOS/Source/queue.o
                0x08008dfa                xQueueReceiveFromISR
 .text.vQueueDelete
                0x08008ec4       0x3a ./Middlewares/Third_Party/FreeRTOS/Source/queue.o
                0x08008ec4                vQueueDelete
 .text.prvGetDisinheritPriorityAfterTimeout
                0x08008efe       0x2c ./Middlewares/Third_Party/FreeRTOS/Source/queue.o
 .text.prvCopyDataToQueue
                0x08008f2a       0xd6 ./Middlewares/Third_Party/FreeRTOS/Source/queue.o
 .text.prvCopyDataFromQueue
                0x08009000       0x4c ./Middlewares/Third_Party/FreeRTOS/Source/queue.o
 .text.prvUnlockQueue
                0x0800904c       0xbc ./Middlewares/Third_Party/FreeRTOS/Source/queue.o
 .text.prvIsQueueEmpty
                0x08009108       0x2c ./Middlewares/Third_Party/FreeRTOS/Source/queue.o
 .text.prvIsQueueFull
                0x08009134       0x30 ./Middlewares/Third_Party/FreeRTOS/Source/queue.o
 .text.vQueueAddToRegistry
                0x08009164       0x50 ./Middlewares/Third_Party/FreeRTOS/Source/queue.o
                0x08009164                vQueueAddToRegistry
 .text.vQueueUnregisterQueue
                0x080091b4       0x54 ./Middlewares/Third_Party/FreeRTOS/Source/queue.o
                0x080091b4                vQueueUnregisterQueue
 .text.vQueueWaitForMessageRestricted
                0x08009208       0x66 ./Middlewares/Third_Party/FreeRTOS/Source/queue.o
                0x08009208                vQueueWaitForMessageRestricted
 .text.xTaskCreateStatic
                0x0800926e       0x8e ./Middlewares/Third_Party/FreeRTOS/Source/tasks.o
                0x0800926e                xTaskCreateStatic
 .text.xTaskCreate
                0x080092fc       0x98 ./Middlewares/Third_Party/FreeRTOS/Source/tasks.o
                0x080092fc                xTaskCreate
 .text.prvInitialiseNewTask
                0x08009394      0x144 ./Middlewares/Third_Party/FreeRTOS/Source/tasks.o
 .text.prvAddNewTaskToReadyList
                0x080094d8       0xd0 ./Middlewares/Third_Party/FreeRTOS/Source/tasks.o
 .text.vTaskDelay
                0x080095a8       0x4c ./Middlewares/Third_Party/FreeRTOS/Source/tasks.o
                0x080095a8                vTaskDelay
 .text.vTaskStartScheduler
                0x080095f4       0xc0 ./Middlewares/Third_Party/FreeRTOS/Source/tasks.o
                0x080095f4                vTaskStartScheduler
 .text.vTaskSuspendAll
                0x080096b4       0x18 ./Middlewares/Third_Party/FreeRTOS/Source/tasks.o
                0x080096b4                vTaskSuspendAll
 .text.xTaskResumeAll
                0x080096cc      0x118 ./Middlewares/Third_Party/FreeRTOS/Source/tasks.o
                0x080096cc                xTaskResumeAll
 .text.xTaskGetTickCount
                0x080097e4       0x1c ./Middlewares/Third_Party/FreeRTOS/Source/tasks.o
                0x080097e4                xTaskGetTickCount
 .text.xTaskIncrementTick
                0x08009800      0x160 ./Middlewares/Third_Party/FreeRTOS/Source/tasks.o
                0x08009800                xTaskIncrementTick
 .text.vTaskSwitchContext
                0x08009960       0xb4 ./Middlewares/Third_Party/FreeRTOS/Source/tasks.o
                0x08009960                vTaskSwitchContext
 .text.vTaskPlaceOnEventList
                0x08009a14       0x40 ./Middlewares/Third_Party/FreeRTOS/Source/tasks.o
                0x08009a14                vTaskPlaceOnEventList
 .text.vTaskPlaceOnEventListRestricted
                0x08009a54       0x50 ./Middlewares/Third_Party/FreeRTOS/Source/tasks.o
                0x08009a54                vTaskPlaceOnEventListRestricted
 .text.xTaskRemoveFromEventList
                0x08009aa4       0xbc ./Middlewares/Third_Party/FreeRTOS/Source/tasks.o
                0x08009aa4                xTaskRemoveFromEventList
 .text.vTaskInternalSetTimeOutState
                0x08009b60       0x28 ./Middlewares/Third_Party/FreeRTOS/Source/tasks.o
                0x08009b60                vTaskInternalSetTimeOutState
 .text.xTaskCheckForTimeOut
                0x08009b88       0xa4 ./Middlewares/Third_Party/FreeRTOS/Source/tasks.o
                0x08009b88                xTaskCheckForTimeOut
 .text.vTaskMissedYield
                0x08009c2c       0x14 ./Middlewares/Third_Party/FreeRTOS/Source/tasks.o
                0x08009c2c                vTaskMissedYield
 .text.prvIdleTask
                0x08009c40       0x20 ./Middlewares/Third_Party/FreeRTOS/Source/tasks.o
 .text.prvInitialiseTaskLists
                0x08009c60       0x88 ./Middlewares/Third_Party/FreeRTOS/Source/tasks.o
 .text.prvCheckTasksWaitingTermination
                0x08009ce8       0x5c ./Middlewares/Third_Party/FreeRTOS/Source/tasks.o
 .text.prvDeleteTCB
                0x08009d44       0x5c ./Middlewares/Third_Party/FreeRTOS/Source/tasks.o
 .text.prvResetNextTaskUnblockTime
                0x08009da0       0x3c ./Middlewares/Third_Party/FreeRTOS/Source/tasks.o
 .text.xTaskGetSchedulerState
                0x08009ddc       0x38 ./Middlewares/Third_Party/FreeRTOS/Source/tasks.o
                0x08009ddc                xTaskGetSchedulerState
 .text.xTaskPriorityInherit
                0x08009e14       0xd0 ./Middlewares/Third_Party/FreeRTOS/Source/tasks.o
                0x08009e14                xTaskPriorityInherit
 .text.xTaskPriorityDisinherit
                0x08009ee4       0xbc ./Middlewares/Third_Party/FreeRTOS/Source/tasks.o
                0x08009ee4                xTaskPriorityDisinherit
 .text.vTaskPriorityDisinheritAfterTimeout
                0x08009fa0       0xe4 ./Middlewares/Third_Party/FreeRTOS/Source/tasks.o
                0x08009fa0                vTaskPriorityDisinheritAfterTimeout
 .text.pvTaskIncrementMutexHeldCount
                0x0800a084       0x24 ./Middlewares/Third_Party/FreeRTOS/Source/tasks.o
                0x0800a084                pvTaskIncrementMutexHeldCount
 .text.prvAddCurrentTaskToDelayedList
                0x0800a0a8       0xa8 ./Middlewares/Third_Party/FreeRTOS/Source/tasks.o
 .text.xTimerCreateTimerTask
                0x0800a150       0x80 ./Middlewares/Third_Party/FreeRTOS/Source/timers.o
                0x0800a150                xTimerCreateTimerTask
 .text.xTimerGenericCommand
                0x0800a1d0       0x98 ./Middlewares/Third_Party/FreeRTOS/Source/timers.o
                0x0800a1d0                xTimerGenericCommand
 .text.prvProcessExpiredTimer
                0x0800a268       0x8c ./Middlewares/Third_Party/FreeRTOS/Source/timers.o
 .text.prvTimerTask
                0x0800a2f4       0x2a ./Middlewares/Third_Party/FreeRTOS/Source/timers.o
 *fill*         0x0800a31e        0x2 
 .text.prvProcessTimerOrBlockTask
                0x0800a320       0x90 ./Middlewares/Third_Party/FreeRTOS/Source/timers.o
 .text.prvGetNextExpireTime
                0x0800a3b0       0x44 ./Middlewares/Third_Party/FreeRTOS/Source/timers.o
 .text.prvSampleTimeNow
                0x0800a3f4       0x40 ./Middlewares/Third_Party/FreeRTOS/Source/timers.o
 .text.prvInsertTimerInActiveList
                0x0800a434       0x84 ./Middlewares/Third_Party/FreeRTOS/Source/timers.o
 .text.prvProcessReceivedCommands
                0x0800a4b8      0x194 ./Middlewares/Third_Party/FreeRTOS/Source/timers.o
 .text.prvSwitchTimerLists
                0x0800a64c       0xbc ./Middlewares/Third_Party/FreeRTOS/Source/timers.o
 .text.prvCheckForValidListAndQueue
                0x0800a708       0x84 ./Middlewares/Third_Party/FreeRTOS/Source/timers.o
 .text.pxPortInitialiseStack
                0x0800a78c       0x54 ./Middlewares/Third_Party/FreeRTOS/Source/portable/GCC/ARM_CM0/port.o
                0x0800a78c                pxPortInitialiseStack
 .text.prvTaskExitError
                0x0800a7e0       0x30 ./Middlewares/Third_Party/FreeRTOS/Source/portable/GCC/ARM_CM0/port.o
 .text.SVC_Handler
                0x0800a810        0xa ./Middlewares/Third_Party/FreeRTOS/Source/portable/GCC/ARM_CM0/port.o
                0x0800a810                SVC_Handler
 *fill*         0x0800a81a        0x6 
 .text.vPortStartFirstTask
                0x0800a820       0x38 ./Middlewares/Third_Party/FreeRTOS/Source/portable/GCC/ARM_CM0/port.o
 .text.xPortStartScheduler
                0x0800a858       0x48 ./Middlewares/Third_Party/FreeRTOS/Source/portable/GCC/ARM_CM0/port.o
                0x0800a858                xPortStartScheduler
 .text.vPortYield
                0x0800a8a0       0x20 ./Middlewares/Third_Party/FreeRTOS/Source/portable/GCC/ARM_CM0/port.o
                0x0800a8a0                vPortYield
 .text.vPortEnterCritical
                0x0800a8c0       0x24 ./Middlewares/Third_Party/FreeRTOS/Source/portable/GCC/ARM_CM0/port.o
                0x0800a8c0                vPortEnterCritical
 .text.vPortExitCritical
                0x0800a8e4       0x30 ./Middlewares/Third_Party/FreeRTOS/Source/portable/GCC/ARM_CM0/port.o
                0x0800a8e4                vPortExitCritical
 .text.ulSetInterruptMaskFromISR
                0x0800a914        0xc ./Middlewares/Third_Party/FreeRTOS/Source/portable/GCC/ARM_CM0/port.o
                0x0800a914                ulSetInterruptMaskFromISR
 .text.vClearInterruptMaskFromISR
                0x0800a920        0x8 ./Middlewares/Third_Party/FreeRTOS/Source/portable/GCC/ARM_CM0/port.o
                0x0800a920                vClearInterruptMaskFromISR
 *fill*         0x0800a928        0x8 
 .text.PendSV_Handler
                0x0800a930       0x48 ./Middlewares/Third_Party/FreeRTOS/Source/portable/GCC/ARM_CM0/port.o
                0x0800a930                PendSV_Handler
 .text.xPortSysTickHandler
                0x0800a978       0x34 ./Middlewares/Third_Party/FreeRTOS/Source/portable/GCC/ARM_CM0/port.o
                0x0800a978                xPortSysTickHandler
 .text.vPortSetupTimerInterrupt
                0x0800a9ac       0x44 ./Middlewares/Third_Party/FreeRTOS/Source/portable/GCC/ARM_CM0/port.o
                0x0800a9ac                vPortSetupTimerInterrupt
 .text.pvPortMalloc
                0x0800a9f0      0x160 ./Middlewares/Third_Party/FreeRTOS/Source/portable/MemMang/heap_4.o
                0x0800a9f0                pvPortMalloc
 .text.vPortFree
                0x0800ab50       0xa0 ./Middlewares/Third_Party/FreeRTOS/Source/portable/MemMang/heap_4.o
                0x0800ab50                vPortFree
 .text.prvHeapInit
                0x0800abf0       0xc0 ./Middlewares/Third_Party/FreeRTOS/Source/portable/MemMang/heap_4.o
 .text.prvInsertBlockIntoFreeList
                0x0800acb0       0xb0 ./Middlewares/Third_Party/FreeRTOS/Source/portable/MemMang/heap_4.o
 .text._vsnprintf_r
                0x0800ad60       0x56 /Applications/STM32CubeIDE.app/Contents/Eclipse/plugins/com.st.stm32cube.ide.mcu.externaltools.gnu-tools-for-stm32.12.3.rel1.macos64_1.0.200.202406191456/tools/bin/../lib/gcc/arm-none-eabi/12.3.1/../../../../arm-none-eabi/lib/thumb/v6-m/nofp/libc_nano.a(libc_a-vsnprintf.o)
                0x0800ad60                _vsnprintf_r
                0x0800ad60                _vsniprintf_r
 *fill*         0x0800adb6        0x2 
 .text.vsnprintf
                0x0800adb8       0x18 /Applications/STM32CubeIDE.app/Contents/Eclipse/plugins/com.st.stm32cube.ide.mcu.externaltools.gnu-tools-for-stm32.12.3.rel1.macos64_1.0.200.202406191456/tools/bin/../lib/gcc/arm-none-eabi/12.3.1/../../../../arm-none-eabi/lib/thumb/v6-m/nofp/libc_nano.a(libc_a-vsnprintf.o)
                0x0800adb8                vsnprintf
                0x0800adb8                vsniprintf
 .text.memset   0x0800add0       0x10 /Applications/STM32CubeIDE.app/Contents/Eclipse/plugins/com.st.stm32cube.ide.mcu.externaltools.gnu-tools-for-stm32.12.3.rel1.macos64_1.0.200.202406191456/tools/bin/../lib/gcc/arm-none-eabi/12.3.1/../../../../arm-none-eabi/lib/thumb/v6-m/nofp/libc_nano.a(libc_a-memset.o)
                0x0800add0                memset
 .text._reclaim_reent
                0x0800ade0       0xc0 /Applications/STM32CubeIDE.app/Contents/Eclipse/plugins/com.st.stm32cube.ide.mcu.externaltools.gnu-tools-for-stm32.12.3.rel1.macos64_1.0.200.202406191456/tools/bin/../lib/gcc/arm-none-eabi/12.3.1/../../../../arm-none-eabi/lib/thumb/v6-m/nofp/libc_nano.a(libc_a-reent.o)
                0x0800ade0                _reclaim_reent
 .text.__errno  0x0800aea0        0xc /Applications/STM32CubeIDE.app/Contents/Eclipse/plugins/com.st.stm32cube.ide.mcu.externaltools.gnu-tools-for-stm32.12.3.rel1.macos64_1.0.200.202406191456/tools/bin/../lib/gcc/arm-none-eabi/12.3.1/../../../../arm-none-eabi/lib/thumb/v6-m/nofp/libc_nano.a(libc_a-errno.o)
                0x0800aea0                __errno
 .text.__libc_init_array
                0x0800aeac       0x48 /Applications/STM32CubeIDE.app/Contents/Eclipse/plugins/com.st.stm32cube.ide.mcu.externaltools.gnu-tools-for-stm32.12.3.rel1.macos64_1.0.200.202406191456/tools/bin/../lib/gcc/arm-none-eabi/12.3.1/../../../../arm-none-eabi/lib/thumb/v6-m/nofp/libc_nano.a(libc_a-init.o)
                0x0800aeac                __libc_init_array
 .text.__retarget_lock_acquire_recursive
                0x0800aef4        0x2 /Applications/STM32CubeIDE.app/Contents/Eclipse/plugins/com.st.stm32cube.ide.mcu.externaltools.gnu-tools-for-stm32.12.3.rel1.macos64_1.0.200.202406191456/tools/bin/../lib/gcc/arm-none-eabi/12.3.1/../../../../arm-none-eabi/lib/thumb/v6-m/nofp/libc_nano.a(libc_a-lock.o)
                0x0800aef4                __retarget_lock_acquire_recursive
 .text.__retarget_lock_release_recursive
                0x0800aef6        0x2 /Applications/STM32CubeIDE.app/Contents/Eclipse/plugins/com.st.stm32cube.ide.mcu.externaltools.gnu-tools-for-stm32.12.3.rel1.macos64_1.0.200.202406191456/tools/bin/../lib/gcc/arm-none-eabi/12.3.1/../../../../arm-none-eabi/lib/thumb/v6-m/nofp/libc_nano.a(libc_a-lock.o)
                0x0800aef6                __retarget_lock_release_recursive
 .text.memcpy   0x0800aef8       0x12 /Applications/STM32CubeIDE.app/Contents/Eclipse/plugins/com.st.stm32cube.ide.mcu.externaltools.gnu-tools-for-stm32.12.3.rel1.macos64_1.0.200.202406191456/tools/bin/../lib/gcc/arm-none-eabi/12.3.1/../../../../arm-none-eabi/lib/thumb/v6-m/nofp/libc_nano.a(libc_a-memcpy-stub.o)
                0x0800aef8                memcpy
 *fill*         0x0800af0a        0x2 
 .text._free_r  0x0800af0c       0x94 /Applications/STM32CubeIDE.app/Contents/Eclipse/plugins/com.st.stm32cube.ide.mcu.externaltools.gnu-tools-for-stm32.12.3.rel1.macos64_1.0.200.202406191456/tools/bin/../lib/gcc/arm-none-eabi/12.3.1/../../../../arm-none-eabi/lib/thumb/v6-m/nofp/libc_nano.a(libc_a-freer.o)
                0x0800af0c                _free_r
 .text.__ssputs_r
                0x0800afa0       0xc0 /Applications/STM32CubeIDE.app/Contents/Eclipse/plugins/com.st.stm32cube.ide.mcu.externaltools.gnu-tools-for-stm32.12.3.rel1.macos64_1.0.200.202406191456/tools/bin/../lib/gcc/arm-none-eabi/12.3.1/../../../../arm-none-eabi/lib/thumb/v6-m/nofp/libc_nano.a(libc_a-nano-svfprintf.o)
                0x0800afa0                __ssputs_r
 .text._svfprintf_r
                0x0800b060      0x1fc /Applications/STM32CubeIDE.app/Contents/Eclipse/plugins/com.st.stm32cube.ide.mcu.externaltools.gnu-tools-for-stm32.12.3.rel1.macos64_1.0.200.202406191456/tools/bin/../lib/gcc/arm-none-eabi/12.3.1/../../../../arm-none-eabi/lib/thumb/v6-m/nofp/libc_nano.a(libc_a-nano-svfprintf.o)
                0x0800b060                _svfprintf_r
                0x0800b060                _svfiprintf_r
 .text.sbrk_aligned
                0x0800b25c       0x44 /Applications/STM32CubeIDE.app/Contents/Eclipse/plugins/com.st.stm32cube.ide.mcu.externaltools.gnu-tools-for-stm32.12.3.rel1.macos64_1.0.200.202406191456/tools/bin/../lib/gcc/arm-none-eabi/12.3.1/../../../../arm-none-eabi/lib/thumb/v6-m/nofp/libc_nano.a(libc_a-mallocr.o)
 .text._malloc_r
                0x0800b2a0      0x100 /Applications/STM32CubeIDE.app/Contents/Eclipse/plugins/com.st.stm32cube.ide.mcu.externaltools.gnu-tools-for-stm32.12.3.rel1.macos64_1.0.200.202406191456/tools/bin/../lib/gcc/arm-none-eabi/12.3.1/../../../../arm-none-eabi/lib/thumb/v6-m/nofp/libc_nano.a(libc_a-mallocr.o)
                0x0800b2a0                _malloc_r
 .text._printf_common
                0x0800b3a0       0xde /Applications/STM32CubeIDE.app/Contents/Eclipse/plugins/com.st.stm32cube.ide.mcu.externaltools.gnu-tools-for-stm32.12.3.rel1.macos64_1.0.200.202406191456/tools/bin/../lib/gcc/arm-none-eabi/12.3.1/../../../../arm-none-eabi/lib/thumb/v6-m/nofp/libc_nano.a(libc_a-nano-vfprintf_i.o)
                0x0800b3a0                _printf_common
 *fill*         0x0800b47e        0x2 
 .text._printf_i
                0x0800b480      0x21c /Applications/STM32CubeIDE.app/Contents/Eclipse/plugins/com.st.stm32cube.ide.mcu.externaltools.gnu-tools-for-stm32.12.3.rel1.macos64_1.0.200.202406191456/tools/bin/../lib/gcc/arm-none-eabi/12.3.1/../../../../arm-none-eabi/lib/thumb/v6-m/nofp/libc_nano.a(libc_a-nano-vfprintf_i.o)
                0x0800b480                _printf_i
 .text.__malloc_lock
                0x0800b69c       0x10 /Applications/STM32CubeIDE.app/Contents/Eclipse/plugins/com.st.stm32cube.ide.mcu.externaltools.gnu-tools-for-stm32.12.3.rel1.macos64_1.0.200.202406191456/tools/bin/../lib/gcc/arm-none-eabi/12.3.1/../../../../arm-none-eabi/lib/thumb/v6-m/nofp/libc_nano.a(libc_a-mlock.o)
                0x0800b69c                __malloc_lock
 .text.__malloc_unlock
                0x0800b6ac       0x10 /Applications/STM32CubeIDE.app/Contents/Eclipse/plugins/com.st.stm32cube.ide.mcu.externaltools.gnu-tools-for-stm32.12.3.rel1.macos64_1.0.200.202406191456/tools/bin/../lib/gcc/arm-none-eabi/12.3.1/../../../../arm-none-eabi/lib/thumb/v6-m/nofp/libc_nano.a(libc_a-mlock.o)
                0x0800b6ac                __malloc_unlock
 .text._realloc_r
                0x0800b6bc       0x5e /Applications/STM32CubeIDE.app/Contents/Eclipse/plugins/com.st.stm32cube.ide.mcu.externaltools.gnu-tools-for-stm32.12.3.rel1.macos64_1.0.200.202406191456/tools/bin/../lib/gcc/arm-none-eabi/12.3.1/../../../../arm-none-eabi/lib/thumb/v6-m/nofp/libc_nano.a(libc_a-reallocr.o)
                0x0800b6bc                _realloc_r
 .text.memmove  0x0800b71a       0x26 /Applications/STM32CubeIDE.app/Contents/Eclipse/plugins/com.st.stm32cube.ide.mcu.externaltools.gnu-tools-for-stm32.12.3.rel1.macos64_1.0.200.202406191456/tools/bin/../lib/gcc/arm-none-eabi/12.3.1/../../../../arm-none-eabi/lib/thumb/v6-m/nofp/libc_nano.a(libc_a-memmove.o)
                0x0800b71a                memmove
 .text._sbrk_r  0x0800b740       0x24 /Applications/STM32CubeIDE.app/Contents/Eclipse/plugins/com.st.stm32cube.ide.mcu.externaltools.gnu-tools-for-stm32.12.3.rel1.macos64_1.0.200.202406191456/tools/bin/../lib/gcc/arm-none-eabi/12.3.1/../../../../arm-none-eabi/lib/thumb/v6-m/nofp/libc_nano.a(libc_a-sbrkr.o)
                0x0800b740                _sbrk_r
 .text.memchr   0x0800b764       0x16 /Applications/STM32CubeIDE.app/Contents/Eclipse/plugins/com.st.stm32cube.ide.mcu.externaltools.gnu-tools-for-stm32.12.3.rel1.macos64_1.0.200.202406191456/tools/bin/../lib/gcc/arm-none-eabi/12.3.1/../../../../arm-none-eabi/lib/thumb/v6-m/nofp/libc_nano.a(libc_a-memchr-stub.o)
                0x0800b764                memchr
 .text._malloc_usable_size_r
                0x0800b77a       0x10 /Applications/STM32CubeIDE.app/Contents/Eclipse/plugins/com.st.stm32cube.ide.mcu.externaltools.gnu-tools-for-stm32.12.3.rel1.macos64_1.0.200.202406191456/tools/bin/../lib/gcc/arm-none-eabi/12.3.1/../../../../arm-none-eabi/lib/thumb/v6-m/nofp/libc_nano.a(libc_a-msizer.o)
                0x0800b77a                _malloc_usable_size_r
 *(.glue_7)
 .glue_7        0x0800b78a        0x0 linker stubs
 *(.glue_7t)
 .glue_7t       0x0800b78a        0x0 linker stubs
 *(.eh_frame)
 *fill*         0x0800b78a        0x2 
 .eh_frame      0x0800b78c        0x0 /Applications/STM32CubeIDE.app/Contents/Eclipse/plugins/com.st.stm32cube.ide.mcu.externaltools.gnu-tools-for-stm32.12.3.rel1.macos64_1.0.200.202406191456/tools/bin/../lib/gcc/arm-none-eabi/12.3.1/thumb/v6-m/nofp/crtbegin.o
 *(.init)
 .init          0x0800b78c        0x4 /Applications/STM32CubeIDE.app/Contents/Eclipse/plugins/com.st.stm32cube.ide.mcu.externaltools.gnu-tools-for-stm32.12.3.rel1.macos64_1.0.200.202406191456/tools/bin/../lib/gcc/arm-none-eabi/12.3.1/thumb/v6-m/nofp/crti.o
                0x0800b78c                _init
 .init          0x0800b790        0x8 /Applications/STM32CubeIDE.app/Contents/Eclipse/plugins/com.st.stm32cube.ide.mcu.externaltools.gnu-tools-for-stm32.12.3.rel1.macos64_1.0.200.202406191456/tools/bin/../lib/gcc/arm-none-eabi/12.3.1/thumb/v6-m/nofp/crtn.o
 *(.fini)
 .fini          0x0800b798        0x4 /Applications/STM32CubeIDE.app/Contents/Eclipse/plugins/com.st.stm32cube.ide.mcu.externaltools.gnu-tools-for-stm32.12.3.rel1.macos64_1.0.200.202406191456/tools/bin/../lib/gcc/arm-none-eabi/12.3.1/thumb/v6-m/nofp/crti.o
                0x0800b798                _fini
 .fini          0x0800b79c        0x8 /Applications/STM32CubeIDE.app/Contents/Eclipse/plugins/com.st.stm32cube.ide.mcu.externaltools.gnu-tools-for-stm32.12.3.rel1.macos64_1.0.200.202406191456/tools/bin/../lib/gcc/arm-none-eabi/12.3.1/thumb/v6-m/nofp/crtn.o
                0x0800b7a4                        . = ALIGN (0x4)
                0x0800b7a4                        _etext = .

.vfp11_veneer   0x0800b7a4        0x0
 .vfp11_veneer  0x0800b7a4        0x0 linker stubs

.v4_bx          0x0800b7a4        0x0
 .v4_bx         0x0800b7a4        0x0 linker stubs

.iplt           0x0800b7a4        0x0
 .iplt          0x0800b7a4        0x0 /Applications/STM32CubeIDE.app/Contents/Eclipse/plugins/com.st.stm32cube.ide.mcu.externaltools.gnu-tools-for-stm32.12.3.rel1.macos64_1.0.200.202406191456/tools/bin/../lib/gcc/arm-none-eabi/12.3.1/thumb/v6-m/nofp/crtbegin.o

.rodata         0x0800b7a4      0x438
                0x0800b7a4                        . = ALIGN (0x4)
 *(.rodata)
 .rodata        0x0800b7a4       0x2f ./Core/Src/app_freertos.o
 *fill*         0x0800b7d3        0x1 
 .rodata        0x0800b7d4      0x1b5 ./Core/Src/main.o
 *fill*         0x0800b989        0x3 
 .rodata        0x0800b98c       0x44 ./Middlewares/Third_Party/FatFs/src/ff.o
 .rodata        0x0800b9d0        0x5 ./Middlewares/Third_Party/FreeRTOS/Source/tasks.o
 *fill*         0x0800b9d5        0x3 
 .rodata        0x0800b9d8        0xd ./Middlewares/Third_Party/FreeRTOS/Source/timers.o
 *(.rodata*)
 *fill*         0x0800b9e5        0x3 
 .rodata.readSD_attributes
                0x0800b9e8       0x24 ./Core/Src/app_freertos.o
                0x0800b9e8                readSD_attributes
 .rodata.driveLED_attributes
                0x0800ba0c       0x24 ./Core/Src/app_freertos.o
                0x0800ba0c                driveLED_attributes
 .rodata.iterateFrame_attributes
                0x0800ba30       0x24 ./Core/Src/app_freertos.o
                0x0800ba30                iterateFrame_attributes
 .rodata.SDtoMemory_attributes
                0x0800ba54       0x24 ./Core/Src/app_freertos.o
                0x0800ba54                SDtoMemory_attributes
 .rodata.AHBPrescTable
                0x0800ba78       0x40 ./Core/Src/system_stm32g0xx.o
                0x0800ba78                AHBPrescTable
 .rodata.APBPrescTable
                0x0800bab8       0x20 ./Core/Src/system_stm32g0xx.o
                0x0800bab8                APBPrescTable
 .rodata.UARTPrescTable
                0x0800bad8       0x18 ./Drivers/STM32G0xx_HAL_Driver/Src/stm32g0xx_hal_uart.o
                0x0800bad8                UARTPrescTable
 .rodata.numerator.1
                0x0800baf0        0x8 ./Drivers/STM32G0xx_HAL_Driver/Src/stm32g0xx_hal_uart_ex.o
 .rodata.denominator.0
                0x0800baf8        0x8 ./Drivers/STM32G0xx_HAL_Driver/Src/stm32g0xx_hal_uart_ex.o
 .rodata.ExCvt  0x0800bb00       0x80 ./Middlewares/Third_Party/FatFs/src/ff.o
 .rodata.prvProcessReceivedCommands
                0x0800bb80       0x28 ./Middlewares/Third_Party/FreeRTOS/Source/timers.o
 .rodata._svfprintf_r.str1.1
                0x0800bba8       0x11 /Applications/STM32CubeIDE.app/Contents/Eclipse/plugins/com.st.stm32cube.ide.mcu.externaltools.gnu-tools-for-stm32.12.3.rel1.macos64_1.0.200.202406191456/tools/bin/../lib/gcc/arm-none-eabi/12.3.1/../../../../arm-none-eabi/lib/thumb/v6-m/nofp/libc_nano.a(libc_a-nano-svfprintf.o)
 .rodata._printf_i.str1.1
                0x0800bbb9       0x22 /Applications/STM32CubeIDE.app/Contents/Eclipse/plugins/com.st.stm32cube.ide.mcu.externaltools.gnu-tools-for-stm32.12.3.rel1.macos64_1.0.200.202406191456/tools/bin/../lib/gcc/arm-none-eabi/12.3.1/../../../../arm-none-eabi/lib/thumb/v6-m/nofp/libc_nano.a(libc_a-nano-vfprintf_i.o)
                0x0800bbdc                        . = ALIGN (0x4)
 *fill*         0x0800bbdb        0x1 

.ARM.extab      0x0800bbdc        0x0
                0x0800bbdc                        . = ALIGN (0x4)
 *(.ARM.extab* .gnu.linkonce.armextab.*)
                0x0800bbdc                        . = ALIGN (0x4)

.ARM            0x0800bbdc        0x0
                0x0800bbdc                        . = ALIGN (0x4)
                0x0800bbdc                        __exidx_start = .
 *(.ARM.exidx*)
                0x0800bbdc                        __exidx_end = .
                0x0800bbdc                        . = ALIGN (0x4)

.preinit_array  0x0800bbdc        0x0
                0x0800bbdc                        . = ALIGN (0x4)
                0x0800bbdc                        PROVIDE (__preinit_array_start = .)
 *(.preinit_array*)
                0x0800bbdc                        PROVIDE (__preinit_array_end = .)
                0x0800bbdc                        . = ALIGN (0x4)

.init_array     0x0800bbdc        0x4
                0x0800bbdc                        . = ALIGN (0x4)
                0x0800bbdc                        PROVIDE (__init_array_start = .)
 *(SORT_BY_NAME(.init_array.*))
 *(.init_array*)
 .init_array    0x0800bbdc        0x4 /Applications/STM32CubeIDE.app/Contents/Eclipse/plugins/com.st.stm32cube.ide.mcu.externaltools.gnu-tools-for-stm32.12.3.rel1.macos64_1.0.200.202406191456/tools/bin/../lib/gcc/arm-none-eabi/12.3.1/thumb/v6-m/nofp/crtbegin.o
                0x0800bbe0                        PROVIDE (__init_array_end = .)
                0x0800bbe0                        . = ALIGN (0x4)

.fini_array     0x0800bbe0        0x4
                0x0800bbe0                        . = ALIGN (0x4)
                [!provide]                        PROVIDE (__fini_array_start = .)
 *(SORT_BY_NAME(.fini_array.*))
 *(.fini_array*)
 .fini_array    0x0800bbe0        0x4 /Applications/STM32CubeIDE.app/Contents/Eclipse/plugins/com.st.stm32cube.ide.mcu.externaltools.gnu-tools-for-stm32.12.3.rel1.macos64_1.0.200.202406191456/tools/bin/../lib/gcc/arm-none-eabi/12.3.1/thumb/v6-m/nofp/crtbegin.o
                [!provide]                        PROVIDE (__fini_array_end = .)
                0x0800bbe4                        . = ALIGN (0x4)
                0x0800bbe4                        _sidata = LOADADDR (.data)

.rel.dyn        0x0800bbe4        0x0
 .rel.iplt      0x0800bbe4        0x0 /Applications/STM32CubeIDE.app/Contents/Eclipse/plugins/com.st.stm32cube.ide.mcu.externaltools.gnu-tools-for-stm32.12.3.rel1.macos64_1.0.200.202406191456/tools/bin/../lib/gcc/arm-none-eabi/12.3.1/thumb/v6-m/nofp/crtbegin.o

.data           0x20000000      0x13c load address 0x0800bbe4
                0x20000000                        . = ALIGN (0x4)
                0x20000000                        _sdata = .
 *(.data)
 *(.data*)
 .data.led_column_ports
                0x20000000       0x40 ./Core/Src/app_freertos.o
                0x20000000                led_column_ports
 .data.led_column_pins
                0x20000040       0x20 ./Core/Src/app_freertos.o
                0x20000040                led_column_pins
 .data.led_row_ports
                0x20000060       0x40 ./Core/Src/app_freertos.o
                0x20000060                led_row_ports
 .data.led_row_pins
                0x200000a0       0x20 ./Core/Src/app_freertos.o
                0x200000a0                led_row_pins
 .data.base_mem_addr
                0x200000c0        0x4 ./Core/Src/app_freertos.o
                0x200000c0                base_mem_addr
 .data.SystemCoreClock
                0x200000c4        0x4 ./Core/Src/system_stm32g0xx.o
                0x200000c4                SystemCoreClock
 .data.uwTickPrio
                0x200000c8        0x4 ./Drivers/STM32G0xx_HAL_Driver/Src/stm32g0xx_hal.o
                0x200000c8                uwTickPrio
 .data.uwTickFreq
                0x200000cc        0x1 ./Drivers/STM32G0xx_HAL_Driver/Src/stm32g0xx_hal.o
                0x200000cc                uwTickFreq
 *fill*         0x200000cd        0x3 
 .data.USER_Driver
                0x200000d0       0x14 ./FATFS/Target/user_diskio.o
                0x200000d0                USER_Driver
 .data.Stat     0x200000e4        0x1 ./FATFS/Target/user_diskio_spi.o
 *fill*         0x200000e5        0x3 
 .data.uxCriticalNesting
                0x200000e8        0x4 ./Middlewares/Third_Party/FreeRTOS/Source/portable/GCC/ARM_CM0/port.o
 .data._impure_ptr
                0x200000ec        0x4 /Applications/STM32CubeIDE.app/Contents/Eclipse/plugins/com.st.stm32cube.ide.mcu.externaltools.gnu-tools-for-stm32.12.3.rel1.macos64_1.0.200.202406191456/tools/bin/../lib/gcc/arm-none-eabi/12.3.1/../../../../arm-none-eabi/lib/thumb/v6-m/nofp/libc_nano.a(libc_a-impure.o)
                0x200000ec                _impure_ptr
 .data._impure_data
                0x200000f0       0x4c /Applications/STM32CubeIDE.app/Contents/Eclipse/plugins/com.st.stm32cube.ide.mcu.externaltools.gnu-tools-for-stm32.12.3.rel1.macos64_1.0.200.202406191456/tools/bin/../lib/gcc/arm-none-eabi/12.3.1/../../../../arm-none-eabi/lib/thumb/v6-m/nofp/libc_nano.a(libc_a-impure.o)
                0x200000f0                _impure_data
 *(.RamFunc)
 *(.RamFunc*)
                0x2000013c                        . = ALIGN (0x4)
                0x2000013c                        _edata = .

.igot.plt       0x2000013c        0x0 load address 0x0800bd20
 .igot.plt      0x2000013c        0x0 /Applications/STM32CubeIDE.app/Contents/Eclipse/plugins/com.st.stm32cube.ide.mcu.externaltools.gnu-tools-for-stm32.12.3.rel1.macos64_1.0.200.202406191456/tools/bin/../lib/gcc/arm-none-eabi/12.3.1/thumb/v6-m/nofp/crtbegin.o
                0x2000013c                        . = ALIGN (0x4)

.bss            0x2000013c     0x1e90 load address 0x0800bd20
                0x2000013c                        _sbss = .
                0x2000013c                        __bss_start__ = _sbss
 *(.bss)
 .bss           0x2000013c       0x1c /Applications/STM32CubeIDE.app/Contents/Eclipse/plugins/com.st.stm32cube.ide.mcu.externaltools.gnu-tools-for-stm32.12.3.rel1.macos64_1.0.200.202406191456/tools/bin/../lib/gcc/arm-none-eabi/12.3.1/thumb/v6-m/nofp/crtbegin.o
 *(.bss*)
 .bss.readSDHandle
                0x20000158        0x4 ./Core/Src/app_freertos.o
                0x20000158                readSDHandle
 .bss.driveLEDHandle
                0x2000015c        0x4 ./Core/Src/app_freertos.o
                0x2000015c                driveLEDHandle
 .bss.iterateFrameHandle
                0x20000160        0x4 ./Core/Src/app_freertos.o
                0x20000160                iterateFrameHandle
 .bss.SDtoMemoryHandle
                0x20000164        0x4 ./Core/Src/app_freertos.o
                0x20000164                SDtoMemoryHandle
 .bss.current_frame
                0x20000168        0x1 ./Core/Src/main.o
                0x20000168                current_frame
 *fill*         0x20000169        0x3 
 .bss.buffer.0  0x2000016c      0x100 ./Core/Src/main.o
 .bss.hspi1     0x2000026c       0x64 ./Core/Src/spi.o
                0x2000026c                hspi1
 .bss.hdma_spi1_rx
                0x200002d0       0x5c ./Core/Src/spi.o
                0x200002d0                hdma_spi1_rx
 .bss.htim6     0x2000032c       0x4c ./Core/Src/stm32g0xx_hal_timebase_tim.o
                0x2000032c                htim6
 .bss.__sbrk_heap_end
                0x20000378        0x4 ./Core/Src/sysmem.o
 .bss.htim16    0x2000037c       0x4c ./Core/Src/tim.o
                0x2000037c                htim16
 .bss.huart2    0x200003c8       0x94 ./Core/Src/usart.o
                0x200003c8                huart2
 .bss.uwTick    0x2000045c        0x4 ./Drivers/STM32G0xx_HAL_Driver/Src/stm32g0xx_hal.o
                0x2000045c                uwTick
 .bss.USERPath  0x20000460        0x4 ./FATFS/App/app_fatfs.o
                0x20000460                USERPath
 .bss.Appli_state
                0x20000464        0x1 ./FATFS/App/app_fatfs.o
                0x20000464                Appli_state
 .bss.CardType  0x20000465        0x1 ./FATFS/Target/user_diskio_spi.o
 *fill*         0x20000466        0x2 
 .bss.spiTimerTickStart
                0x20000468        0x4 ./FATFS/Target/user_diskio_spi.o
                0x20000468                spiTimerTickStart
 .bss.spiTimerTickDelay
                0x2000046c        0x4 ./FATFS/Target/user_diskio_spi.o
                0x2000046c                spiTimerTickDelay
 .bss.FatFs     0x20000470        0x4 ./Middlewares/Third_Party/FatFs/src/ff.o
 .bss.Fsid      0x20000474        0x2 ./Middlewares/Third_Party/FatFs/src/ff.o
 *fill*         0x20000476        0x2 
 .bss.Files     0x20000478       0x20 ./Middlewares/Third_Party/FatFs/src/ff.o
 .bss.disk      0x20000498        0xc ./Middlewares/Third_Party/FatFs/src/ff_gen_drv.o
                0x20000498                disk
 .bss.KernelState
                0x200004a4        0x4 ./Middlewares/Third_Party/FreeRTOS/Source/CMSIS_RTOS_V2/cmsis_os2.o
 .bss.Idle_TCB.3
                0x200004a8       0xa8 ./Middlewares/Third_Party/FreeRTOS/Source/CMSIS_RTOS_V2/cmsis_os2.o
 .bss.Idle_Stack.2
                0x20000550      0x200 ./Middlewares/Third_Party/FreeRTOS/Source/CMSIS_RTOS_V2/cmsis_os2.o
 .bss.Timer_TCB.1
                0x20000750       0xa8 ./Middlewares/Third_Party/FreeRTOS/Source/CMSIS_RTOS_V2/cmsis_os2.o
 .bss.Timer_Stack.0
                0x200007f8      0x400 ./Middlewares/Third_Party/FreeRTOS/Source/CMSIS_RTOS_V2/cmsis_os2.o
 .bss.xQueueRegistry
                0x20000bf8       0x40 ./Middlewares/Third_Party/FreeRTOS/Source/queue.o
                0x20000bf8                xQueueRegistry
 .bss.pxCurrentTCB
                0x20000c38        0x4 ./Middlewares/Third_Party/FreeRTOS/Source/tasks.o
                0x20000c38                pxCurrentTCB
 .bss.pxReadyTasksLists
                0x20000c3c      0x460 ./Middlewares/Third_Party/FreeRTOS/Source/tasks.o
 .bss.xDelayedTaskList1
                0x2000109c       0x14 ./Middlewares/Third_Party/FreeRTOS/Source/tasks.o
 .bss.xDelayedTaskList2
                0x200010b0       0x14 ./Middlewares/Third_Party/FreeRTOS/Source/tasks.o
 .bss.pxDelayedTaskList
                0x200010c4        0x4 ./Middlewares/Third_Party/FreeRTOS/Source/tasks.o
 .bss.pxOverflowDelayedTaskList
                0x200010c8        0x4 ./Middlewares/Third_Party/FreeRTOS/Source/tasks.o
 .bss.xPendingReadyList
                0x200010cc       0x14 ./Middlewares/Third_Party/FreeRTOS/Source/tasks.o
 .bss.xTasksWaitingTermination
                0x200010e0       0x14 ./Middlewares/Third_Party/FreeRTOS/Source/tasks.o
 .bss.uxDeletedTasksWaitingCleanUp
                0x200010f4        0x4 ./Middlewares/Third_Party/FreeRTOS/Source/tasks.o
 .bss.xSuspendedTaskList
                0x200010f8       0x14 ./Middlewares/Third_Party/FreeRTOS/Source/tasks.o
 .bss.uxCurrentNumberOfTasks
                0x2000110c        0x4 ./Middlewares/Third_Party/FreeRTOS/Source/tasks.o
 .bss.xTickCount
                0x20001110        0x4 ./Middlewares/Third_Party/FreeRTOS/Source/tasks.o
 .bss.uxTopReadyPriority
                0x20001114        0x4 ./Middlewares/Third_Party/FreeRTOS/Source/tasks.o
 .bss.xSchedulerRunning
                0x20001118        0x4 ./Middlewares/Third_Party/FreeRTOS/Source/tasks.o
 .bss.xPendedTicks
                0x2000111c        0x4 ./Middlewares/Third_Party/FreeRTOS/Source/tasks.o
 .bss.xYieldPending
                0x20001120        0x4 ./Middlewares/Third_Party/FreeRTOS/Source/tasks.o
 .bss.xNumOfOverflows
                0x20001124        0x4 ./Middlewares/Third_Party/FreeRTOS/Source/tasks.o
 .bss.uxTaskNumber
                0x20001128        0x4 ./Middlewares/Third_Party/FreeRTOS/Source/tasks.o
 .bss.xNextTaskUnblockTime
                0x2000112c        0x4 ./Middlewares/Third_Party/FreeRTOS/Source/tasks.o
 .bss.xIdleTaskHandle
                0x20001130        0x4 ./Middlewares/Third_Party/FreeRTOS/Source/tasks.o
 .bss.uxSchedulerSuspended
                0x20001134        0x4 ./Middlewares/Third_Party/FreeRTOS/Source/tasks.o
 .bss.xActiveTimerList1
                0x20001138       0x14 ./Middlewares/Third_Party/FreeRTOS/Source/timers.o
 .bss.xActiveTimerList2
                0x2000114c       0x14 ./Middlewares/Third_Party/FreeRTOS/Source/timers.o
 .bss.pxCurrentTimerList
                0x20001160        0x4 ./Middlewares/Third_Party/FreeRTOS/Source/timers.o
 .bss.pxOverflowTimerList
                0x20001164        0x4 ./Middlewares/Third_Party/FreeRTOS/Source/timers.o
 .bss.xTimerQueue
                0x20001168        0x4 ./Middlewares/Third_Party/FreeRTOS/Source/timers.o
 .bss.xTimerTaskHandle
                0x2000116c        0x4 ./Middlewares/Third_Party/FreeRTOS/Source/timers.o
 .bss.xLastTime.2
                0x20001170        0x4 ./Middlewares/Third_Party/FreeRTOS/Source/timers.o
 .bss.ucStaticTimerQueueStorage.1
                0x20001174       0xa0 ./Middlewares/Third_Party/FreeRTOS/Source/timers.o
 .bss.xStaticTimerQueue.0
                0x20001214       0x50 ./Middlewares/Third_Party/FreeRTOS/Source/timers.o
 .bss.ucHeap    0x20001264      0xc00 ./Middlewares/Third_Party/FreeRTOS/Source/portable/MemMang/heap_4.o
 .bss.xStart    0x20001e64        0x8 ./Middlewares/Third_Party/FreeRTOS/Source/portable/MemMang/heap_4.o
 .bss.pxEnd     0x20001e6c        0x4 ./Middlewares/Third_Party/FreeRTOS/Source/portable/MemMang/heap_4.o
 .bss.xFreeBytesRemaining
                0x20001e70        0x4 ./Middlewares/Third_Party/FreeRTOS/Source/portable/MemMang/heap_4.o
 .bss.xMinimumEverFreeBytesRemaining
                0x20001e74        0x4 ./Middlewares/Third_Party/FreeRTOS/Source/portable/MemMang/heap_4.o
 .bss.xNumberOfSuccessfulAllocations
                0x20001e78        0x4 ./Middlewares/Third_Party/FreeRTOS/Source/portable/MemMang/heap_4.o
 .bss.xNumberOfSuccessfulFrees
                0x20001e7c        0x4 ./Middlewares/Third_Party/FreeRTOS/Source/portable/MemMang/heap_4.o
 .bss.xBlockAllocatedBit
                0x20001e80        0x4 ./Middlewares/Third_Party/FreeRTOS/Source/portable/MemMang/heap_4.o
 .bss.__sf      0x20001e84      0x138 /Applications/STM32CubeIDE.app/Contents/Eclipse/plugins/com.st.stm32cube.ide.mcu.externaltools.gnu-tools-for-stm32.12.3.rel1.macos64_1.0.200.202406191456/tools/bin/../lib/gcc/arm-none-eabi/12.3.1/../../../../arm-none-eabi/lib/thumb/v6-m/nofp/libc_nano.a(libc_a-findfp.o)
                0x20001e84                __sf
 .bss.errno     0x20001fbc        0x4 /Applications/STM32CubeIDE.app/Contents/Eclipse/plugins/com.st.stm32cube.ide.mcu.externaltools.gnu-tools-for-stm32.12.3.rel1.macos64_1.0.200.202406191456/tools/bin/../lib/gcc/arm-none-eabi/12.3.1/../../../../arm-none-eabi/lib/thumb/v6-m/nofp/libc_nano.a(libc_a-reent.o)
                0x20001fbc                errno
 .bss.__lock___malloc_recursive_mutex
                0x20001fc0        0x1 /Applications/STM32CubeIDE.app/Contents/Eclipse/plugins/com.st.stm32cube.ide.mcu.externaltools.gnu-tools-for-stm32.12.3.rel1.macos64_1.0.200.202406191456/tools/bin/../lib/gcc/arm-none-eabi/12.3.1/../../../../arm-none-eabi/lib/thumb/v6-m/nofp/libc_nano.a(libc_a-lock.o)
                0x20001fc0                __lock___malloc_recursive_mutex
 *fill*         0x20001fc1        0x3 
 .bss.__malloc_sbrk_start
                0x20001fc4        0x4 /Applications/STM32CubeIDE.app/Contents/Eclipse/plugins/com.st.stm32cube.ide.mcu.externaltools.gnu-tools-for-stm32.12.3.rel1.macos64_1.0.200.202406191456/tools/bin/../lib/gcc/arm-none-eabi/12.3.1/../../../../arm-none-eabi/lib/thumb/v6-m/nofp/libc_nano.a(libc_a-mallocr.o)
                0x20001fc4                __malloc_sbrk_start
 .bss.__malloc_free_list
                0x20001fc8        0x4 /Applications/STM32CubeIDE.app/Contents/Eclipse/plugins/com.st.stm32cube.ide.mcu.externaltools.gnu-tools-for-stm32.12.3.rel1.macos64_1.0.200.202406191456/tools/bin/../lib/gcc/arm-none-eabi/12.3.1/../../../../arm-none-eabi/lib/thumb/v6-m/nofp/libc_nano.a(libc_a-mallocr.o)
                0x20001fc8                __malloc_free_list
 *(COMMON)
                0x20001fcc                        . = ALIGN (0x4)
                0x20001fcc                        _ebss = .
                0x20001fcc                        __bss_end__ = _ebss

._user_heap_stack
                0x20001fcc      0x604 load address 0x0800bd20
                0x20001fd0                        . = ALIGN (0x8)
 *fill*         0x20001fcc        0x4 
                [!provide]                        PROVIDE (end = .)
                0x20001fd0                        PROVIDE (_end = .)
                0x200021d0                        . = (. + _Min_Heap_Size)
 *fill*         0x20001fd0      0x200 
                0x200025d0                        . = (. + _Min_Stack_Size)
 *fill*         0x200021d0      0x400 
                0x200025d0                        . = ALIGN (0x8)

/DISCARD/
 libc.a(*)
 libm.a(*)
 libgcc.a(*)

.ARM.attributes
                0x00000000       0x28
 *(.ARM.attributes)
 .ARM.attributes
                0x00000000       0x1e /Applications/STM32CubeIDE.app/Contents/Eclipse/plugins/com.st.stm32cube.ide.mcu.externaltools.gnu-tools-for-stm32.12.3.rel1.macos64_1.0.200.202406191456/tools/bin/../lib/gcc/arm-none-eabi/12.3.1/thumb/v6-m/nofp/crti.o
 .ARM.attributes
                0x0000001e       0x2c /Applications/STM32CubeIDE.app/Contents/Eclipse/plugins/com.st.stm32cube.ide.mcu.externaltools.gnu-tools-for-stm32.12.3.rel1.macos64_1.0.200.202406191456/tools/bin/../lib/gcc/arm-none-eabi/12.3.1/thumb/v6-m/nofp/crtbegin.o
 .ARM.attributes
                0x0000004a       0x2c ./Core/Src/app_freertos.o
 .ARM.attributes
                0x00000076       0x2c ./Core/Src/dma.o
 .ARM.attributes
                0x000000a2       0x2c ./Core/Src/gpio.o
 .ARM.attributes
                0x000000ce       0x2c ./Core/Src/main.o
 .ARM.attributes
                0x000000fa       0x2c ./Core/Src/spi.o
 .ARM.attributes
                0x00000126       0x2c ./Core/Src/stm32g0xx_hal_msp.o
 .ARM.attributes
                0x00000152       0x2c ./Core/Src/stm32g0xx_hal_timebase_tim.o
 .ARM.attributes
                0x0000017e       0x2c ./Core/Src/stm32g0xx_it.o
 .ARM.attributes
                0x000001aa       0x2c ./Core/Src/sysmem.o
 .ARM.attributes
                0x000001d6       0x2c ./Core/Src/system_stm32g0xx.o
 .ARM.attributes
                0x00000202       0x2c ./Core/Src/tim.o
 .ARM.attributes
                0x0000022e       0x2c ./Core/Src/usart.o
 .ARM.attributes
                0x0000025a       0x22 ./Core/Startup/startup_stm32g070rbtx.o
 .ARM.attributes
                0x0000027c       0x2c ./Drivers/STM32G0xx_HAL_Driver/Src/stm32g0xx_hal.o
 .ARM.attributes
                0x000002a8       0x2c ./Drivers/STM32G0xx_HAL_Driver/Src/stm32g0xx_hal_cortex.o
 .ARM.attributes
                0x000002d4       0x2c ./Drivers/STM32G0xx_HAL_Driver/Src/stm32g0xx_hal_dma.o
 .ARM.attributes
                0x00000300       0x2c ./Drivers/STM32G0xx_HAL_Driver/Src/stm32g0xx_hal_gpio.o
 .ARM.attributes
                0x0000032c       0x2c ./Drivers/STM32G0xx_HAL_Driver/Src/stm32g0xx_hal_pwr_ex.o
 .ARM.attributes
                0x00000358       0x2c ./Drivers/STM32G0xx_HAL_Driver/Src/stm32g0xx_hal_rcc.o
 .ARM.attributes
                0x00000384       0x2c ./Drivers/STM32G0xx_HAL_Driver/Src/stm32g0xx_hal_rcc_ex.o
 .ARM.attributes
                0x000003b0       0x2c ./Drivers/STM32G0xx_HAL_Driver/Src/stm32g0xx_hal_spi.o
 .ARM.attributes
                0x000003dc       0x2c ./Drivers/STM32G0xx_HAL_Driver/Src/stm32g0xx_hal_tim.o
 .ARM.attributes
                0x00000408       0x2c ./Drivers/STM32G0xx_HAL_Driver/Src/stm32g0xx_hal_tim_ex.o
 .ARM.attributes
                0x00000434       0x2c ./Drivers/STM32G0xx_HAL_Driver/Src/stm32g0xx_hal_uart.o
 .ARM.attributes
                0x00000460       0x2c ./Drivers/STM32G0xx_HAL_Driver/Src/stm32g0xx_hal_uart_ex.o
 .ARM.attributes
                0x0000048c       0x2c ./FATFS/App/app_fatfs.o
 .ARM.attributes
                0x000004b8       0x2c ./FATFS/Target/user_diskio.o
 .ARM.attributes
                0x000004e4       0x2c ./FATFS/Target/user_diskio_spi.o
 .ARM.attributes
                0x00000510       0x2c ./Middlewares/Third_Party/FatFs/src/diskio.o
 .ARM.attributes
                0x0000053c       0x2c ./Middlewares/Third_Party/FatFs/src/ff.o
 .ARM.attributes
                0x00000568       0x2c ./Middlewares/Third_Party/FatFs/src/ff_gen_drv.o
 .ARM.attributes
                0x00000594       0x2c ./Middlewares/Third_Party/FatFs/src/option/syscall.o
 .ARM.attributes
                0x000005c0       0x2c ./Middlewares/Third_Party/FreeRTOS/Source/CMSIS_RTOS_V2/cmsis_os2.o
 .ARM.attributes
                0x000005ec       0x2c ./Middlewares/Third_Party/FreeRTOS/Source/list.o
 .ARM.attributes
                0x00000618       0x2c ./Middlewares/Third_Party/FreeRTOS/Source/queue.o
 .ARM.attributes
                0x00000644       0x2c ./Middlewares/Third_Party/FreeRTOS/Source/tasks.o
 .ARM.attributes
                0x00000670       0x2c ./Middlewares/Third_Party/FreeRTOS/Source/timers.o
 .ARM.attributes
                0x0000069c       0x2c ./Middlewares/Third_Party/FreeRTOS/Source/portable/GCC/ARM_CM0/port.o
 .ARM.attributes
                0x000006c8       0x2c ./Middlewares/Third_Party/FreeRTOS/Source/portable/MemMang/heap_4.o
 .ARM.attributes
                0x000006f4       0x2c /Applications/STM32CubeIDE.app/Contents/Eclipse/plugins/com.st.stm32cube.ide.mcu.externaltools.gnu-tools-for-stm32.12.3.rel1.macos64_1.0.200.202406191456/tools/bin/../lib/gcc/arm-none-eabi/12.3.1/../../../../arm-none-eabi/lib/thumb/v6-m/nofp/libc_nano.a(libc_a-findfp.o)
 .ARM.attributes
                0x00000720       0x2c /Applications/STM32CubeIDE.app/Contents/Eclipse/plugins/com.st.stm32cube.ide.mcu.externaltools.gnu-tools-for-stm32.12.3.rel1.macos64_1.0.200.202406191456/tools/bin/../lib/gcc/arm-none-eabi/12.3.1/../../../../arm-none-eabi/lib/thumb/v6-m/nofp/libc_nano.a(libc_a-vsnprintf.o)
 .ARM.attributes
                0x0000074c       0x2c /Applications/STM32CubeIDE.app/Contents/Eclipse/plugins/com.st.stm32cube.ide.mcu.externaltools.gnu-tools-for-stm32.12.3.rel1.macos64_1.0.200.202406191456/tools/bin/../lib/gcc/arm-none-eabi/12.3.1/../../../../arm-none-eabi/lib/thumb/v6-m/nofp/libc_nano.a(libc_a-memset.o)
 .ARM.attributes
                0x00000778       0x2c /Applications/STM32CubeIDE.app/Contents/Eclipse/plugins/com.st.stm32cube.ide.mcu.externaltools.gnu-tools-for-stm32.12.3.rel1.macos64_1.0.200.202406191456/tools/bin/../lib/gcc/arm-none-eabi/12.3.1/../../../../arm-none-eabi/lib/thumb/v6-m/nofp/libc_nano.a(libc_a-reent.o)
 .ARM.attributes
                0x000007a4       0x2c /Applications/STM32CubeIDE.app/Contents/Eclipse/plugins/com.st.stm32cube.ide.mcu.externaltools.gnu-tools-for-stm32.12.3.rel1.macos64_1.0.200.202406191456/tools/bin/../lib/gcc/arm-none-eabi/12.3.1/../../../../arm-none-eabi/lib/thumb/v6-m/nofp/libc_nano.a(libc_a-impure.o)
 .ARM.attributes
                0x000007d0       0x2c /Applications/STM32CubeIDE.app/Contents/Eclipse/plugins/com.st.stm32cube.ide.mcu.externaltools.gnu-tools-for-stm32.12.3.rel1.macos64_1.0.200.202406191456/tools/bin/../lib/gcc/arm-none-eabi/12.3.1/../../../../arm-none-eabi/lib/thumb/v6-m/nofp/libc_nano.a(libc_a-errno.o)
 .ARM.attributes
                0x000007fc       0x2c /Applications/STM32CubeIDE.app/Contents/Eclipse/plugins/com.st.stm32cube.ide.mcu.externaltools.gnu-tools-for-stm32.12.3.rel1.macos64_1.0.200.202406191456/tools/bin/../lib/gcc/arm-none-eabi/12.3.1/../../../../arm-none-eabi/lib/thumb/v6-m/nofp/libc_nano.a(libc_a-init.o)
 .ARM.attributes
                0x00000828       0x2c /Applications/STM32CubeIDE.app/Contents/Eclipse/plugins/com.st.stm32cube.ide.mcu.externaltools.gnu-tools-for-stm32.12.3.rel1.macos64_1.0.200.202406191456/tools/bin/../lib/gcc/arm-none-eabi/12.3.1/../../../../arm-none-eabi/lib/thumb/v6-m/nofp/libc_nano.a(libc_a-lock.o)
 .ARM.attributes
                0x00000854       0x2c /Applications/STM32CubeIDE.app/Contents/Eclipse/plugins/com.st.stm32cube.ide.mcu.externaltools.gnu-tools-for-stm32.12.3.rel1.macos64_1.0.200.202406191456/tools/bin/../lib/gcc/arm-none-eabi/12.3.1/../../../../arm-none-eabi/lib/thumb/v6-m/nofp/libc_nano.a(libc_a-memcpy-stub.o)
 .ARM.attributes
                0x00000880       0x1c /Applications/STM32CubeIDE.app/Contents/Eclipse/plugins/com.st.stm32cube.ide.mcu.externaltools.gnu-tools-for-stm32.12.3.rel1.macos64_1.0.200.202406191456/tools/bin/../lib/gcc/arm-none-eabi/12.3.1/../../../../arm-none-eabi/lib/thumb/v6-m/nofp/libc_nano.a(libc_a-strlen.o)
 .ARM.attributes
                0x0000089c       0x2c /Applications/STM32CubeIDE.app/Contents/Eclipse/plugins/com.st.stm32cube.ide.mcu.externaltools.gnu-tools-for-stm32.12.3.rel1.macos64_1.0.200.202406191456/tools/bin/../lib/gcc/arm-none-eabi/12.3.1/../../../../arm-none-eabi/lib/thumb/v6-m/nofp/libc_nano.a(libc_a-freer.o)
 .ARM.attributes
                0x000008c8       0x2c /Applications/STM32CubeIDE.app/Contents/Eclipse/plugins/com.st.stm32cube.ide.mcu.externaltools.gnu-tools-for-stm32.12.3.rel1.macos64_1.0.200.202406191456/tools/bin/../lib/gcc/arm-none-eabi/12.3.1/../../../../arm-none-eabi/lib/thumb/v6-m/nofp/libc_nano.a(libc_a-nano-svfprintf.o)
 .ARM.attributes
                0x000008f4       0x2c /Applications/STM32CubeIDE.app/Contents/Eclipse/plugins/com.st.stm32cube.ide.mcu.externaltools.gnu-tools-for-stm32.12.3.rel1.macos64_1.0.200.202406191456/tools/bin/../lib/gcc/arm-none-eabi/12.3.1/../../../../arm-none-eabi/lib/thumb/v6-m/nofp/libc_nano.a(libc_a-mallocr.o)
 .ARM.attributes
                0x00000920       0x2c /Applications/STM32CubeIDE.app/Contents/Eclipse/plugins/com.st.stm32cube.ide.mcu.externaltools.gnu-tools-for-stm32.12.3.rel1.macos64_1.0.200.202406191456/tools/bin/../lib/gcc/arm-none-eabi/12.3.1/../../../../arm-none-eabi/lib/thumb/v6-m/nofp/libc_nano.a(libc_a-nano-vfprintf_i.o)
 .ARM.attributes
                0x0000094c       0x2c /Applications/STM32CubeIDE.app/Contents/Eclipse/plugins/com.st.stm32cube.ide.mcu.externaltools.gnu-tools-for-stm32.12.3.rel1.macos64_1.0.200.202406191456/tools/bin/../lib/gcc/arm-none-eabi/12.3.1/../../../../arm-none-eabi/lib/thumb/v6-m/nofp/libc_nano.a(libc_a-mlock.o)
 .ARM.attributes
                0x00000978       0x2c /Applications/STM32CubeIDE.app/Contents/Eclipse/plugins/com.st.stm32cube.ide.mcu.externaltools.gnu-tools-for-stm32.12.3.rel1.macos64_1.0.200.202406191456/tools/bin/../lib/gcc/arm-none-eabi/12.3.1/../../../../arm-none-eabi/lib/thumb/v6-m/nofp/libc_nano.a(libc_a-reallocr.o)
 .ARM.attributes
                0x000009a4       0x2c /Applications/STM32CubeIDE.app/Contents/Eclipse/plugins/com.st.stm32cube.ide.mcu.externaltools.gnu-tools-for-stm32.12.3.rel1.macos64_1.0.200.202406191456/tools/bin/../lib/gcc/arm-none-eabi/12.3.1/../../../../arm-none-eabi/lib/thumb/v6-m/nofp/libc_nano.a(libc_a-memmove.o)
 .ARM.attributes
                0x000009d0       0x2c /Applications/STM32CubeIDE.app/Contents/Eclipse/plugins/com.st.stm32cube.ide.mcu.externaltools.gnu-tools-for-stm32.12.3.rel1.macos64_1.0.200.202406191456/tools/bin/../lib/gcc/arm-none-eabi/12.3.1/../../../../arm-none-eabi/lib/thumb/v6-m/nofp/libc_nano.a(libc_a-sbrkr.o)
 .ARM.attributes
                0x000009fc       0x2c /Applications/STM32CubeIDE.app/Contents/Eclipse/plugins/com.st.stm32cube.ide.mcu.externaltools.gnu-tools-for-stm32.12.3.rel1.macos64_1.0.200.202406191456/tools/bin/../lib/gcc/arm-none-eabi/12.3.1/../../../../arm-none-eabi/lib/thumb/v6-m/nofp/libc_nano.a(libc_a-memchr-stub.o)
 .ARM.attributes
                0x00000a28       0x2c /Applications/STM32CubeIDE.app/Contents/Eclipse/plugins/com.st.stm32cube.ide.mcu.externaltools.gnu-tools-for-stm32.12.3.rel1.macos64_1.0.200.202406191456/tools/bin/../lib/gcc/arm-none-eabi/12.3.1/../../../../arm-none-eabi/lib/thumb/v6-m/nofp/libc_nano.a(libc_a-msizer.o)
 .ARM.attributes
                0x00000a54       0x1e /Applications/STM32CubeIDE.app/Contents/Eclipse/plugins/com.st.stm32cube.ide.mcu.externaltools.gnu-tools-for-stm32.12.3.rel1.macos64_1.0.200.202406191456/tools/bin/../lib/gcc/arm-none-eabi/12.3.1/thumb/v6-m/nofp/libgcc.a(_thumb1_case_shi.o)
 .ARM.attributes
                0x00000a72       0x1e /Applications/STM32CubeIDE.app/Contents/Eclipse/plugins/com.st.stm32cube.ide.mcu.externaltools.gnu-tools-for-stm32.12.3.rel1.macos64_1.0.200.202406191456/tools/bin/../lib/gcc/arm-none-eabi/12.3.1/thumb/v6-m/nofp/libgcc.a(_udivsi3.o)
 .ARM.attributes
                0x00000a90       0x1e /Applications/STM32CubeIDE.app/Contents/Eclipse/plugins/com.st.stm32cube.ide.mcu.externaltools.gnu-tools-for-stm32.12.3.rel1.macos64_1.0.200.202406191456/tools/bin/../lib/gcc/arm-none-eabi/12.3.1/thumb/v6-m/nofp/libgcc.a(_divsi3.o)
 .ARM.attributes
                0x00000aae       0x1e /Applications/STM32CubeIDE.app/Contents/Eclipse/plugins/com.st.stm32cube.ide.mcu.externaltools.gnu-tools-for-stm32.12.3.rel1.macos64_1.0.200.202406191456/tools/bin/../lib/gcc/arm-none-eabi/12.3.1/thumb/v6-m/nofp/libgcc.a(_dvmd_tls.o)
 .ARM.attributes
                0x00000acc       0x1e /Applications/STM32CubeIDE.app/Contents/Eclipse/plugins/com.st.stm32cube.ide.mcu.externaltools.gnu-tools-for-stm32.12.3.rel1.macos64_1.0.200.202406191456/tools/bin/../lib/gcc/arm-none-eabi/12.3.1/thumb/v6-m/nofp/crtn.o
OUTPUT(Capstone.elf elf32-littlearm)
LOAD linker stubs
LOAD /Applications/STM32CubeIDE.app/Contents/Eclipse/plugins/com.st.stm32cube.ide.mcu.externaltools.gnu-tools-for-stm32.12.3.rel1.macos64_1.0.200.202406191456/tools/bin/../lib/gcc/arm-none-eabi/12.3.1/../../../../arm-none-eabi/lib/thumb/v6-m/nofp/libc.a
LOAD /Applications/STM32CubeIDE.app/Contents/Eclipse/plugins/com.st.stm32cube.ide.mcu.externaltools.gnu-tools-for-stm32.12.3.rel1.macos64_1.0.200.202406191456/tools/bin/../lib/gcc/arm-none-eabi/12.3.1/../../../../arm-none-eabi/lib/thumb/v6-m/nofp/libm.a
LOAD /Applications/STM32CubeIDE.app/Contents/Eclipse/plugins/com.st.stm32cube.ide.mcu.externaltools.gnu-tools-for-stm32.12.3.rel1.macos64_1.0.200.202406191456/tools/bin/../lib/gcc/arm-none-eabi/12.3.1/thumb/v6-m/nofp/libgcc.a

.debug_info     0x00000000    0x22829
 .debug_info    0x00000000      0x664 ./Core/Src/app_freertos.o
 .debug_info    0x00000664      0x34d ./Core/Src/dma.o
 .debug_info    0x000009b1      0x414 ./Core/Src/gpio.o
 .debug_info    0x00000dc5     0x145d ./Core/Src/main.o
 .debug_info    0x00002222      0xb3e ./Core/Src/spi.o
 .debug_info    0x00002d60      0x35c ./Core/Src/stm32g0xx_hal_msp.o
 .debug_info    0x000030bc      0xb73 ./Core/Src/stm32g0xx_hal_timebase_tim.o
 .debug_info    0x00003c2f      0xacf ./Core/Src/stm32g0xx_it.o
 .debug_info    0x000046fe      0x168 ./Core/Src/sysmem.o